transactions.csv
STORE,CALENDAR_DATE,PRICE,QUANTITY,SELL_ID,SELL_CATEGORY,ITEM_ID,ITEM_NAME,YEAR,HOLIDAY,IS_WEEKEND,IS_SCHOOLBREAK,AVERAGE_TEMPERATURE,IS_OUTDOOR,weekdays,day,month,SEASONS
1,2012-01-01,15.5,46,1070,0,7821,BURGER,2012,New Year,1,0,24.8,0,Sunday,1,January,Winter
1,2012-01-02,15.5,70,1070,0,7821,BURGER,2012,New Year,0,0,24.8,0,Monday,2,January,Winter
1,2012-01-03,15.5,62,1070,0,7821,BURGER,2012,New Year,0,0,32.0,1,Tuesday,3,January,Winter
1,2012-01-04,15.5,88,1070,0,7821,BURGER,2012,Non Holiday,0,0,32.0,1,Wednesday,4,January,Winter
1,2012-01-05,15.5,104,1070,0,7821,BURGER,2012,Non Holiday,0,0,24.8,0,Thursday,5,January,Winter
1,2012-01-06,15.5,100,1070,0,7821,BURGER,2012,Non Holiday,0,0,23.0,0,Friday,6,January,Winter
1,2012-01-07,15.5,70,1070,0,7821,BURGER,2012,Non Holiday,1,0,26.6,0,Saturday,7,January,Winter
1,2012-01-08,15.5,70,1070,0,7821,BURGER,2012,Non Holiday,1,0,26.6,0,Sunday,8,January,Winter
1,2012-01-09,15.5,106,1070,0,7821,BURGER,2012,Non Holiday,0,0,23.0,0,Monday,9,January,Winter
1,2012-01-10,15.5,108,1070,0,7821,BURGER,2012,Non Holiday,0,0,24.8,0,Tuesday,10,January,Winter
1,2012-01-11,15.5,104,1070,0,7821,BURGER,2012,Non Holiday,0,0,21.2,0,Wednesday,11,January,Winter
1,2012-01-12,15.5,102,1070,0,7821,BURGER,2012,Non Holiday,0,0,24.8,0,Thursday,12,January,Winter
1,2012-01-13,15.5,100,1070,0,7821,BURGER,2012,Non Holiday,0,0,26.6,0,Friday,13,January,Winter
1,2012-01-14,15.5,74,1070,0,7821,BURGER,2012,Non Holiday,1,0,23.0,0,Saturday,14,January,Winter
1,2012-01-15,15.5,60,1070,0,7821,BURGER,2012,Non Holiday,1,0,32.0,1,Sunday,15,January,Winter
1,2012-01-16,15.5,104,1070,0,7821,BURGER,2012,Non Holiday,0,0,23.0,0,Monday,16,January,Winter
1,2012-01-17,15.5,106,1070,0,7821,BURGER,2012,Non Holiday,0,0,23.0,0,Tuesday,17,January,Winter
1,2012-01-18,15.5,108,1070,0,7821,BURGER,2012,Non Holiday,0,0,23.0,0,Wednesday,18,January,Winter
1,2012-01-19,15.5,100,1070,0,7821,BURGER,2012,Non Holiday,0,0,24.8,0,Thursday,19,January,Winter
1,2012-01-20,15.5,100,1070,0,7821,BURGER,2012,Non Holiday,0,0,26.6,0,Friday,20,January,Winter
1,2012-01-21,15.5,70,1070,0,7821,BURGER,2012,Non Holiday,1,0,26.6,0,Saturday,21,January,Winter
1,2012-01-22,15.5,74,1070,0,7821,BURGER,2012,Non Holiday,1,0,24.8,0,Sunday,22,January,Winter
1,2012-01-23,15.5,108,1070,0,7821,BURGER,2012,Non Holiday,0,0,23.0,0,Monday,23,January,Winter
1,2012-01-24,15.5,100,1070,0,7821,BURGER,2012,Non Holiday,0,0,24.8,0,Tuesday,24,January,Winter
1,2012-01-25,15.5,100,1070,0,7821,BURGER,2012,Non Holiday,0,0,23.0,0,Wednesday,25,January,Winter
1,2012-01-26,15.5,106,1070,0,7821,BURGER,2012,Non Holiday,0,0,24.8,0,Thursday,26,January,Winter
1,2012-01-27,15.5,86,1070,0,7821,BURGER,2012,Non Holiday,0,0,32.0,1,Friday,27,January,Winter
1,2012-01-28,15.5,62,1070,0,7821,BURGER,2012,Non Holiday,1,0,32.0,1,Saturday,28,January,Winter
1,2012-01-29,15.5,70,1070,0,7821,BURGER,2012,Non Holiday,1,0,23.0,0,Sunday,29,January,Winter
1,2012-01-30,15.5,106,1070,0,7821,BURGER,2012,Non Holiday,0,0,28.4,0,Monday,30,January,Winter
1,2012-01-31,15.5,84,1070,0,7821,BURGER,2012,Non Holiday,0,0,32.0,1,Tuesday,31,January,Winter
1,2012-02-01,15.5,90,1070,0,7821,BURGER,2012,Non Holiday,0,0,32.0,1,Wednesday,1,February,Spring
1,2012-02-02,15.5,64,1070,0,7821,BURGER,2012,Luner New Year,0,0,32.0,1,Thursday,2,February,Spring
1,2012-02-03,15.5,62,1070,0,7821,BURGER,2012,Luner New Year,0,0,32.0,1,Friday,3,February,Spring
1,2012-02-04,15.5,42,1070,0,7821,BURGER,2012,Luner New Year,1,0,32.0,1,Saturday,4,February,Spring
1,2012-02-05,15.5,38,1070,0,7821,BURGER,2012,Luner New Year,1,0,32.0,1,Sunday,5,February,Spring
1,2012-02-06,15.5,56,1070,0,7821,BURGER,2012,Luner New Year,0,0,32.0,1,Monday,6,February,Spring
1,2012-02-07,15.5,56,1070,0,7821,BURGER,2012,Luner New Year,0,0,32.0,1,Tuesday,7,February,Spring
1,2012-02-08,15.5,60,1070,0,7821,BURGER,2012,Luner New Year,0,0,32.0,1,Wednesday,8,February,Spring
1,2012-02-09,15.5,88,1070,0,7821,BURGER,2012,Non Holiday,0,0,32.0,1,Thursday,9,February,Spring
1,2012-02-10,15.5,90,1070,0,7821,BURGER,2012,Non Holiday,0,0,32.0,1,Friday,10,February,Spring
1,2012-02-11,15.5,76,1070,0,7821,BURGER,2012,Non Holiday,1,0,24.8,0,Saturday,11,February,Spring
1,2012-02-12,15.5,72,1070,0,7821,BURGER,2012,Non Holiday,1,0,24.8,0,Sunday,12,February,Spring
1,2012-02-13,15.5,90,1070,0,7821,BURGER,2012,Non Holiday,0,0,32.0,1,Monday,13,February,Spring
1,2012-02-14,15.5,82,1070,0,7821,BURGER,2012,Non Holiday,0,0,32.0,1,Tuesday,14,February,Spring
1,2012-02-15,15.5,86,1070,0,7821,BURGER,2012,Non Holiday,0,0,32.0,1,Wednesday,15,February,Spring
1,2012-02-16,15.5,86,1070,0,7821,BURGER,2012,Non Holiday,0,0,32.0,1,Thursday,16,February,Spring
1,2012-02-17,15.5,84,1070,0,7821,BURGER,2012,Non Holiday,0,0,32.0,1,Friday,17,February,Spring
1,2012-02-18,15.5,62,1070,0,7821,BURGER,2012,Non Holiday,1,0,32.0,1,Saturday,18,February,Spring
1,2012-02-19,15.5,60,1070,0,7821,BURGER,2012,Non Holiday,1,0,37.4,1,Sunday,19,February,Spring
1,2012-02-20,15.5,88,1070,0,7821,BURGER,2012,Non Holiday,0,0,37.4,1,Monday,20,February,Spring
1,2012-02-21,15.5,90,1070,0,7821,BURGER,2012,Non Holiday,0,0,39.2,1,Tuesday,21,February,Spring
1,2012-02-22,15.5,90,1070,0,7821,BURGER,2012,Non Holiday,0,0,39.2,1,Wednesday,22,February,Spring
1,2012-02-23,15.5,88,1070,0,7821,BURGER,2012,Non Holiday,0,0,42.8,1,Thursday,23,February,Spring
1,2012-02-24,15.5,82,1070,0,7821,BURGER,2012,Non Holiday,0,0,39.2,1,Friday,24,February,Spring
1,2012-02-25,15.5,62,1070,0,7821,BURGER,2012,Non Holiday,1,0,37.4,1,Saturday,25,February,Spring
1,2012-02-26,15.5,60,1070,0,7821,BURGER,2012,Non Holiday,1,0,32.0,1,Sunday,26,February,Spring
1,2012-02-27,15.5,82,1070,0,7821,BURGER,2012,Non Holiday,0,0,30.2,1,Monday,27,February,Spring
1,2012-02-28,15.5,86,1070,0,7821,BURGER,2012,Non Holiday,0,0,33.8,1,Tuesday,28,February,Spring
1,2012-03-01,15.5,84,1070,0,7821,BURGER,2012,Non Holiday,0,0,33.8,1,Thursday,1,March,Spring
1,2012-03-02,15.5,86,1070,0,7821,BURGER,2012,Non Holiday,0,0,35.6,1,Friday,2,March,Spring
1,2012-03-03,15.5,64,1070,0,7821,BURGER,2012,Non Holiday,1,0,35.6,1,Saturday,3,March,Spring
1,2012-03-04,15.5,62,1070,0,7821,BURGER,2012,Non Holiday,1,0,41.0,1,Sunday,4,March,Spring
1,2012-03-05,15.5,88,1070,0,7821,BURGER,2012,Non Holiday,0,0,44.6,1,Monday,5,March,Spring
1,2012-03-06,15.5,86,1070,0,7821,BURGER,2012,Non Holiday,0,0,39.2,1,Tuesday,6,March,Spring
1,2012-03-07,15.5,84,1070,0,7821,BURGER,2012,Non Holiday,0,0,39.2,1,Wednesday,7,March,Spring
1,2012-03-08,15.5,86,1070,0,7821,BURGER,2012,Non Holiday,0,0,39.2,1,Thursday,8,March,Spring
1,2012-03-09,15.5,90,1070,0,7821,BURGER,2012,Non Holiday,0,0,41.0,1,Friday,9,March,Spring
1,2012-03-10,15.5,56,1070,0,7821,BURGER,2012,Non Holiday,1,0,46.4,1,Saturday,10,March,Spring
1,2012-03-11,15.5,64,1070,0,7821,BURGER,2012,Non Holiday,1,0,50.0,1,Sunday,11,March,Spring
1,2012-03-12,15.5,84,1070,0,7821,BURGER,2012,Non Holiday,0,0,55.4,1,Monday,12,March,Spring
1,2012-03-13,15.5,88,1070,0,7821,BURGER,2012,Non Holiday,0,0,50.0,1,Tuesday,13,March,Spring
1,2012-03-14,15.5,84,1070,0,7821,BURGER,2012,Non Holiday,0,0,41.0,1,Wednesday,14,March,Spring
1,2012-03-15,15.5,86,1070,0,7821,BURGER,2012,Non Holiday,0,0,37.4,1,Thursday,15,March,Spring
1,2012-03-16,15.5,88,1070,0,7821,BURGER,2012,Non Holiday,0,0,42.8,1,Friday,16,March,Spring
1,2012-03-17,15.5,56,1070,0,7821,BURGER,2012,Non Holiday,1,0,50.0,1,Saturday,17,March,Spring
1,2012-03-18,15.5,60,1070,0,7821,BURGER,2012,Non Holiday,1,0,44.6,1,Sunday,18,March,Spring
1,2012-03-19,15.5,88,1070,0,7821,BURGER,2012,Non Holiday,0,0,46.4,1,Monday,19,March,Spring
1,2012-03-20,15.5,84,1070,0,7821,BURGER,2012,Non Holiday,0,0,44.6,1,Tuesday,20,March,Spring
1,2012-03-21,15.5,90,1070,0,7821,BURGER,2012,Non Holiday,0,0,37.4,1,Wednesday,21,March,Spring
1,2012-03-22,15.5,90,1070,0,7821,BURGER,2012,Non Holiday,0,0,39.2,1,Thursday,22,March,Spring
1,2012-03-23,15.5,90,1070,0,7821,BURGER,2012,Non Holiday,0,0,42.8,1,Friday,23,March,Spring
1,2012-03-24,15.5,56,1070,0,7821,BURGER,2012,Non Holiday,1,0,42.8,1,Saturday,24,March,Spring
1,2012-03-25,15.5,62,1070,0,7821,BURGER,2012,Non Holiday,1,0,42.8,1,Sunday,25,March,Spring
1,2012-03-26,15.5,90,1070,0,7821,BURGER,2012,Non Holiday,0,0,46.4,1,Monday,26,March,Spring
1,2012-03-27,15.5,90,1070,0,7821,BURGER,2012,Non Holiday,0,0,48.2,1,Tuesday,27,March,Spring
1,2012-03-28,15.5,88,1070,0,7821,BURGER,2012,Non Holiday,0,0,50.0,1,Wednesday,28,March,Spring
1,2012-03-29,15.5,86,1070,0,7821,BURGER,2012,Non Holiday,0,0,51.8,1,Thursday,29,March,Spring
1,2012-03-30,15.5,84,1070,0,7821,BURGER,2012,Non Holiday,0,0,57.2,1,Friday,30,March,Spring
1,2012-03-31,15.5,60,1070,0,7821,BURGER,2012,Non Holiday,1,0,57.2,1,Saturday,31,March,Spring
1,2012-04-01,15.5,58,1070,0,7821,BURGER,2012,Non Holiday,1,0,44.6,1,Sunday,1,April,Spring
1,2012-04-02,15.5,82,1070,0,7821,BURGER,2012,Non Holiday,0,0,44.6,1,Monday,2,April,Spring
1,2012-04-03,15.5,64,1070,0,7821,BURGER,2012,Qing Ming Festival,0,0,48.2,1,Tuesday,3,April,Spring
1,2012-04-04,15.5,58,1070,0,7821,BURGER,2012,Qing Ming Festival,0,0,53.6,1,Wednesday,4,April,Spring
1,2012-04-05,15.5,62,1070,0,7821,BURGER,2012,Qing Ming Festival,0,0,57.2,1,Thursday,5,April,Spring
1,2012-04-06,15.5,82,1070,0,7821,BURGER,2012,Non Holiday,0,0,55.4,1,Friday,6,April,Spring
1,2012-04-07,15.5,64,1070,0,7821,BURGER,2012,Non Holiday,1,0,53.6,1,Saturday,7,April,Spring
1,2012-04-08,15.5,64,1070,0,7821,BURGER,2012,Non Holiday,1,0,55.4,1,Sunday,8,April,Spring
1,2012-04-09,15.5,86,1070,0,7821,BURGER,2012,Non Holiday,0,0,60.8,1,Monday,9,April,Spring
1,2012-04-10,15.5,88,1070,0,7821,BURGER,2012,Non Holiday,0,0,50.0,1,Tuesday,10,April,Spring
1,2012-04-11,15.5,84,1070,0,7821,BURGER,2012,Non Holiday,0,0,57.2,1,Wednesday,11,April,Spring
1,2012-04-12,15.5,82,1070,0,7821,BURGER,2012,Non Holiday,0,0,62.6,1,Thursday,12,April,Spring
1,2012-04-13,15.5,90,1070,0,7821,BURGER,2012,Non Holiday,0,0,66.2,1,Friday,13,April,Spring
1,2012-04-14,15.5,64,1070,0,7821,BURGER,2012,Non Holiday,1,0,69.8,1,Saturday,14,April,Spring
1,2012-04-15,15.5,58,1070,0,7821,BURGER,2012,Non Holiday,1,0,60.8,1,Sunday,15,April,Spring
1,2012-04-16,15.5,82,1070,0,7821,BURGER,2012,Non Holiday,0,0,66.2,1,Monday,16,April,Spring
1,2012-04-17,15.5,82,1070,0,7821,BURGER,2012,Non Holiday,0,0,57.2,1,Tuesday,17,April,Spring
1,2012-04-18,15.5,90,1070,0,7821,BURGER,2012,Non Holiday,0,0,57.2,1,Wednesday,18,April,Spring
1,2012-04-19,15.5,88,1070,0,7821,BURGER,2012,Non Holiday,0,0,62.6,1,Thursday,19,April,Spring
1,2012-04-20,15.5,86,1070,0,7821,BURGER,2012,Non Holiday,0,0,66.2,1,Friday,20,April,Spring
1,2012-04-21,15.5,56,1070,0,7821,BURGER,2012,Non Holiday,1,0,53.6,1,Saturday,21,April,Spring
1,2012-04-22,15.5,64,1070,0,7821,BURGER,2012,Non Holiday,1,0,57.2,1,Sunday,22,April,Spring
1,2012-04-23,15.5,90,1070,0,7821,BURGER,2012,Non Holiday,0,0,55.4,1,Monday,23,April,Spring
1,2012-04-24,15.5,82,1070,0,7821,BURGER,2012,Non Holiday,0,0,60.8,1,Tuesday,24,April,Spring
1,2012-04-25,15.5,88,1070,0,7821,BURGER,2012,Non Holiday,0,0,55.4,1,Wednesday,25,April,Spring
1,2012-04-26,15.5,82,1070,0,7821,BURGER,2012,Non Holiday,0,0,53.6,1,Thursday,26,April,Spring
1,2012-04-27,15.5,88,1070,0,7821,BURGER,2012,Non Holiday,0,0,60.8,1,Friday,27,April,Spring
1,2012-04-28,15.5,62,1070,0,7821,BURGER,2012,Non Holiday,1,0,64.4,1,Saturday,28,April,Spring
1,2012-04-29,15.5,58,1070,0,7821,BURGER,2012,Non Holiday,1,0,62.6,1,Sunday,29,April,Spring
1,2012-04-30,15.5,64,1070,0,7821,BURGER,2012,Labor Day,0,0,62.6,1,Monday,30,April,Spring
1,2012-05-01,15.0,64,1070,0,7821,BURGER,2012,Labor Day,0,0,66.2,1,Tuesday,1,May,Summer
1,2012-05-02,15.0,62,1070,0,7821,BURGER,2012,Labor Day,0,0,64.4,1,Wednesday,2,May,Summer
1,2012-05-03,15.0,86,1070,0,7821,BURGER,2012,Non Holiday,0,0,66.2,1,Thursday,3,May,Summer
1,2012-05-04,15.0,94,1070,0,7821,BURGER,2012,Non Holiday,0,0,60.8,1,Friday,4,May,Summer
1,2012-05-05,15.0,62,1070,0,7821,BURGER,2012,Non Holiday,1,0,64.4,1,Saturday,5,May,Summer
1,2012-05-06,15.0,66,1070,0,7821,BURGER,2012,Non Holiday,1,0,66.2,1,Sunday,6,May,Summer
1,2012-05-07,15.0,90,1070,0,7821,BURGER,2012,Non Holiday,0,0,68.0,1,Monday,7,May,Summer
1,2012-05-08,15.0,88,1070,0,7821,BURGER,2012,Non Holiday,0,0,59.0,1,Tuesday,8,May,Summer
1,2012-05-09,15.0,94,1070,0,7821,BURGER,2012,Non Holiday,0,0,69.8,1,Wednesday,9,May,Summer
1,2012-05-10,15.0,88,1070,0,7821,BURGER,2012,Non Holiday,0,0,66.2,1,Thursday,10,May,Summer
1,2012-05-11,15.0,94,1070,0,7821,BURGER,2012,Non Holiday,0,0,68.0,1,Friday,11,May,Summer
1,2012-05-12,15.0,60,1070,0,7821,BURGER,2012,Non Holiday,1,0,64.4,1,Saturday,12,May,Summer
1,2012-05-13,15.0,58,1070,0,7821,BURGER,2012,Non Holiday,1,0,69.8,1,Sunday,13,May,Summer
1,2012-05-14,15.0,94,1070,0,7821,BURGER,2012,Non Holiday,0,0,71.6,1,Monday,14,May,Summer
1,2012-05-15,15.0,86,1070,0,7821,BURGER,2012,Non Holiday,0,0,66.2,1,Tuesday,15,May,Summer
1,2012-05-16,15.0,88,1070,0,7821,BURGER,2012,Non Holiday,0,0,69.8,1,Wednesday,16,May,Summer
1,2012-05-17,15.0,90,1070,0,7821,BURGER,2012,Non Holiday,0,0,71.6,1,Thursday,17,May,Summer
1,2012-05-18,15.0,92,1070,0,7821,BURGER,2012,Non Holiday,0,0,75.2,1,Friday,18,May,Summer
1,2012-05-19,15.0,58,1070,0,7821,BURGER,2012,Non Holiday,1,0,68.0,1,Saturday,19,May,Summer
1,2012-05-20,15.0,62,1070,0,7821,BURGER,2012,Non Holiday,1,0,64.4,1,Sunday,20,May,Summer
1,2012-05-21,15.0,92,1070,0,7821,BURGER,2012,Non Holiday,0,0,66.2,1,Monday,21,May,Summer
1,2012-05-22,15.0,90,1070,0,7821,BURGER,2012,Non Holiday,0,0,71.6,1,Tuesday,22,May,Summer
1,2012-05-23,15.0,90,1070,0,7821,BURGER,2012,Non Holiday,0,0,73.4,1,Wednesday,23,May,Summer
1,2012-05-24,15.0,90,1070,0,7821,BURGER,2012,Non Holiday,0,0,73.4,1,Thursday,24,May,Summer
1,2012-05-25,15.0,88,1070,0,7821,BURGER,2012,Non Holiday,0,0,71.6,1,Friday,25,May,Summer
1,2012-05-26,15.0,60,1070,0,7821,BURGER,2012,Non Holiday,1,0,71.6,1,Saturday,26,May,Summer
1,2012-05-27,15.0,60,1070,0,7821,BURGER,2012,Non Holiday,1,0,73.4,1,Sunday,27,May,Summer
1,2012-05-28,15.0,86,1070,0,7821,BURGER,2012,Non Holiday,0,0,80.6,1,Monday,28,May,Summer
1,2012-05-29,15.0,90,1070,0,7821,BURGER,2012,Non Holiday,0,0,71.6,1,Tuesday,29,May,Summer
1,2012-05-30,15.0,90,1070,0,7821,BURGER,2012,Non Holiday,0,0,75.2,1,Wednesday,30,May,Summer
1,2012-05-31,15.0,88,1070,0,7821,BURGER,2012,Non Holiday,0,0,73.4,1,Thursday,31,May,Summer
1,2012-06-01,15.0,86,1070,0,7821,BURGER,2012,Non Holiday,0,0,77.0,1,Friday,1,June,Summer
1,2012-06-02,15.0,60,1070,0,7821,BURGER,2012,Non Holiday,1,0,82.4,1,Saturday,2,June,Summer
1,2012-06-03,15.0,66,1070,0,7821,BURGER,2012,Non Holiday,1,0,78.8,1,Sunday,3,June,Summer
1,2012-06-04,15.0,58,1070,0,7821,BURGER,2012,Dragon Boat Festivel,0,0,78.8,1,Monday,4,June,Summer
1,2012-06-05,15.0,62,1070,0,7821,BURGER,2012,Dragon Boat Festivel,0,0,80.6,1,Tuesday,5,June,Summer
1,2012-06-06,15.0,62,1070,0,7821,BURGER,2012,Dragon Boat Festivel,0,0,78.8,1,Wednesday,6,June,Summer
1,2012-06-07,15.0,92,1070,0,7821,BURGER,2012,Non Holiday,0,0,82.4,1,Thursday,7,June,Summer
1,2012-06-08,15.0,92,1070,0,7821,BURGER,2012,Non Holiday,0,0,80.6,1,Friday,8,June,Summer
1,2012-06-09,15.0,64,1070,0,7821,BURGER,2012,Non Holiday,1,0,82.4,1,Saturday,9,June,Summer
1,2012-06-10,15.0,62,1070,0,7821,BURGER,2012,Non Holiday,1,0,75.2,1,Sunday,10,June,Summer
1,2012-06-11,15.0,92,1070,0,7821,BURGER,2012,Non Holiday,0,0,73.4,1,Monday,11,June,Summer
1,2012-06-12,15.0,90,1070,0,7821,BURGER,2012,Non Holiday,0,0,80.6,1,Tuesday,12,June,Summer
1,2012-06-13,15.0,88,1070,0,7821,BURGER,2012,Non Holiday,0,0,82.4,1,Wednesday,13,June,Summer
1,2012-06-14,15.0,88,1070,0,7821,BURGER,2012,Non Holiday,0,0,82.4,1,Thursday,14,June,Summer
1,2012-06-15,15.0,94,1070,0,7821,BURGER,2012,Non Holiday,0,0,77.0,1,Friday,15,June,Summer
1,2012-06-16,15.0,64,1070,0,7821,BURGER,2012,Non Holiday,1,0,73.4,1,Saturday,16,June,Summer
1,2012-06-17,15.0,60,1070,0,7821,BURGER,2012,Non Holiday,1,0,77.0,1,Sunday,17,June,Summer
1,2012-06-18,15.0,92,1070,0,7821,BURGER,2012,Non Holiday,0,0,80.6,1,Monday,18,June,Summer
1,2012-06-19,15.0,86,1070,0,7821,BURGER,2012,Non Holiday,0,0,82.4,1,Tuesday,19,June,Summer
1,2012-06-20,15.0,94,1070,0,7821,BURGER,2012,Non Holiday,0,0,82.4,1,Wednesday,20,June,Summer
1,2012-06-21,15.0,92,1070,0,7821,BURGER,2012,Non Holiday,0,0,84.2,1,Thursday,21,June,Summer
1,2012-06-22,15.0,92,1070,0,7821,BURGER,2012,Non Holiday,0,0,78.8,1,Friday,22,June,Summer
1,2012-06-23,15.0,64,1070,0,7821,BURGER,2012,Non Holiday,1,0,73.4,1,Saturday,23,June,Summer
1,2012-06-24,15.0,62,1070,0,7821,BURGER,2012,Non Holiday,1,0,71.6,1,Sunday,24,June,Summer
1,2012-06-25,15.0,92,1070,0,7821,BURGER,2012,Non Holiday,0,0,75.2,1,Monday,25,June,Summer
1,2012-06-26,15.0,88,1070,0,7821,BURGER,2012,Non Holiday,0,0,78.8,1,Tuesday,26,June,Summer
1,2012-06-27,15.0,94,1070,0,7821,BURGER,2012,Non Holiday,0,0,80.6,1,Wednesday,27,June,Summer
1,2012-06-28,15.0,94,1070,0,7821,BURGER,2012,Non Holiday,0,0,80.6,1,Thursday,28,June,Summer
1,2012-06-29,15.0,94,1070,0,7821,BURGER,2012,Non Holiday,0,0,80.6,1,Friday,29,June,Summer
1,2012-06-30,15.0,64,1070,0,7821,BURGER,2012,Non Holiday,1,0,80.6,1,Saturday,30,June,Summer
1,2012-07-01,15.0,62,1070,0,7821,BURGER,2012,Non Holiday,1,0,80.6,1,Sunday,1,July,Summer
1,2012-07-02,15.0,90,1070,0,7821,BURGER,2012,Non Holiday,0,0,77.0,1,Monday,2,July,Summer
1,2012-07-03,15.0,90,1070,0,7821,BURGER,2012,Non Holiday,0,0,80.6,1,Tuesday,3,July,Summer
1,2012-07-04,15.0,92,1070,0,7821,BURGER,2012,Non Holiday,0,0,84.2,1,Wednesday,4,July,Summer
1,2012-07-05,15.0,94,1070,0,7821,BURGER,2012,Non Holiday,0,0,86.0,1,Thursday,5,July,Summer
1,2012-07-06,15.0,88,1070,0,7821,BURGER,2012,Non Holiday,0,0,80.6,1,Friday,6,July,Summer
1,2012-07-07,15.0,58,1070,0,7821,BURGER,2012,Non Holiday,1,0,78.8,1,Saturday,7,July,Summer
1,2012-07-08,15.0,64,1070,0,7821,BURGER,2012,Non Holiday,1,0,80.6,1,Sunday,8,July,Summer
1,2012-07-09,15.0,86,1070,0,7821,BURGER,2012,Non Holiday,0,0,82.4,1,Monday,9,July,Summer
1,2012-07-10,15.0,86,1070,0,7821,BURGER,2012,Non Holiday,0,0,82.4,1,Tuesday,10,July,Summer
1,2012-07-11,15.0,88,1070,0,7821,BURGER,2012,Non Holiday,0,0,80.6,1,Wednesday,11,July,Summer
