transactions.csv
STORE,CALENDAR_DATE,PRICE,QUANTITY,SELL_ID,SELL_CATEGORY,ITEM_ID,ITEM_NAME,YEAR,HOLIDAY,IS_WEEKEND,IS_SCHOOLBREAK,AVERAGE_TEMPERATURE,IS_OUTDOOR,weekdays,day,month,SEASONS
1,2012-07-12,15.0,86,1070,0,7821,BURGER,2012,Non Holiday,0,0,80.6,1,Thursday,12,July,Summer
1,2012-07-13,15.0,86,1070,0,7821,BURGER,2012,Non Holiday,0,0,82.4,1,Friday,13,July,Summer
1,2012-07-14,15.0,58,1070,0,7821,BURGER,2012,Non Holiday,1,0,80.6,1,Saturday,14,July,Summer
1,2012-07-15,15.0,64,1070,0,7821,BURGER,2012,Non Holiday,1,0,80.6,1,Sunday,15,July,Summer
1,2012-07-16,15.0,86,1070,0,7821,BURGER,2012,Non Holiday,0,0,78.8,1,Monday,16,July,Summer
1,2012-07-17,15.0,88,1070,0,7821,BURGER,2012,Non Holiday,0,0,77.0,1,Tuesday,17,July,Summer
1,2012-07-18,15.0,88,1070,0,7821,BURGER,2012,Non Holiday,0,0,75.2,1,Wednesday,18,July,Summer
1,2012-07-19,15.0,92,1070,0,7821,BURGER,2012,Non Holiday,0,0,77.0,1,Thursday,19,July,Summer
1,2012-07-20,15.0,90,1070,0,7821,BURGER,2012,Non Holiday,0,0,77.0,1,Friday,20,July,Summer
1,2012-07-21,15.0,60,1070,0,7821,BURGER,2012,Non Holiday,1,0,77.0,1,Saturday,21,July,Summer
1,2012-07-22,15.0,60,1070,0,7821,BURGER,2012,Non Holiday,1,0,82.4,1,Sunday,22,July,Summer
1,2012-07-23,15.0,94,1070,0,7821,BURGER,2012,Non Holiday,0,0,86.0,1,Monday,23,July,Summer
1,2012-07-24,15.0,86,1070,0,7821,BURGER,2012,Non Holiday,0,0,78.8,1,Tuesday,24,July,Summer
1,2012-07-25,15.0,92,1070,0,7821,BURGER,2012,Non Holiday,0,0,78.8,1,Wednesday,25,July,Summer
1,2012-07-26,15.0,90,1070,0,7821,BURGER,2012,Non Holiday,0,0,86.0,1,Thursday,26,July,Summer
1,2012-07-27,15.0,90,1070,0,7821,BURGER,2012,Non Holiday,0,0,84.2,1,Friday,27,July,Summer
1,2012-07-28,15.0,60,1070,0,7821,BURGER,2012,Non Holiday,1,0,84.2,1,Saturday,28,July,Summer
1,2012-07-29,15.0,66,1070,0,7821,BURGER,2012,Non Holiday,1,0,78.8,1,Sunday,29,July,Summer
1,2012-07-30,15.0,86,1070,0,7821,BURGER,2012,Non Holiday,0,0,80.6,1,Monday,30,July,Summer
1,2012-07-31,15.0,90,1070,0,7821,BURGER,2012,Non Holiday,0,0,84.2,1,Tuesday,31,July,Summer
1,2012-08-01,15.0,86,1070,0,7821,BURGER,2012,Non Holiday,0,0,86.0,1,Wednesday,1,August,Autumn
1,2012-08-02,15.0,90,1070,0,7821,BURGER,2012,Non Holiday,0,0,82.4,1,Thursday,2,August,Autumn
1,2012-08-03,15.0,90,1070,0,7821,BURGER,2012,Non Holiday,0,0,82.4,1,Friday,3,August,Autumn
1,2012-08-04,15.0,66,1070,0,7821,BURGER,2012,Non Holiday,1,0,82.4,1,Saturday,4,August,Autumn
1,2012-08-05,15.0,64,1070,0,7821,BURGER,2012,Non Holiday,1,0,80.6,1,Sunday,5,August,Autumn
1,2012-08-06,15.0,86,1070,0,7821,BURGER,2012,Non Holiday,0,0,80.6,1,Monday,6,August,Autumn
1,2012-08-07,15.0,90,1070,0,7821,BURGER,2012,Non Holiday,0,0,82.4,1,Tuesday,7,August,Autumn
1,2012-08-08,15.0,94,1070,0,7821,BURGER,2012,Non Holiday,0,0,84.2,1,Wednesday,8,August,Autumn
1,2012-08-09,15.0,92,1070,0,7821,BURGER,2012,Non Holiday,0,0,84.2,1,Thursday,9,August,Autumn
1,2012-08-10,15.0,86,1070,0,7821,BURGER,2012,Non Holiday,0,0,82.4,1,Friday,10,August,Autumn
1,2012-08-11,15.0,62,1070,0,7821,BURGER,2012,Non Holiday,1,0,84.2,1,Saturday,11,August,Autumn
1,2012-08-12,15.0,58,1070,0,7821,BURGER,2012,Non Holiday,1,0,84.2,1,Sunday,12,August,Autumn
1,2012-08-13,15.0,94,1070,0,7821,BURGER,2012,Non Holiday,0,0,82.4,1,Monday,13,August,Autumn
1,2012-08-14,15.0,90,1070,0,7821,BURGER,2012,Non Holiday,0,0,77.0,1,Tuesday,14,August,Autumn
1,2012-08-15,15.0,90,1070,0,7821,BURGER,2012,Non Holiday,0,0,75.2,1,Wednesday,15,August,Autumn
1,2012-08-16,15.0,88,1070,0,7821,BURGER,2012,Non Holiday,0,0,80.6,1,Thursday,16,August,Autumn
1,2012-08-17,15.0,94,1070,0,7821,BURGER,2012,Non Holiday,0,0,78.8,1,Friday,17,August,Autumn
1,2012-08-18,15.0,62,1070,0,7821,BURGER,2012,Non Holiday,1,0,75.2,1,Saturday,18,August,Autumn
1,2012-08-19,15.0,64,1070,0,7821,BURGER,2012,Non Holiday,1,0,77.0,1,Sunday,19,August,Autumn
1,2012-08-20,15.0,86,1070,0,7821,BURGER,2012,Non Holiday,0,0,78.8,1,Monday,20,August,Autumn
1,2012-08-21,15.0,90,1070,0,7821,BURGER,2012,Non Holiday,0,0,78.8,1,Tuesday,21,August,Autumn
1,2012-08-22,15.0,88,1070,0,7821,BURGER,2012,Non Holiday,0,0,77.0,1,Wednesday,22,August,Autumn
1,2012-08-23,15.0,88,1070,0,7821,BURGER,2012,Non Holiday,0,0,77.0,1,Thursday,23,August,Autumn
1,2012-08-24,15.0,86,1070,0,7821,BURGER,2012,Non Holiday,0,0,75.2,1,Friday,24,August,Autumn
1,2012-08-25,15.0,62,1070,0,7821,BURGER,2012,Non Holiday,1,0,73.4,1,Saturday,25,August,Autumn
1,2012-08-26,15.0,62,1070,0,7821,BURGER,2012,Non Holiday,1,0,75.2,1,Sunday,26,August,Autumn
1,2012-08-27,15.0,94,1070,0,7821,BURGER,2012,Non Holiday,0,0,75.2,1,Monday,27,August,Autumn
1,2012-08-28,15.0,90,1070,0,7821,BURGER,2012,Non Holiday,0,0,77.0,1,Tuesday,28,August,Autumn
1,2012-08-29,15.0,88,1070,0,7821,BURGER,2012,Non Holiday,0,0,78.8,1,Wednesday,29,August,Autumn
1,2012-08-30,15.0,90,1070,0,7821,BURGER,2012,Non Holiday,0,0,80.6,1,Thursday,30,August,Autumn
1,2012-08-31,15.0,94,1070,0,7821,BURGER,2012,Non Holiday,0,0,77.0,1,Friday,31,August,Autumn
1,2012-09-01,15.0,64,1070,0,7821,BURGER,2012,Non Holiday,1,0,73.4,1,Saturday,1,September,Autumn
1,2012-09-02,15.0,58,1070,0,7821,BURGER,2012,Non Holiday,1,0,75.2,1,Sunday,2,September,Autumn
1,2012-09-03,15.0,90,1070,0,7821,BURGER,2012,Non Holiday,0,0,71.6,1,Monday,3,September,Autumn
1,2012-09-04,15.0,90,1070,0,7821,BURGER,2012,Non Holiday,0,0,75.2,1,Tuesday,4,September,Autumn
1,2012-09-05,15.0,92,1070,0,7821,BURGER,2012,Non Holiday,0,0,77.0,1,Wednesday,5,September,Autumn
1,2012-09-06,15.0,86,1070,0,7821,BURGER,2012,Non Holiday,0,0,75.2,1,Thursday,6,September,Autumn
1,2012-09-07,15.0,90,1070,0,7821,BURGER,2012,Non Holiday,0,0,71.6,1,Friday,7,September,Autumn
1,2012-09-08,15.0,66,1070,0,7821,BURGER,2012,Non Holiday,1,0,68.0,1,Saturday,8,September,Autumn
1,2012-09-09,15.0,64,1070,0,7821,BURGER,2012,Non Holiday,1,0,66.2,1,Sunday,9,September,Autumn
1,2012-09-10,15.0,66,1070,0,7821,BURGER,2012,Mid-Autumn Day,0,0,60.8,1,Monday,10,September,Autumn
1,2012-09-11,15.0,58,1070,0,7821,BURGER,2012,Mid-Autumn Day,0,0,68.0,1,Tuesday,11,September,Autumn
1,2012-09-12,15.0,60,1070,0,7821,BURGER,2012,Mid-Autumn Day,0,0,68.0,1,Wednesday,12,September,Autumn
1,2012-09-13,15.0,86,1070,0,7821,BURGER,2012,Non Holiday,0,0,69.8,1,Thursday,13,September,Autumn
1,2012-09-14,15.0,90,1070,0,7821,BURGER,2012,Non Holiday,0,0,69.8,1,Friday,14,September,Autumn
1,2012-09-15,15.0,64,1070,0,7821,BURGER,2012,Non Holiday,1,0,69.8,1,Saturday,15,September,Autumn
1,2012-09-16,15.0,64,1070,0,7821,BURGER,2012,Non Holiday,1,0,62.6,1,Sunday,16,September,Autumn
1,2012-09-17,15.0,86,1070,0,7821,BURGER,2012,Non Holiday,0,0,59.0,1,Monday,17,September,Autumn
1,2012-09-18,15.0,88,1070,0,7821,BURGER,2012,Non Holiday,0,0,59.0,1,Tuesday,18,September,Autumn
1,2012-09-19,15.0,92,1070,0,7821,BURGER,2012,Non Holiday,0,0,60.8,1,Wednesday,19,September,Autumn
1,2012-09-20,15.0,88,1070,0,7821,BURGER,2012,Non Holiday,0,0,62.6,1,Thursday,20,September,Autumn
1,2012-09-21,15.0,86,1070,0,7821,BURGER,2012,Non Holiday,0,0,66.2,1,Friday,21,September,Autumn
1,2012-09-22,15.0,62,1070,0,7821,BURGER,2012,Non Holiday,1,0,68.0,1,Saturday,22,September,Autumn
1,2012-09-23,15.0,66,1070,0,7821,BURGER,2012,Non Holiday,1,0,68.0,1,Sunday,23,September,Autumn
1,2012-09-24,15.0,94,1070,0,7821,BURGER,2012,Non Holiday,0,0,69.8,1,Monday,24,September,Autumn
1,2012-09-25,15.0,90,1070,0,7821,BURGER,2012,Non Holiday,0,0,69.8,1,Tuesday,25,September,Autumn
1,2012-09-26,15.0,94,1070,0,7821,BURGER,2012,Non Holiday,0,0,69.8,1,Wednesday,26,September,Autumn
1,2012-09-27,15.0,90,1070,0,7821,BURGER,2012,Non Holiday,0,0,69.8,1,Thursday,27,September,Autumn
1,2012-09-28,15.0,86,1070,0,7821,BURGER,2012,Non Holiday,0,0,66.2,1,Friday,28,September,Autumn
1,2012-09-29,15.0,64,1070,0,7821,BURGER,2012,Non Holiday,1,0,60.8,1,Saturday,29,September,Autumn
1,2012-09-30,15.0,58,1070,0,7821,BURGER,2012,Non Holiday,1,0,59.0,1,Sunday,30,September,Autumn
1,2012-10-01,15.0,58,1070,0,7821,BURGER,2012,National Day,0,0,59.0,1,Monday,1,October,Autumn
1,2012-10-02,15.0,58,1070,0,7821,BURGER,2012,National Day,0,0,57.2,1,Tuesday,2,October,Autumn
1,2012-10-03,15.0,64,1070,0,7821,BURGER,2012,National Day,0,0,57.2,1,Wednesday,3,October,Autumn
1,2012-10-04,15.0,66,1070,0,7821,BURGER,2012,National Day,0,0,60.8,1,Thursday,4,October,Autumn
1,2012-10-05,15.0,60,1070,0,7821,BURGER,2012,National Day,0,0,62.6,1,Friday,5,October,Autumn
1,2012-10-06,15.0,42,1070,0,7821,BURGER,2012,National Day,1,0,62.6,1,Saturday,6,October,Autumn
1,2012-10-07,15.0,48,1070,0,7821,BURGER,2012,National Day,1,0,64.4,1,Sunday,7,October,Autumn
1,2012-10-08,15.0,86,1070,0,7821,BURGER,2012,Non Holiday,0,0,66.2,1,Monday,8,October,Autumn
1,2012-10-09,15.0,94,1070,0,7821,BURGER,2012,Non Holiday,0,0,66.2,1,Tuesday,9,October,Autumn
1,2012-10-10,15.0,94,1070,0,7821,BURGER,2012,Non Holiday,0,0,62.6,1,Wednesday,10,October,Autumn
1,2012-10-11,15.0,92,1070,0,7821,BURGER,2012,Non Holiday,0,0,62.6,1,Thursday,11,October,Autumn
1,2012-10-12,15.0,88,1070,0,7821,BURGER,2012,Non Holiday,0,0,62.6,1,Friday,12,October,Autumn
1,2012-10-13,15.0,64,1070,0,7821,BURGER,2012,Non Holiday,1,0,59.0,1,Saturday,13,October,Autumn
1,2012-10-14,15.0,64,1070,0,7821,BURGER,2012,Non Holiday,1,0,57.2,1,Sunday,14,October,Autumn
1,2012-10-15,15.0,86,1070,0,7821,BURGER,2012,Non Holiday,0,0,59.0,1,Monday,15,October,Autumn
1,2012-10-16,15.0,94,1070,0,7821,BURGER,2012,Non Holiday,0,0,57.2,1,Tuesday,16,October,Autumn
1,2012-10-17,15.0,94,1070,0,7821,BURGER,2012,Non Holiday,0,0,57.2,1,Wednesday,17,October,Autumn
1,2012-10-18,15.0,90,1070,0,7821,BURGER,2012,Non Holiday,0,0,59.0,1,Thursday,18,October,Autumn
1,2012-10-19,15.0,90,1070,0,7821,BURGER,2012,Non Holiday,0,0,59.0,1,Friday,19,October,Autumn
1,2012-10-20,15.0,64,1070,0,7821,BURGER,2012,Non Holiday,1,0,60.8,1,Saturday,20,October,Autumn
1,2012-10-21,15.0,64,1070,0,7821,BURGER,2012,Non Holiday,1,0,57.2,1,Sunday,21,October,Autumn
1,2012-10-22,15.0,90,1070,0,7821,BURGER,2012,Non Holiday,0,0,60.8,1,Monday,22,October,Autumn
1,2012-10-23,15.0,90,1070,0,7821,BURGER,2012,Non Holiday,0,0,50.0,1,Tuesday,23,October,Autumn
1,2012-10-24,15.0,88,1070,0,7821,BURGER,2012,Non Holiday,0,0,46.4,1,Wednesday,24,October,Autumn
1,2012-10-25,15.0,86,1070,0,7821,BURGER,2012,Non Holiday,0,0,50.0,1,Thursday,25,October,Autumn
1,2012-10-26,15.0,92,1070,0,7821,BURGER,2012,Non Holiday,0,0,48.2,1,Friday,26,October,Autumn
1,2012-10-27,15.0,64,1070,0,7821,BURGER,2012,Non Holiday,1,0,50.0,1,Saturday,27,October,Autumn
1,2012-10-28,15.0,62,1070,0,7821,BURGER,2012,Non Holiday,1,0,51.8,1,Sunday,28,October,Autumn
1,2012-10-29,15.0,92,1070,0,7821,BURGER,2012,Non Holiday,0,0,53.6,1,Monday,29,October,Autumn
1,2012-10-30,15.0,86,1070,0,7821,BURGER,2012,Non Holiday,0,0,53.6,1,Tuesday,30,October,Autumn
1,2012-10-31,15.0,94,1070,0,7821,BURGER,2012,Non Holiday,0,0,53.6,1,Wednesday,31,October,Autumn
1,2012-11-01,15.0,94,1070,0,7821,BURGER,2012,Non Holiday,0,0,51.8,1,Thursday,1,November,Winter
1,2012-11-02,15.0,94,1070,0,7821,BURGER,2012,Non Holiday,0,0,53.6,1,Friday,2,November,Winter
1,2012-11-03,15.0,58,1070,0,7821,BURGER,2012,Non Holiday,1,0,51.8,1,Saturday,3,November,Winter
1,2012-11-04,15.0,64,1070,0,7821,BURGER,2012,Non Holiday,1,0,51.8,1,Sunday,4,November,Winter
1,2012-11-05,15.0,88,1070,0,7821,BURGER,2012,Non Holiday,0,0,53.6,1,Monday,5,November,Winter
1,2012-11-06,15.0,86,1070,0,7821,BURGER,2012,Non Holiday,0,0,51.8,1,Tuesday,6,November,Winter
1,2012-11-07,15.0,86,1070,0,7821,BURGER,2012,Non Holiday,0,0,50.0,1,Wednesday,7,November,Winter
1,2012-11-08,15.0,88,1070,0,7821,BURGER,2012,Non Holiday,0,0,46.4,1,Thursday,8,November,Winter
1,2012-11-09,15.0,90,1070,0,7821,BURGER,2012,Non Holiday,0,0,46.4,1,Friday,9,November,Winter
1,2012-11-10,15.0,60,1070,0,7821,BURGER,2012,Non Holiday,1,0,48.2,1,Saturday,10,November,Winter
1,2012-11-11,15.0,62,1070,0,7821,BURGER,2012,Non Holiday,1,0,50.0,1,Sunday,11,November,Winter
1,2012-11-12,15.0,90,1070,0,7821,BURGER,2012,Non Holiday,0,0,46.4,1,Monday,12,November,Winter
1,2012-11-13,15.0,86,1070,0,7821,BURGER,2012,Non Holiday,0,0,42.8,1,Tuesday,13,November,Winter
1,2012-11-14,15.0,88,1070,0,7821,BURGER,2012,Non Holiday,0,0,44.6,1,Wednesday,14,November,Winter
1,2012-11-15,15.0,86,1070,0,7821,BURGER,2012,Non Holiday,0,0,44.6,1,Thursday,15,November,Winter
1,2012-11-16,15.0,86,1070,0,7821,BURGER,2012,Non Holiday,0,0,46.4,1,Friday,16,November,Winter
1,2012-11-17,15.0,62,1070,0,7821,BURGER,2012,Non Holiday,1,0,41.0,1,Saturday,17,November,Winter
1,2012-11-18,15.0,66,1070,0,7821,BURGER,2012,Non Holiday,1,0,44.6,1,Sunday,18,November,Winter
1,2012-11-19,15.0,92,1070,0,7821,BURGER,2012,Non Holiday,0,0,37.4,1,Monday,19,November,Winter
1,2012-11-20,15.0,92,1070,0,7821,BURGER,2012,Non Holiday,0,0,37.4,1,Tuesday,20,November,Winter
1,2012-11-21,15.0,86,1070,0,7821,BURGER,2012,Non Holiday,0,0,41.0,1,Wednesday,21,November,Winter
1,2012-11-22,15.0,94,1070,0,7821,BURGER,2012,Non Holiday,0,0,39.2,1,Thursday,22,November,Winter
1,2012-11-23,15.0,90,1070,0,7821,BURGER,2012,Non Holiday,0,0,33.8,1,Friday,23,November,Winter
1,2012-11-24,15.0,64,1070,0,7821,BURGER,2012,Non Holiday,1,0,35.6,1,Saturday,24,November,Winter
1,2012-11-25,15.0,66,1070,0,7821,BURGER,2012,Non Holiday,1,0,37.4,1,Sunday,25,November,Winter
1,2012-11-26,15.0,86,1070,0,7821,BURGER,2012,Non Holiday,0,0,39.2,1,Monday,26,November,Winter
1,2012-11-27,15.0,90,1070,0,7821,BURGER,2012,Non Holiday,0,0,37.4,1,Tuesday,27,November,Winter
1,2012-11-28,15.0,94,1070,0,7821,BURGER,2012,Non Holiday,0,0,35.6,1,Wednesday,28,November,Winter
1,2012-11-29,15.0,92,1070,0,7821,BURGER,2012,Non Holiday,0,0,32.0,1,Thursday,29,November,Winter
1,2012-11-30,15.0,90,1070,0,7821,BURGER,2012,Non Holiday,0,0,32.0,1,Friday,30,November,Winter
1,2012-12-01,15.0,60,1070,0,7821,BURGER,2012,Non Holiday,1,0,33.8,1,Saturday,1,December,Winter
1,2012-12-02,15.0,66,1070,0,7821,BURGER,2012,Non Holiday,1,0,32.0,1,Sunday,2,December,Winter
1,2012-12-03,15.0,92,1070,0,7821,BURGER,2012,Non Holiday,0,0,32.0,1,Monday,3,December,Winter
1,2012-12-04,15.0,88,1070,0,7821,BURGER,2012,Non Holiday,0,0,33.8,1,Tuesday,4,December,Winter
1,2012-12-05,15.0,90,1070,0,7821,BURGER,2012,Non Holiday,0,0,32.0,1,Wednesday,5,December,Winter
1,2012-12-06,15.0,94,1070,0,7821,BURGER,2012,Non Holiday,0,0,32.0,1,Thursday,6,December,Winter
1,2012-12-07,15.0,110,1070,0,7821,BURGER,2012,Non Holiday,0,0,30.2,0,Friday,7,December,Winter
1,2012-12-08,15.0,76,1070,0,7821,BURGER,2012,Non Holiday,1,0,24.8,0,Saturday,8,December,Winter
1,2012-12-09,15.0,58,1070,0,7821,BURGER,2012,Non Holiday,1,0,28.4,1,Sunday,9,December,Winter
1,2012-12-10,15.0,92,1070,0,7821,BURGER,2012,Non Holiday,0,0,32.0,1,Monday,10,December,Winter
1,2012-12-11,15.0,86,1070,0,7821,BURGER,2012,Non Holiday,0,0,33.8,1,Tuesday,11,December,Winter
1,2012-12-12,15.0,90,1070,0,7821,BURGER,2012,Non Holiday,0,0,35.6,1,Wednesday,12,December,Winter
1,2012-12-13,15.0,90,1070,0,7821,BURGER,2012,Non Holiday,0,0,32.0,1,Thursday,13,December,Winter
1,2012-12-14,15.0,106,1070,0,7821,BURGER,2012,Non Holiday,0,0,28.4,0,Friday,14,December,Winter
1,2012-12-15,15.0,78,1070,0,7821,BURGER,2012,Non Holiday,1,0,24.8,0,Saturday,15,December,Winter
1,2012-12-16,15.0,74,1070,0,7821,BURGER,2012,Non Holiday,1,0,26.6,0,Sunday,16,December,Winter
1,2012-12-17,15.0,110,1070,0,7821,BURGER,2012,Non Holiday,0,0,26.6,0,Monday,17,December,Winter
1,2012-12-18,15.0,110,1070,0,7821,BURGER,2012,Non Holiday,0,0,28.4,0,Tuesday,18,December,Winter
1,2012-12-19,15.0,86,1070,0,7821,BURGER,2012,Non Holiday,0,0,30.2,1,Wednesday,19,December,Winter
1,2012-12-20,15.0,94,1070,0,7821,BURGER,2012,Non Holiday,0,0,30.2,1,Thursday,20,December,Winter
1,2012-12-21,15.0,110,1070,0,7821,BURGER,2012,Non Holiday,0,0,28.4,0,Friday,21,December,Winter
1,2012-12-22,15.0,78,1070,0,7821,BURGER,2012,Non Holiday,1,0,28.4,0,Saturday,22,December,Winter
1,2012-12-23,15.0,58,1070,0,7821,BURGER,2012,Non Holiday,1,0,30.2,1,Sunday,23,December,Winter
1,2012-12-24,15.0,110,1070,0,7821,BURGER,2012,Non Holiday,0,0,30.2,0,Monday,24,December,Winter
1,2012-12-25,15.0,112,1070,0,7821,BURGER,2012,Non Holiday,0,0,30.2,0,Tuesday,25,December,Winter
1,2012-12-26,15.0,90,1070,0,7821,BURGER,2012,Non Holiday,0,0,30.2,1,Wednesday,26,December,Winter
1,2012-12-27,15.5,88,1070,0,7821,BURGER,2012,Non Holiday,0,0,30.2,1,Thursday,27,December,Winter
1,2012-12-28,15.5,108,1070,0,7821,BURGER,2012,Non Holiday,0,0,30.2,0,Friday,28,December,Winter
1,2012-12-29,15.5,58,1070,0,7821,BURGER,2012,Non Holiday,1,0,26.6,1,Saturday,29,December,Winter
1,2012-12-30,15.5,62,1070,0,7821,BURGER,2012,Non Holiday,1,0,28.4,1,Sunday,30,December,Winter
1,2012-12-31,15.5,102,1070,0,7821,BURGER,2012,Non Holiday,0,0,30.2,0,Monday,31,December,Winter
1,2013-01-01,15.5,60,1070,0,7821,BURGER,2013,New Year,0,0,30.2,1,Tuesday,1,January,Winter
1,2013-01-02,15.5,68,1070,0,7821,BURGER,2013,New Year,0,0,28.4,0,Wednesday,2,January,Winter
1,2013-01-03,15.5,70,1070,0,7821,BURGER,2013,New Year,0,0,26.6,0,Thursday,3,January,Winter
1,2013-01-04,15.5,100,1070,0,7821,BURGER,2013,Non Holiday,0,0,24.8,0,Friday,4,January,Winter
1,2013-01-05,15.5,68,1070,0,7821,BURGER,2013,Non Holiday,1,0,26.6,0,Saturday,5,January,Winter
1,2013-01-06,15.5,72,1070,0,7821,BURGER,2013,Non Holiday,1,0,26.6,0,Sunday,6,January,Winter
1,2013-01-07,15.5,100,1070,0,7821,BURGER,2013,Non Holiday,0,0,26.6,0,Monday,7,January,Winter
1,2013-01-08,15.5,100,1070,0,7821,BURGER,2013,Non Holiday,0,0,26.6,0,Tuesday,8,January,Winter
1,2013-01-09,15.5,102,1070,0,7821,BURGER,2013,Non Holiday,0,0,28.4,0,Wednesday,9,January,Winter
1,2013-01-10,15.5,104,1070,0,7821,BURGER,2013,Non Holiday,0,0,28.4,0,Thursday,10,January,Winter
1,2013-01-11,15.5,102,1070,0,7821,BURGER,2013,Non Holiday,0,0,24.8,0,Friday,11,January,Winter
1,2013-01-12,15.5,74,1070,0,7821,BURGER,2013,Non Holiday,1,0,28.4,0,Saturday,12,January,Winter
1,2013-01-13,15.5,70,1070,0,7821,BURGER,2013,Non Holiday,1,0,30.2,0,Sunday,13,January,Winter
1,2013-01-14,15.5,100,1070,0,7821,BURGER,2013,Non Holiday,0,1,30.2,0,Monday,14,January,Winter
1,2013-01-15,15.5,100,1070,0,7821,BURGER,2013,Non Holiday,0,1,30.2,0,Tuesday,15,January,Winter
1,2013-01-16,15.5,84,1070,0,7821,BURGER,2013,Non Holiday,0,1,30.2,1,Wednesday,16,January,Winter
