transactions.csv
STORE,CALENDAR_DATE,PRICE,QUANTITY,SELL_ID,SELL_CATEGORY,ITEM_ID,ITEM_NAME,YEAR,HOLIDAY,IS_WEEKEND,IS_SCHOOLBREAK,AVERAGE_TEMPERATURE,IS_OUTDOOR,weekdays,day,month,SEASONS
1,2013-01-17,15.5,82,1070,0,7821,BURGER,2013,Non Holiday,0,1,30.2,1,Thursday,17,January,Winter
1,2013-01-18,15.5,84,1070,0,7821,BURGER,2013,Non Holiday,0,1,32.0,1,Friday,18,January,Winter
1,2013-01-19,15.5,58,1070,0,7821,BURGER,2013,Non Holiday,1,1,28.4,1,Saturday,19,January,Winter
1,2013-01-20,15.5,70,1070,0,7821,BURGER,2013,Non Holiday,1,1,23.0,0,Sunday,20,January,Winter
1,2013-01-21,15.5,100,1070,0,7821,BURGER,2013,Non Holiday,0,1,19.4,0,Monday,21,January,Winter
1,2013-01-22,15.5,74,1070,0,7821,BURGER,2013,Luner New Year,0,1,17.6,0,Tuesday,22,January,Winter
1,2013-01-23,15.5,68,1070,0,7821,BURGER,2013,Luner New Year,0,1,21.2,0,Wednesday,23,January,Winter
1,2013-01-24,15.5,74,1070,0,7821,BURGER,2013,Luner New Year,0,1,23.0,0,Thursday,24,January,Winter
1,2013-01-25,15.5,68,1070,0,7821,BURGER,2013,Luner New Year,0,1,23.0,0,Friday,25,January,Winter
1,2013-01-26,15.5,54,1070,0,7821,BURGER,2013,Luner New Year,1,1,26.6,0,Saturday,26,January,Winter
1,2013-01-27,15.5,46,1070,0,7821,BURGER,2013,Luner New Year,1,1,26.6,0,Sunday,27,January,Winter
1,2013-01-28,15.5,68,1070,0,7821,BURGER,2013,Luner New Year,0,1,23.0,0,Monday,28,January,Winter
1,2013-01-29,15.5,108,1070,0,7821,BURGER,2013,Non Holiday,0,1,23.0,0,Tuesday,29,January,Winter
1,2013-01-30,15.5,104,1070,0,7821,BURGER,2013,Non Holiday,0,1,23.0,0,Wednesday,30,January,Winter
1,2013-01-31,15.5,108,1070,0,7821,BURGER,2013,Non Holiday,0,1,23.0,0,Thursday,31,January,Winter
1,2013-02-01,15.5,102,1070,0,7821,BURGER,2013,Non Holiday,0,1,19.4,0,Friday,1,February,Spring
1,2013-02-02,15.5,70,1070,0,7821,BURGER,2013,Non Holiday,1,1,21.2,0,Saturday,2,February,Spring
1,2013-02-03,15.5,74,1070,0,7821,BURGER,2013,Non Holiday,1,1,26.6,0,Sunday,3,February,Spring
1,2013-02-04,15.5,104,1070,0,7821,BURGER,2013,Non Holiday,0,1,30.2,0,Monday,4,February,Spring
1,2013-02-05,15.5,100,1070,0,7821,BURGER,2013,Non Holiday,0,1,30.2,0,Tuesday,5,February,Spring
1,2013-02-06,15.5,104,1070,0,7821,BURGER,2013,Non Holiday,0,1,19.4,0,Wednesday,6,February,Spring
1,2013-02-07,15.5,106,1070,0,7821,BURGER,2013,Non Holiday,0,0,23.0,0,Thursday,7,February,Spring
1,2013-02-08,15.5,100,1070,0,7821,BURGER,2013,Non Holiday,0,0,26.6,0,Friday,8,February,Spring
1,2013-02-09,15.5,74,1070,0,7821,BURGER,2013,Non Holiday,1,0,28.4,0,Saturday,9,February,Spring
1,2013-02-10,15.5,72,1070,0,7821,BURGER,2013,Non Holiday,1,0,28.4,0,Sunday,10,February,Spring
1,2013-02-11,15.5,106,1070,0,7821,BURGER,2013,Non Holiday,0,0,32.0,0,Monday,11,February,Spring
1,2013-02-12,15.5,90,1070,0,7821,BURGER,2013,Non Holiday,0,0,32.0,1,Tuesday,12,February,Spring
1,2013-02-13,15.5,86,1070,0,7821,BURGER,2013,Non Holiday,0,0,33.8,1,Wednesday,13,February,Spring
1,2013-02-14,15.5,106,1070,0,7821,BURGER,2013,Non Holiday,0,0,30.2,0,Thursday,14,February,Spring
1,2013-02-15,15.5,84,1070,0,7821,BURGER,2013,Non Holiday,0,0,32.0,1,Friday,15,February,Spring
1,2013-02-16,15.5,72,1070,0,7821,BURGER,2013,Non Holiday,1,0,28.4,0,Saturday,16,February,Spring
1,2013-02-17,15.5,74,1070,0,7821,BURGER,2013,Non Holiday,1,0,28.4,0,Sunday,17,February,Spring
1,2013-02-18,15.5,100,1070,0,7821,BURGER,2013,Non Holiday,0,0,30.2,0,Monday,18,February,Spring
1,2013-02-19,15.5,86,1070,0,7821,BURGER,2013,Non Holiday,0,0,32.0,1,Tuesday,19,February,Spring
1,2013-02-20,15.5,86,1070,0,7821,BURGER,2013,Non Holiday,0,0,35.6,1,Wednesday,20,February,Spring
1,2013-02-21,15.5,88,1070,0,7821,BURGER,2013,Non Holiday,0,0,33.8,1,Thursday,21,February,Spring
1,2013-02-22,15.5,84,1070,0,7821,BURGER,2013,Non Holiday,0,0,35.6,1,Friday,22,February,Spring
1,2013-02-23,15.5,60,1070,0,7821,BURGER,2013,Non Holiday,1,0,33.8,1,Saturday,23,February,Spring
1,2013-02-24,15.5,56,1070,0,7821,BURGER,2013,Non Holiday,1,0,32.0,1,Sunday,24,February,Spring
1,2013-02-25,15.5,82,1070,0,7821,BURGER,2013,Non Holiday,0,0,32.0,1,Monday,25,February,Spring
1,2013-02-26,15.5,90,1070,0,7821,BURGER,2013,Non Holiday,0,0,32.0,1,Tuesday,26,February,Spring
1,2013-02-27,15.5,90,1070,0,7821,BURGER,2013,Non Holiday,0,0,35.6,1,Wednesday,27,February,Spring
1,2013-02-28,15.5,84,1070,0,7821,BURGER,2013,Non Holiday,0,0,35.6,1,Thursday,28,February,Spring
1,2013-03-01,15.5,90,1070,0,7821,BURGER,2013,Non Holiday,0,0,39.2,1,Friday,1,March,Spring
1,2013-03-01,15.5,90,1070,0,7821,BURGER,2013,Non Holiday,0,0,32.0,1,Friday,1,March,Spring
1,2013-03-01,12.64,24,1070,0,7821,BURGER,2013,Non Holiday,0,0,39.2,1,Friday,1,March,Spring
1,2013-03-01,12.64,24,1070,0,7821,BURGER,2013,Non Holiday,0,0,32.0,1,Friday,1,March,Spring
1,2013-03-01,12.64,18,1070,0,7821,BURGER,2013,Non Holiday,0,0,39.2,1,Friday,1,March,Spring
1,2013-03-01,12.64,18,1070,0,7821,BURGER,2013,Non Holiday,0,0,32.0,1,Friday,1,March,Spring
1,2013-03-02,15.5,58,1070,0,7821,BURGER,2013,Non Holiday,1,0,35.6,1,Saturday,2,March,Spring
1,2013-03-03,15.5,56,1070,0,7821,BURGER,2013,Non Holiday,1,0,33.8,1,Sunday,3,March,Spring
1,2013-03-04,15.5,86,1070,0,7821,BURGER,2013,Non Holiday,0,0,35.6,1,Monday,4,March,Spring
1,2013-03-05,15.5,84,1070,0,7821,BURGER,2013,Non Holiday,0,0,35.6,1,Tuesday,5,March,Spring
1,2013-03-06,15.5,88,1070,0,7821,BURGER,2013,Non Holiday,0,0,39.2,1,Wednesday,6,March,Spring
1,2013-03-07,15.5,86,1070,0,7821,BURGER,2013,Non Holiday,0,0,39.2,1,Thursday,7,March,Spring
1,2013-03-08,15.5,90,1070,0,7821,BURGER,2013,Non Holiday,0,0,32.0,1,Friday,8,March,Spring
1,2013-03-09,15.5,58,1070,0,7821,BURGER,2013,Non Holiday,1,0,33.8,1,Saturday,9,March,Spring
1,2013-03-10,15.5,60,1070,0,7821,BURGER,2013,Non Holiday,1,0,33.8,1,Sunday,10,March,Spring
1,2013-03-11,15.5,106,1070,0,7821,BURGER,2013,Non Holiday,0,0,32.0,0,Monday,11,March,Spring
1,2013-03-12,15.5,90,1070,0,7821,BURGER,2013,Non Holiday,0,0,37.4,1,Tuesday,12,March,Spring
1,2013-03-13,15.5,88,1070,0,7821,BURGER,2013,Non Holiday,0,0,42.8,1,Wednesday,13,March,Spring
1,2013-03-14,15.5,84,1070,0,7821,BURGER,2013,Non Holiday,0,0,42.8,1,Thursday,14,March,Spring
1,2013-03-15,15.5,82,1070,0,7821,BURGER,2013,Non Holiday,0,0,44.6,1,Friday,15,March,Spring
1,2013-03-16,15.5,62,1070,0,7821,BURGER,2013,Non Holiday,1,0,48.2,1,Saturday,16,March,Spring
1,2013-03-17,15.5,64,1070,0,7821,BURGER,2013,Non Holiday,1,0,42.8,1,Sunday,17,March,Spring
1,2013-03-18,15.5,86,1070,0,7821,BURGER,2013,Non Holiday,0,0,35.6,1,Monday,18,March,Spring
1,2013-03-19,15.5,84,1070,0,7821,BURGER,2013,Non Holiday,0,0,37.4,1,Tuesday,19,March,Spring
1,2013-03-20,15.5,84,1070,0,7821,BURGER,2013,Non Holiday,0,0,44.6,1,Wednesday,20,March,Spring
1,2013-03-21,15.5,84,1070,0,7821,BURGER,2013,Non Holiday,0,0,46.4,1,Thursday,21,March,Spring
1,2013-03-22,15.5,84,1070,0,7821,BURGER,2013,Non Holiday,0,0,41.0,1,Friday,22,March,Spring
1,2013-03-23,15.5,64,1070,0,7821,BURGER,2013,Non Holiday,1,0,44.6,1,Saturday,23,March,Spring
1,2013-03-24,15.5,56,1070,0,7821,BURGER,2013,Non Holiday,1,0,44.6,1,Sunday,24,March,Spring
1,2013-03-25,15.5,82,1070,0,7821,BURGER,2013,Non Holiday,0,0,46.4,1,Monday,25,March,Spring
1,2013-03-26,15.5,88,1070,0,7821,BURGER,2013,Non Holiday,0,0,32.0,1,Tuesday,26,March,Spring
1,2013-03-27,15.5,82,1070,0,7821,BURGER,2013,Non Holiday,0,0,55.4,1,Wednesday,27,March,Spring
1,2013-03-28,15.5,86,1070,0,7821,BURGER,2013,Non Holiday,0,0,59.0,1,Thursday,28,March,Spring
1,2013-03-29,15.5,82,1070,0,7821,BURGER,2013,Non Holiday,0,0,53.6,1,Friday,29,March,Spring
1,2013-03-30,15.5,62,1070,0,7821,BURGER,2013,Non Holiday,1,0,46.4,1,Saturday,30,March,Spring
1,2013-03-31,15.5,56,1070,0,7821,BURGER,2013,Non Holiday,1,0,48.2,1,Sunday,31,March,Spring
1,2013-04-01,15.5,82,1070,0,7821,BURGER,2013,Non Holiday,0,0,46.4,1,Monday,1,April,Spring
1,2013-04-02,15.5,60,1070,0,7821,BURGER,2013,Qing Ming Festival,0,0,46.4,1,Tuesday,2,April,Spring
1,2013-04-03,15.5,64,1070,0,7821,BURGER,2013,Qing Ming Festival,0,0,51.8,1,Wednesday,3,April,Spring
1,2013-04-04,15.5,62,1070,0,7821,BURGER,2013,Qing Ming Festival,0,0,55.4,1,Thursday,4,April,Spring
1,2013-04-05,15.5,84,1070,0,7821,BURGER,2013,Non Holiday,0,0,50.0,1,Friday,5,April,Spring
1,2013-04-06,15.5,56,1070,0,7821,BURGER,2013,Non Holiday,1,0,55.4,1,Saturday,6,April,Spring
1,2013-04-07,15.5,58,1070,0,7821,BURGER,2013,Non Holiday,1,0,62.6,1,Sunday,7,April,Spring
1,2013-04-08,15.5,88,1070,0,7821,BURGER,2013,Non Holiday,0,0,59.0,1,Monday,8,April,Spring
1,2013-04-09,15.5,88,1070,0,7821,BURGER,2013,Non Holiday,0,0,66.2,1,Tuesday,9,April,Spring
1,2013-04-10,15.5,84,1070,0,7821,BURGER,2013,Non Holiday,0,0,59.0,1,Wednesday,10,April,Spring
1,2013-04-11,15.5,84,1070,0,7821,BURGER,2013,Non Holiday,0,0,57.2,1,Thursday,11,April,Spring
1,2013-04-12,15.5,88,1070,0,7821,BURGER,2013,Non Holiday,0,0,60.8,1,Friday,12,April,Spring
1,2013-04-13,15.5,64,1070,0,7821,BURGER,2013,Non Holiday,1,0,64.4,1,Saturday,13,April,Spring
1,2013-04-14,15.5,62,1070,0,7821,BURGER,2013,Non Holiday,1,0,69.8,1,Sunday,14,April,Spring
1,2013-04-15,15.5,84,1070,0,7821,BURGER,2013,Non Holiday,0,0,64.4,1,Monday,15,April,Spring
1,2013-04-16,15.5,82,1070,0,7821,BURGER,2013,Non Holiday,0,0,60.8,1,Tuesday,16,April,Spring
1,2013-04-17,15.5,84,1070,0,7821,BURGER,2013,Non Holiday,0,0,69.8,1,Wednesday,17,April,Spring
1,2013-04-18,15.5,82,1070,0,7821,BURGER,2013,Non Holiday,0,0,66.2,1,Thursday,18,April,Spring
1,2013-04-19,15.5,88,1070,0,7821,BURGER,2013,Non Holiday,0,0,62.6,1,Friday,19,April,Spring
1,2013-04-20,15.5,58,1070,0,7821,BURGER,2013,Non Holiday,1,0,62.6,1,Saturday,20,April,Spring
1,2013-04-21,15.5,60,1070,0,7821,BURGER,2013,Non Holiday,1,0,57.2,1,Sunday,21,April,Spring
1,2013-04-22,15.5,82,1070,0,7821,BURGER,2013,Non Holiday,0,0,32.0,1,Monday,22,April,Spring
1,2013-04-23,15.5,82,1070,0,7821,BURGER,2013,Non Holiday,0,0,66.2,1,Tuesday,23,April,Spring
1,2013-04-24,15.5,90,1070,0,7821,BURGER,2013,Non Holiday,0,0,59.0,1,Wednesday,24,April,Spring
1,2013-04-25,16.5,80,1070,0,7821,BURGER,2013,Non Holiday,0,0,55.4,1,Thursday,25,April,Spring
1,2013-04-26,16.5,82,1070,0,7821,BURGER,2013,Non Holiday,0,0,64.4,1,Friday,26,April,Spring
1,2013-04-27,16.5,54,1070,0,7821,BURGER,2013,Non Holiday,1,0,62.6,1,Saturday,27,April,Spring
1,2013-04-28,16.5,58,1070,0,7821,BURGER,2013,Non Holiday,1,0,60.8,1,Sunday,28,April,Spring
1,2013-04-29,16.5,56,1070,0,7821,BURGER,2013,Labor Day,0,0,60.8,1,Monday,29,April,Spring
1,2013-04-30,16.5,50,1070,0,7821,BURGER,2013,Labor Day,0,0,68.0,1,Tuesday,30,April,Summer
1,2013-05-01,16.5,50,1070,0,7821,BURGER,2013,Labor Day,0,0,64.4,1,Wednesday,1,May,Summer
1,2013-05-02,16.5,80,1070,0,7821,BURGER,2013,Non Holiday,0,0,73.4,1,Thursday,2,May,Summer
1,2013-05-03,16.5,74,1070,0,7821,BURGER,2013,Non Holiday,0,0,75.2,1,Friday,3,May,Summer
1,2013-05-04,16.5,56,1070,0,7821,BURGER,2013,Non Holiday,1,0,75.2,1,Saturday,4,May,Summer
1,2013-05-05,16.5,54,1070,0,7821,BURGER,2013,Non Holiday,1,0,73.4,1,Sunday,5,May,Summer
1,2013-05-06,16.5,76,1070,0,7821,BURGER,2013,Non Holiday,0,0,75.2,1,Monday,6,May,Summer
1,2013-05-07,16.5,76,1070,0,7821,BURGER,2013,Non Holiday,0,0,32.0,1,Tuesday,7,May,Summer
1,2013-05-08,16.5,76,1070,0,7821,BURGER,2013,Non Holiday,0,0,73.4,1,Wednesday,8,May,Summer
1,2013-05-09,16.5,74,1070,0,7821,BURGER,2013,Non Holiday,0,0,73.4,1,Thursday,9,May,Summer
1,2013-05-10,16.5,76,1070,0,7821,BURGER,2013,Non Holiday,0,0,75.2,1,Friday,10,May,Summer
1,2013-05-11,16.5,54,1070,0,7821,BURGER,2013,Non Holiday,1,0,66.2,1,Saturday,11,May,Summer
1,2013-05-12,16.5,58,1070,0,7821,BURGER,2013,Non Holiday,1,0,64.4,1,Sunday,12,May,Summer
1,2013-05-13,16.5,80,1070,0,7821,BURGER,2013,Non Holiday,0,0,68.0,1,Monday,13,May,Summer
1,2013-05-14,16.5,74,1070,0,7821,BURGER,2013,Non Holiday,0,0,66.2,1,Tuesday,14,May,Summer
1,2013-05-15,16.5,80,1070,0,7821,BURGER,2013,Non Holiday,0,0,68.0,1,Wednesday,15,May,Summer
1,2013-05-16,16.5,74,1070,0,7821,BURGER,2013,Non Holiday,0,0,69.8,1,Thursday,16,May,Summer
1,2013-05-17,16.5,76,1070,0,7821,BURGER,2013,Non Holiday,0,0,73.4,1,Friday,17,May,Summer
1,2013-05-18,16.5,54,1070,0,7821,BURGER,2013,Non Holiday,1,0,77.0,1,Saturday,18,May,Summer
1,2013-05-19,16.5,56,1070,0,7821,BURGER,2013,Non Holiday,1,0,75.2,1,Sunday,19,May,Summer
1,2013-05-20,16.5,82,1070,0,7821,BURGER,2013,Non Holiday,0,0,71.6,1,Monday,20,May,Summer
1,2013-05-21,16.5,78,1070,0,7821,BURGER,2013,Non Holiday,0,0,75.2,1,Tuesday,21,May,Summer
1,2013-05-22,16.5,80,1070,0,7821,BURGER,2013,Non Holiday,0,0,71.6,1,Wednesday,22,May,Summer
1,2013-05-23,16.5,76,1070,0,7821,BURGER,2013,Non Holiday,0,0,73.4,1,Thursday,23,May,Summer
1,2013-05-24,16.5,74,1070,0,7821,BURGER,2013,Non Holiday,0,0,71.6,1,Friday,24,May,Summer
1,2013-05-25,16.5,52,1070,0,7821,BURGER,2013,Non Holiday,1,0,69.8,1,Saturday,25,May,Summer
1,2013-05-26,16.5,58,1070,0,7821,BURGER,2013,Non Holiday,1,0,78.8,1,Sunday,26,May,Summer
1,2013-05-27,16.5,82,1070,0,7821,BURGER,2013,Non Holiday,0,0,80.6,1,Monday,27,May,Summer
1,2013-05-28,16.5,82,1070,0,7821,BURGER,2013,Non Holiday,0,0,80.6,1,Tuesday,28,May,Summer
1,2013-05-29,16.5,74,1070,0,7821,BURGER,2013,Non Holiday,0,0,69.8,1,Wednesday,29,May,Summer
1,2013-05-30,16.5,80,1070,0,7821,BURGER,2013,Non Holiday,0,0,68.0,1,Thursday,30,May,Summer
1,2013-05-31,16.5,74,1070,0,7821,BURGER,2013,Non Holiday,0,0,71.6,1,Friday,31,May,Summer
1,2013-06-01,16.5,58,1070,0,7821,BURGER,2013,Non Holiday,1,0,68.0,1,Saturday,1,June,Summer
1,2013-06-02,16.5,54,1070,0,7821,BURGER,2013,Non Holiday,1,0,71.6,1,Sunday,2,June,Summer
1,2013-06-03,16.5,74,1070,0,7821,BURGER,2013,Non Holiday,0,0,68.0,1,Monday,3,June,Summer
1,2013-06-04,16.5,82,1070,0,7821,BURGER,2013,Non Holiday,0,0,77.0,1,Tuesday,4,June,Summer
1,2013-06-05,16.5,78,1070,0,7821,BURGER,2013,Non Holiday,0,0,78.8,1,Wednesday,5,June,Summer
1,2013-06-06,16.5,80,1070,0,7821,BURGER,2013,Non Holiday,0,0,77.0,1,Thursday,6,June,Summer
1,2013-06-07,16.5,76,1070,0,7821,BURGER,2013,Non Holiday,0,1,78.8,1,Friday,7,June,Summer
1,2013-06-08,16.5,54,1070,0,7821,BURGER,2013,Non Holiday,1,1,80.6,1,Saturday,8,June,Summer
1,2013-06-09,16.5,54,1070,0,7821,BURGER,2013,Non Holiday,1,0,77.0,1,Sunday,9,June,Summer
1,2013-06-10,16.5,80,1070,0,7821,BURGER,2013,Non Holiday,0,0,71.6,1,Monday,10,June,Summer
1,2013-06-11,16.5,78,1070,0,7821,BURGER,2013,Non Holiday,0,0,77.0,1,Tuesday,11,June,Summer
1,2013-06-12,16.5,76,1070,0,7821,BURGER,2013,Non Holiday,0,0,73.4,1,Wednesday,12,June,Summer
1,2013-06-13,16.5,82,1070,0,7821,BURGER,2013,Non Holiday,0,0,69.8,1,Thursday,13,June,Summer
1,2013-06-14,16.5,80,1070,0,7821,BURGER,2013,Non Holiday,0,0,71.6,1,Friday,14,June,Summer
1,2012-01-01,12.73,22,2051,2,7821,BURGER,2012,New Year,1,0,24.8,0,Sunday,1,January,Winter
1,2012-01-02,12.73,22,2051,2,7821,BURGER,2012,New Year,0,0,24.8,0,Monday,2,January,Winter
1,2012-01-03,12.73,26,2051,2,7821,BURGER,2012,New Year,0,0,32.0,1,Tuesday,3,January,Winter
1,2012-01-04,12.73,26,2051,2,7821,BURGER,2012,Non Holiday,0,0,32.0,1,Wednesday,4,January,Winter
1,2012-01-05,12.73,36,2051,2,7821,BURGER,2012,Non Holiday,0,0,24.8,0,Thursday,5,January,Winter
1,2012-01-06,12.73,38,2051,2,7821,BURGER,2012,Non Holiday,0,0,23.0,0,Friday,6,January,Winter
1,2012-01-07,12.73,24,2051,2,7821,BURGER,2012,Non Holiday,1,0,26.6,0,Saturday,7,January,Winter
1,2012-01-08,12.73,26,2051,2,7821,BURGER,2012,Non Holiday,1,0,26.6,0,Sunday,8,January,Winter
1,2012-01-09,12.73,34,2051,2,7821,BURGER,2012,Non Holiday,0,0,23.0,0,Monday,9,January,Winter
1,2012-01-10,12.73,40,2051,2,7821,BURGER,2012,Non Holiday,0,0,24.8,0,Tuesday,10,January,Winter
1,2012-01-11,12.73,32,2051,2,7821,BURGER,2012,Non Holiday,0,0,21.2,0,Wednesday,11,January,Winter
1,2012-01-12,12.73,32,2051,2,7821,BURGER,2012,Non Holiday,0,0,24.8,0,Thursday,12,January,Winter
1,2012-01-13,12.73,40,2051,2,7821,BURGER,2012,Non Holiday,0,0,26.6,0,Friday,13,January,Winter
1,2012-01-14,12.73,24,2051,2,7821,BURGER,2012,Non Holiday,1,0,23.0,0,Saturday,14,January,Winter
1,2012-01-15,12.73,22,2051,2,7821,BURGER,2012,Non Holiday,1,0,32.0,1,Sunday,15,January,Winter
1,2012-01-16,12.73,40,2051,2,7821,BURGER,2012,Non Holiday,0,0,23.0,0,Monday,16,January,Winter
1,2012-01-17,12.73,38,2051,2,7821,BURGER,2012,Non Holiday,0,0,23.0,0,Tuesday,17,January,Winter
1,2012-01-18,12.73,40,2051,2,7821,BURGER,2012,Non Holiday,0,0,23.0,0,Wednesday,18,January,Winter
1,2012-01-19,12.73,32,2051,2,7821,BURGER,2012,Non Holiday,0,0,24.8,0,Thursday,19,January,Winter
1,2012-01-20,12.73,36,2051,2,7821,BURGER,2012,Non Holiday,0,0,26.6,0,Friday,20,January,Winter
1,2012-01-21,12.73,22,2051,2,7821,BURGER,2012,Non Holiday,1,0,26.6,0,Saturday,21,January,Winter
1,2012-01-22,12.73,30,2051,2,7821,BURGER,2012,Non Holiday,1,0,24.8,0,Sunday,22,January,Winter
1,2012-01-23,12.73,38,2051,2,7821,BURGER,2012,Non Holiday,0,0,23.0,0,Monday,23,January,Winter
1,2012-01-24,12.73,36,2051,2,7821,BURGER,2012,Non Holiday,0,0,24.8,0,Tuesday,24,January,Winter
1,2012-01-25,12.73,38,2051,2,7821,BURGER,2012,Non Holiday,0,0,23.0,0,Wednesday,25,January,Winter
1,2012-01-26,12.73,38,2051,2,7821,BURGER,2012,Non Holiday,0,0,24.8,0,Thursday,26,January,Winter
1,2012-01-27,12.73,28,2051,2,7821,BURGER,2012,Non Holiday,0,0,32.0,1,Friday,27,January,Winter
1,2012-01-28,12.73,24,2051,2,7821,BURGER,2012,Non Holiday,1,0,32.0,1,Saturday,28,January,Winter
1,2012-01-29,12.73,22,2051,2,7821,BURGER,2012,Non Holiday,1,0,23.0,0,Sunday,29,January,Winter
1,2012-01-30,12.73,34,2051,2,7821,BURGER,2012,Non Holiday,0,0,28.4,0,Monday,30,January,Winter
1,2012-01-31,12.73,30,2051,2,7821,BURGER,2012,Non Holiday,0,0,32.0,1,Tuesday,31,January,Winter
1,2012-02-01,12.73,28,2051,2,7821,BURGER,2012,Non Holiday,0,0,32.0,1,Wednesday,1,February,Spring
1,2012-02-02,12.73,18,2051,2,7821,BURGER,2012,Luner New Year,0,0,32.0,1,Thursday,2,February,Spring
1,2012-02-03,12.73,20,2051,2,7821,BURGER,2012,Luner New Year,0,0,32.0,1,Friday,3,February,Spring
1,2012-02-04,12.73,12,2051,2,7821,BURGER,2012,Luner New Year,1,0,32.0,1,Saturday,4,February,Spring
1,2012-02-05,12.73,12,2051,2,7821,BURGER,2012,Luner New Year,1,0,32.0,1,Sunday,5,February,Spring
1,2012-02-06,12.73,26,2051,2,7821,BURGER,2012,Luner New Year,0,0,32.0,1,Monday,6,February,Spring
