transactions.csv
STORE,CALENDAR_DATE,PRICE,QUANTITY,SELL_ID,SELL_CATEGORY,ITEM_ID,ITEM_NAME,YEAR,HOLIDAY,IS_WEEKEND,IS_SCHOOLBREAK,AVERAGE_TEMPERATURE,IS_OUTDOOR,weekdays,day,month,SEASONS
1,2012-09-23,12.35,24,2051,2,5030,COKE,2012,Non Holiday,1,0,68.0,1,Sunday,23,September,Autumn
1,2012-09-24,12.35,34,2051,2,5030,COKE,2012,Non Holiday,0,0,69.8,1,Monday,24,September,Autumn
1,2012-09-25,12.35,30,2051,2,5030,COKE,2012,Non Holiday,0,0,69.8,1,Tuesday,25,September,Autumn
1,2012-09-26,12.35,28,2051,2,5030,COKE,2012,Non Holiday,0,0,69.8,1,Wednesday,26,September,Autumn
1,2012-09-27,12.35,28,2051,2,5030,COKE,2012,Non Holiday,0,0,69.8,1,Thursday,27,September,Autumn
1,2012-09-28,12.35,34,2051,2,5030,COKE,2012,Non Holiday,0,0,66.2,1,Friday,28,September,Autumn
1,2012-09-29,12.35,26,2051,2,5030,COKE,2012,Non Holiday,1,0,60.8,1,Saturday,29,September,Autumn
1,2012-09-30,12.35,22,2051,2,5030,COKE,2012,Non Holiday,1,0,59.0,1,Sunday,30,September,Autumn
1,2012-10-01,12.35,24,2051,2,5030,COKE,2012,National Day,0,0,59.0,1,Monday,1,October,Autumn
1,2012-10-02,12.35,18,2051,2,5030,COKE,2012,National Day,0,0,57.2,1,Tuesday,2,October,Autumn
1,2012-10-03,12.35,26,2051,2,5030,COKE,2012,National Day,0,0,57.2,1,Wednesday,3,October,Autumn
1,2012-10-04,12.35,20,2051,2,5030,COKE,2012,National Day,0,0,60.8,1,Thursday,4,October,Autumn
1,2012-10-05,12.35,24,2051,2,5030,COKE,2012,National Day,0,0,62.6,1,Friday,5,October,Autumn
1,2012-10-06,12.35,16,2051,2,5030,COKE,2012,National Day,1,0,62.6,1,Saturday,6,October,Autumn
1,2012-10-07,12.35,14,2051,2,5030,COKE,2012,National Day,1,0,64.4,1,Sunday,7,October,Autumn
1,2012-10-08,12.35,32,2051,2,5030,COKE,2012,Non Holiday,0,0,66.2,1,Monday,8,October,Autumn
1,2012-10-09,12.35,36,2051,2,5030,COKE,2012,Non Holiday,0,0,66.2,1,Tuesday,9,October,Autumn
1,2012-10-10,12.35,36,2051,2,5030,COKE,2012,Non Holiday,0,0,62.6,1,Wednesday,10,October,Autumn
1,2012-10-11,12.35,30,2051,2,5030,COKE,2012,Non Holiday,0,0,62.6,1,Thursday,11,October,Autumn
1,2012-10-12,12.35,30,2051,2,5030,COKE,2012,Non Holiday,0,0,62.6,1,Friday,12,October,Autumn
1,2012-10-13,12.35,22,2051,2,5030,COKE,2012,Non Holiday,1,0,59.0,1,Saturday,13,October,Autumn
1,2012-10-14,12.35,24,2051,2,5030,COKE,2012,Non Holiday,1,0,57.2,1,Sunday,14,October,Autumn
1,2012-10-15,12.35,28,2051,2,5030,COKE,2012,Non Holiday,0,0,59.0,1,Monday,15,October,Autumn
1,2012-10-16,12.35,28,2051,2,5030,COKE,2012,Non Holiday,0,0,57.2,1,Tuesday,16,October,Autumn
1,2012-10-17,12.35,34,2051,2,5030,COKE,2012,Non Holiday,0,0,57.2,1,Wednesday,17,October,Autumn
1,2012-10-18,12.35,34,2051,2,5030,COKE,2012,Non Holiday,0,0,59.0,1,Thursday,18,October,Autumn
1,2012-10-19,12.35,28,2051,2,5030,COKE,2012,Non Holiday,0,0,59.0,1,Friday,19,October,Autumn
1,2012-10-20,12.35,24,2051,2,5030,COKE,2012,Non Holiday,1,0,60.8,1,Saturday,20,October,Autumn
1,2012-10-21,12.35,20,2051,2,5030,COKE,2012,Non Holiday,1,0,57.2,1,Sunday,21,October,Autumn
1,2012-10-22,12.35,34,2051,2,5030,COKE,2012,Non Holiday,0,0,60.8,1,Monday,22,October,Autumn
1,2012-10-23,12.35,32,2051,2,5030,COKE,2012,Non Holiday,0,0,50.0,1,Tuesday,23,October,Autumn
1,2012-10-24,12.35,28,2051,2,5030,COKE,2012,Non Holiday,0,0,46.4,1,Wednesday,24,October,Autumn
1,2012-10-25,12.35,32,2051,2,5030,COKE,2012,Non Holiday,0,0,50.0,1,Thursday,25,October,Autumn
1,2012-10-26,12.35,32,2051,2,5030,COKE,2012,Non Holiday,0,0,48.2,1,Friday,26,October,Autumn
1,2012-10-27,12.35,24,2051,2,5030,COKE,2012,Non Holiday,1,0,50.0,1,Saturday,27,October,Autumn
1,2012-10-28,12.35,18,2051,2,5030,COKE,2012,Non Holiday,1,0,51.8,1,Sunday,28,October,Autumn
1,2012-10-29,12.35,34,2051,2,5030,COKE,2012,Non Holiday,0,0,53.6,1,Monday,29,October,Autumn
1,2012-10-30,12.35,34,2051,2,5030,COKE,2012,Non Holiday,0,0,53.6,1,Tuesday,30,October,Autumn
1,2012-10-31,12.35,32,2051,2,5030,COKE,2012,Non Holiday,0,0,53.6,1,Wednesday,31,October,Autumn
1,2012-11-01,12.35,30,2051,2,5030,COKE,2012,Non Holiday,0,0,51.8,1,Thursday,1,November,Winter
1,2012-11-02,12.35,36,2051,2,5030,COKE,2012,Non Holiday,0,0,53.6,1,Friday,2,November,Winter
1,2012-11-03,12.35,24,2051,2,5030,COKE,2012,Non Holiday,1,0,51.8,1,Saturday,3,November,Winter
1,2012-11-04,12.35,26,2051,2,5030,COKE,2012,Non Holiday,1,0,51.8,1,Sunday,4,November,Winter
1,2012-11-05,12.35,34,2051,2,5030,COKE,2012,Non Holiday,0,0,53.6,1,Monday,5,November,Winter
1,2012-11-06,12.35,32,2051,2,5030,COKE,2012,Non Holiday,0,0,51.8,1,Tuesday,6,November,Winter
1,2012-11-07,12.35,32,2051,2,5030,COKE,2012,Non Holiday,0,0,50.0,1,Wednesday,7,November,Winter
1,2012-11-08,12.35,34,2051,2,5030,COKE,2012,Non Holiday,0,0,46.4,1,Thursday,8,November,Winter
1,2012-11-09,12.35,30,2051,2,5030,COKE,2012,Non Holiday,0,0,46.4,1,Friday,9,November,Winter
1,2012-11-10,12.35,20,2051,2,5030,COKE,2012,Non Holiday,1,0,48.2,1,Saturday,10,November,Winter
1,2012-11-11,12.35,22,2051,2,5030,COKE,2012,Non Holiday,1,0,50.0,1,Sunday,11,November,Winter
1,2012-11-12,12.35,28,2051,2,5030,COKE,2012,Non Holiday,0,0,46.4,1,Monday,12,November,Winter
1,2012-11-13,12.35,32,2051,2,5030,COKE,2012,Non Holiday,0,0,42.8,1,Tuesday,13,November,Winter
1,2012-11-14,12.35,34,2051,2,5030,COKE,2012,Non Holiday,0,0,44.6,1,Wednesday,14,November,Winter
1,2012-11-15,12.35,36,2051,2,5030,COKE,2012,Non Holiday,0,0,44.6,1,Thursday,15,November,Winter
1,2012-11-16,12.35,34,2051,2,5030,COKE,2012,Non Holiday,0,0,46.4,1,Friday,16,November,Winter
1,2012-11-17,12.35,26,2051,2,5030,COKE,2012,Non Holiday,1,0,41.0,1,Saturday,17,November,Winter
1,2012-11-18,12.35,18,2051,2,5030,COKE,2012,Non Holiday,1,0,44.6,1,Sunday,18,November,Winter
1,2012-11-19,12.35,34,2051,2,5030,COKE,2012,Non Holiday,0,0,37.4,1,Monday,19,November,Winter
1,2012-11-20,12.35,36,2051,2,5030,COKE,2012,Non Holiday,0,0,37.4,1,Tuesday,20,November,Winter
1,2012-11-21,12.35,36,2051,2,5030,COKE,2012,Non Holiday,0,0,41.0,1,Wednesday,21,November,Winter
1,2012-11-22,12.35,32,2051,2,5030,COKE,2012,Non Holiday,0,0,39.2,1,Thursday,22,November,Winter
1,2012-11-23,12.35,28,2051,2,5030,COKE,2012,Non Holiday,0,0,33.8,1,Friday,23,November,Winter
1,2012-11-24,12.35,20,2051,2,5030,COKE,2012,Non Holiday,1,0,35.6,1,Saturday,24,November,Winter
1,2012-11-25,12.35,24,2051,2,5030,COKE,2012,Non Holiday,1,0,37.4,1,Sunday,25,November,Winter
1,2012-11-26,12.35,32,2051,2,5030,COKE,2012,Non Holiday,0,0,39.2,1,Monday,26,November,Winter
1,2012-11-27,12.35,36,2051,2,5030,COKE,2012,Non Holiday,0,0,37.4,1,Tuesday,27,November,Winter
1,2012-11-28,12.35,30,2051,2,5030,COKE,2012,Non Holiday,0,0,35.6,1,Wednesday,28,November,Winter
1,2012-11-29,12.35,32,2051,2,5030,COKE,2012,Non Holiday,0,0,32.0,1,Thursday,29,November,Winter
1,2012-11-30,12.35,28,2051,2,5030,COKE,2012,Non Holiday,0,0,32.0,1,Friday,30,November,Winter
1,2012-12-01,12.35,22,2051,2,5030,COKE,2012,Non Holiday,1,0,33.8,1,Saturday,1,December,Winter
1,2012-12-02,12.35,26,2051,2,5030,COKE,2012,Non Holiday,1,0,32.0,1,Sunday,2,December,Winter
1,2012-12-03,12.35,32,2051,2,5030,COKE,2012,Non Holiday,0,0,32.0,1,Monday,3,December,Winter
1,2012-12-04,12.35,32,2051,2,5030,COKE,2012,Non Holiday,0,0,33.8,1,Tuesday,4,December,Winter
1,2012-12-05,12.35,28,2051,2,5030,COKE,2012,Non Holiday,0,0,32.0,1,Wednesday,5,December,Winter
1,2012-12-06,12.35,34,2051,2,5030,COKE,2012,Non Holiday,0,0,32.0,1,Thursday,6,December,Winter
1,2012-12-07,12.35,40,2051,2,5030,COKE,2012,Non Holiday,0,0,30.2,0,Friday,7,December,Winter
1,2012-12-08,12.35,26,2051,2,5030,COKE,2012,Non Holiday,1,0,24.8,0,Saturday,8,December,Winter
1,2012-12-09,12.35,20,2051,2,5030,COKE,2012,Non Holiday,1,0,28.4,1,Sunday,9,December,Winter
1,2012-12-10,12.35,34,2051,2,5030,COKE,2012,Non Holiday,0,0,32.0,1,Monday,10,December,Winter
1,2012-12-11,12.35,36,2051,2,5030,COKE,2012,Non Holiday,0,0,33.8,1,Tuesday,11,December,Winter
1,2012-12-12,12.35,36,2051,2,5030,COKE,2012,Non Holiday,0,0,35.6,1,Wednesday,12,December,Winter
1,2012-12-13,12.35,28,2051,2,5030,COKE,2012,Non Holiday,0,0,32.0,1,Thursday,13,December,Winter
1,2012-12-14,12.35,40,2051,2,5030,COKE,2012,Non Holiday,0,0,28.4,0,Friday,14,December,Winter
1,2012-12-15,12.35,22,2051,2,5030,COKE,2012,Non Holiday,1,0,24.8,0,Saturday,15,December,Winter
1,2012-12-16,12.35,24,2051,2,5030,COKE,2012,Non Holiday,1,0,26.6,0,Sunday,16,December,Winter
1,2012-12-17,12.35,36,2051,2,5030,COKE,2012,Non Holiday,0,0,26.6,0,Monday,17,December,Winter
1,2012-12-18,12.35,38,2051,2,5030,COKE,2012,Non Holiday,0,0,28.4,0,Tuesday,18,December,Winter
1,2012-12-19,12.35,28,2051,2,5030,COKE,2012,Non Holiday,0,0,30.2,1,Wednesday,19,December,Winter
1,2012-12-20,12.35,32,2051,2,5030,COKE,2012,Non Holiday,0,0,30.2,1,Thursday,20,December,Winter
1,2012-12-21,12.35,38,2051,2,5030,COKE,2012,Non Holiday,0,0,28.4,0,Friday,21,December,Winter
1,2012-12-22,12.35,28,2051,2,5030,COKE,2012,Non Holiday,1,0,28.4,0,Saturday,22,December,Winter
1,2012-12-23,12.35,22,2051,2,5030,COKE,2012,Non Holiday,1,0,30.2,1,Sunday,23,December,Winter
1,2012-12-24,12.35,38,2051,2,5030,COKE,2012,Non Holiday,0,0,30.2,0,Monday,24,December,Winter
1,2012-12-25,12.35,40,2051,2,5030,COKE,2012,Non Holiday,0,0,30.2,0,Tuesday,25,December,Winter
1,2012-12-26,12.35,34,2051,2,5030,COKE,2012,Non Holiday,0,0,30.2,1,Wednesday,26,December,Winter
1,2012-12-27,13.13,24,2051,2,5030,COKE,2012,Non Holiday,0,0,30.2,1,Thursday,27,December,Winter
1,2012-12-28,13.13,32,2051,2,5030,COKE,2012,Non Holiday,0,0,30.2,0,Friday,28,December,Winter
1,2012-12-29,13.13,26,2051,2,5030,COKE,2012,Non Holiday,1,0,26.6,1,Saturday,29,December,Winter
1,2012-12-30,13.13,24,2051,2,5030,COKE,2012,Non Holiday,1,0,28.4,1,Sunday,30,December,Winter
1,2012-12-31,13.13,38,2051,2,5030,COKE,2012,Non Holiday,0,0,30.2,0,Monday,31,December,Winter
1,2013-01-01,13.13,22,2051,2,5030,COKE,2013,New Year,0,0,30.2,1,Tuesday,1,January,Winter
1,2013-01-02,13.13,28,2051,2,5030,COKE,2013,New Year,0,0,28.4,0,Wednesday,2,January,Winter
1,2013-01-03,13.13,28,2051,2,5030,COKE,2013,New Year,0,0,26.6,0,Thursday,3,January,Winter
1,2013-01-04,13.13,30,2051,2,5030,COKE,2013,Non Holiday,0,0,24.8,0,Friday,4,January,Winter
1,2013-01-05,13.13,20,2051,2,5030,COKE,2013,Non Holiday,1,0,26.6,0,Saturday,5,January,Winter
1,2013-01-06,13.13,24,2051,2,5030,COKE,2013,Non Holiday,1,0,26.6,0,Sunday,6,January,Winter
1,2013-01-07,13.13,32,2051,2,5030,COKE,2013,Non Holiday,0,0,26.6,0,Monday,7,January,Winter
1,2013-01-08,13.13,36,2051,2,5030,COKE,2013,Non Holiday,0,0,26.6,0,Tuesday,8,January,Winter
1,2013-01-09,13.13,34,2051,2,5030,COKE,2013,Non Holiday,0,0,28.4,0,Wednesday,9,January,Winter
1,2013-01-10,13.13,32,2051,2,5030,COKE,2013,Non Holiday,0,0,28.4,0,Thursday,10,January,Winter
1,2013-01-11,13.13,36,2051,2,5030,COKE,2013,Non Holiday,0,0,24.8,0,Friday,11,January,Winter
1,2013-01-12,13.13,22,2051,2,5030,COKE,2013,Non Holiday,1,0,28.4,0,Saturday,12,January,Winter
1,2013-01-13,13.13,26,2051,2,5030,COKE,2013,Non Holiday,1,0,30.2,0,Sunday,13,January,Winter
1,2013-01-14,13.13,36,2051,2,5030,COKE,2013,Non Holiday,0,1,30.2,0,Monday,14,January,Winter
1,2013-01-15,13.13,32,2051,2,5030,COKE,2013,Non Holiday,0,1,30.2,0,Tuesday,15,January,Winter
1,2013-01-16,13.13,32,2051,2,5030,COKE,2013,Non Holiday,0,1,30.2,1,Wednesday,16,January,Winter
1,2013-01-17,13.13,26,2051,2,5030,COKE,2013,Non Holiday,0,1,30.2,1,Thursday,17,January,Winter
1,2013-01-18,13.13,32,2051,2,5030,COKE,2013,Non Holiday,0,1,32.0,1,Friday,18,January,Winter
1,2013-01-19,13.13,22,2051,2,5030,COKE,2013,Non Holiday,1,1,28.4,1,Saturday,19,January,Winter
1,2013-01-20,13.13,28,2051,2,5030,COKE,2013,Non Holiday,1,1,23.0,0,Sunday,20,January,Winter
1,2013-01-21,13.13,32,2051,2,5030,COKE,2013,Non Holiday,0,1,19.4,0,Monday,21,January,Winter
1,2013-01-22,13.13,26,2051,2,5030,COKE,2013,Luner New Year,0,1,17.6,0,Tuesday,22,January,Winter
1,2013-01-23,13.13,20,2051,2,5030,COKE,2013,Luner New Year,0,1,21.2,0,Wednesday,23,January,Winter
1,2013-01-24,13.13,24,2051,2,5030,COKE,2013,Luner New Year,0,1,23.0,0,Thursday,24,January,Winter
1,2013-01-25,13.13,20,2051,2,5030,COKE,2013,Luner New Year,0,1,23.0,0,Friday,25,January,Winter
1,2013-01-26,13.13,14,2051,2,5030,COKE,2013,Luner New Year,1,1,26.6,0,Saturday,26,January,Winter
1,2013-01-27,13.13,22,2051,2,5030,COKE,2013,Luner New Year,1,1,26.6,0,Sunday,27,January,Winter
1,2013-01-28,13.13,28,2051,2,5030,COKE,2013,Luner New Year,0,1,23.0,0,Monday,28,January,Winter
1,2013-01-29,13.13,32,2051,2,5030,COKE,2013,Non Holiday,0,1,23.0,0,Tuesday,29,January,Winter
1,2013-01-30,13.13,38,2051,2,5030,COKE,2013,Non Holiday,0,1,23.0,0,Wednesday,30,January,Winter
1,2013-01-31,13.13,34,2051,2,5030,COKE,2013,Non Holiday,0,1,23.0,0,Thursday,31,January,Winter
1,2013-02-01,13.13,34,2051,2,5030,COKE,2013,Non Holiday,0,1,19.4,0,Friday,1,February,Spring
1,2013-02-02,13.13,22,2051,2,5030,COKE,2013,Non Holiday,1,1,21.2,0,Saturday,2,February,Spring
1,2013-02-03,13.13,24,2051,2,5030,COKE,2013,Non Holiday,1,1,26.6,0,Sunday,3,February,Spring
1,2013-02-04,13.13,32,2051,2,5030,COKE,2013,Non Holiday,0,1,30.2,0,Monday,4,February,Spring
1,2013-02-05,13.13,38,2051,2,5030,COKE,2013,Non Holiday,0,1,30.2,0,Tuesday,5,February,Spring
1,2013-02-06,13.13,36,2051,2,5030,COKE,2013,Non Holiday,0,1,19.4,0,Wednesday,6,February,Spring
1,2013-02-07,13.13,38,2051,2,5030,COKE,2013,Non Holiday,0,0,23.0,0,Thursday,7,February,Spring
1,2013-02-08,13.13,34,2051,2,5030,COKE,2013,Non Holiday,0,0,26.6,0,Friday,8,February,Spring
1,2013-02-09,13.13,26,2051,2,5030,COKE,2013,Non Holiday,1,0,28.4,0,Saturday,9,February,Spring
1,2013-02-10,13.13,28,2051,2,5030,COKE,2013,Non Holiday,1,0,28.4,0,Sunday,10,February,Spring
1,2013-02-11,13.13,30,2051,2,5030,COKE,2013,Non Holiday,0,0,32.0,0,Monday,11,February,Spring
1,2013-02-12,13.13,24,2051,2,5030,COKE,2013,Non Holiday,0,0,32.0,1,Tuesday,12,February,Spring
1,2013-02-13,13.13,30,2051,2,5030,COKE,2013,Non Holiday,0,0,33.8,1,Wednesday,13,February,Spring
1,2013-02-14,13.13,30,2051,2,5030,COKE,2013,Non Holiday,0,0,30.2,0,Thursday,14,February,Spring
1,2013-02-15,13.13,26,2051,2,5030,COKE,2013,Non Holiday,0,0,32.0,1,Friday,15,February,Spring
1,2013-02-16,13.13,24,2051,2,5030,COKE,2013,Non Holiday,1,0,28.4,0,Saturday,16,February,Spring
1,2013-02-17,13.13,22,2051,2,5030,COKE,2013,Non Holiday,1,0,28.4,0,Sunday,17,February,Spring
1,2013-02-18,13.13,36,2051,2,5030,COKE,2013,Non Holiday,0,0,30.2,0,Monday,18,February,Spring
1,2013-02-19,13.13,32,2051,2,5030,COKE,2013,Non Holiday,0,0,32.0,1,Tuesday,19,February,Spring
1,2013-02-20,13.13,30,2051,2,5030,COKE,2013,Non Holiday,0,0,35.6,1,Wednesday,20,February,Spring
1,2013-02-21,13.13,24,2051,2,5030,COKE,2013,Non Holiday,0,0,33.8,1,Thursday,21,February,Spring
1,2013-02-22,13.13,26,2051,2,5030,COKE,2013,Non Holiday,0,0,35.6,1,Friday,22,February,Spring
1,2013-02-23,13.13,18,2051,2,5030,COKE,2013,Non Holiday,1,0,33.8,1,Saturday,23,February,Spring
1,2013-02-24,13.13,20,2051,2,5030,COKE,2013,Non Holiday,1,0,32.0,1,Sunday,24,February,Spring
1,2013-02-25,13.13,30,2051,2,5030,COKE,2013,Non Holiday,0,0,32.0,1,Monday,25,February,Spring
1,2013-02-26,13.13,26,2051,2,5030,COKE,2013,Non Holiday,0,0,32.0,1,Tuesday,26,February,Spring
1,2013-02-27,13.13,28,2051,2,5030,COKE,2013,Non Holiday,0,0,35.6,1,Wednesday,27,February,Spring
1,2013-02-28,13.13,28,2051,2,5030,COKE,2013,Non Holiday,0,0,35.6,1,Thursday,28,February,Spring
1,2013-03-01,15.5,90,2051,2,5030,COKE,2013,Non Holiday,0,0,39.2,1,Friday,1,March,Spring
1,2013-03-01,15.5,90,2051,2,5030,COKE,2013,Non Holiday,0,0,32.0,1,Friday,1,March,Spring
1,2013-03-01,12.64,22,2051,2,5030,COKE,2013,Non Holiday,0,0,39.2,1,Friday,1,March,Spring
1,2013-03-01,12.64,22,2051,2,5030,COKE,2013,Non Holiday,0,0,32.0,1,Friday,1,March,Spring
1,2013-03-01,15.5,88,2051,2,5030,COKE,2013,Non Holiday,0,0,39.2,1,Friday,1,March,Spring
1,2013-03-01,15.5,88,2051,2,5030,COKE,2013,Non Holiday,0,0,32.0,1,Friday,1,March,Spring
1,2013-03-01,12.64,16,2051,2,5030,COKE,2013,Non Holiday,0,0,39.2,1,Friday,1,March,Spring
1,2013-03-01,12.64,16,2051,2,5030,COKE,2013,Non Holiday,0,0,32.0,1,Friday,1,March,Spring
1,2013-03-02,13.13,18,2051,2,5030,COKE,2013,Non Holiday,1,0,35.6,1,Saturday,2,March,Spring
1,2013-03-03,13.13,22,2051,2,5030,COKE,2013,Non Holiday,1,0,33.8,1,Sunday,3,March,Spring
1,2013-03-04,13.13,30,2051,2,5030,COKE,2013,Non Holiday,0,0,35.6,1,Monday,4,March,Spring
1,2013-03-05,13.13,28,2051,2,5030,COKE,2013,Non Holiday,0,0,35.6,1,Tuesday,5,March,Spring
1,2013-03-06,13.13,30,2051,2,5030,COKE,2013,Non Holiday,0,0,39.2,1,Wednesday,6,March,Spring
1,2013-03-07,13.13,28,2051,2,5030,COKE,2013,Non Holiday,0,0,39.2,1,Thursday,7,March,Spring
1,2013-03-08,13.13,28,2051,2,5030,COKE,2013,Non Holiday,0,0,32.0,1,Friday,8,March,Spring
1,2013-03-09,13.13,22,2051,2,5030,COKE,2013,Non Holiday,1,0,33.8,1,Saturday,9,March,Spring
1,2013-03-10,13.13,24,2051,2,5030,COKE,2013,Non Holiday,1,0,33.8,1,Sunday,10,March,Spring
1,2013-03-11,13.13,32,2051,2,5030,COKE,2013,Non Holiday,0,0,32.0,0,Monday,11,March,Spring
1,2013-03-12,13.13,32,2051,2,5030,COKE,2013,Non Holiday,0,0,37.4,1,Tuesday,12,March,Spring
1,2013-03-13,13.13,24,2051,2,5030,COKE,2013,Non Holiday,0,0,42.8,1,Wednesday,13,March,Spring
1,2013-03-14,13.13,24,2051,2,5030,COKE,2013,Non Holiday,0,0,42.8,1,Thursday,14,March,Spring
1,2013-03-15,13.13,26,2051,2,5030,COKE,2013,Non Holiday,0,0,44.6,1,Friday,15,March,Spring
1,2013-03-16,13.13,20,2051,2,5030,COKE,2013,Non Holiday,1,0,48.2,1,Saturday,16,March,Spring
1,2013-03-17,13.13,20,2051,2,5030,COKE,2013,Non Holiday,1,0,42.8,1,Sunday,17,March,Spring
1,2013-03-18,13.13,30,2051,2,5030,COKE,2013,Non Holiday,0,0,35.6,1,Monday,18,March,Spring
1,2013-03-19,13.13,30,2051,2,5030,COKE,2013,Non Holiday,0,0,37.4,1,Tuesday,19,March,Spring
1,2013-03-20,13.13,30,2051,2,5030,COKE,2013,Non Holiday,0,0,44.6,1,Wednesday,20,March,Spring
1,2013-03-21,13.13,28,2051,2,5030,COKE,2013,Non Holiday,0,0,46.4,1,Thursday,21,March,Spring
1,2013-03-22,13.13,32,2051,2,5030,COKE,2013,Non Holiday,0,0,41.0,1,Friday,22,March,Spring
1,2013-03-23,13.13,26,2051,2,5030,COKE,2013,Non Holiday,1,0,44.6,1,Saturday,23,March,Spring
1,2013-03-24,13.13,24,2051,2,5030,COKE,2013,Non Holiday,1,0,44.6,1,Sunday,24,March,Spring
1,2013-03-25,13.13,28,2051,2,5030,COKE,2013,Non Holiday,0,0,46.4,1,Monday,25,March,Spring
