transactions.csv
STORE,CALENDAR_DATE,PRICE,QUANTITY,SELL_ID,SELL_CATEGORY,ITEM_ID,ITEM_NAME,YEAR,HOLIDAY,IS_WEEKEND,IS_SCHOOLBREAK,AVERAGE_TEMPERATURE,IS_OUTDOOR,weekdays,day,month,SEASONS
1,2012-04-23,12.75,18,2052,2,7821,BURGER,2012,Non Holiday,0,0,55.4,1,Monday,23,April,Spring
1,2012-04-24,12.75,24,2052,2,7821,BURGER,2012,Non Holiday,0,0,60.8,1,Tuesday,24,April,Spring
1,2012-04-25,12.75,16,2052,2,7821,BURGER,2012,Non Holiday,0,0,55.4,1,Wednesday,25,April,Spring
1,2012-04-26,12.75,22,2052,2,7821,BURGER,2012,Non Holiday,0,0,53.6,1,Thursday,26,April,Spring
1,2012-04-27,12.75,24,2052,2,7821,BURGER,2012,Non Holiday,0,0,60.8,1,Friday,27,April,Spring
1,2012-04-28,12.75,12,2052,2,7821,BURGER,2012,Non Holiday,1,0,64.4,1,Saturday,28,April,Spring
1,2012-04-29,12.75,12,2052,2,7821,BURGER,2012,Non Holiday,1,0,62.6,1,Sunday,29,April,Spring
1,2012-04-30,12.75,16,2052,2,7821,BURGER,2012,Labor Day,0,0,62.6,1,Monday,30,April,Spring
1,2012-05-01,11.36,22,2052,2,7821,BURGER,2012,Labor Day,0,0,66.2,1,Tuesday,1,May,Summer
1,2012-05-02,11.36,20,2052,2,7821,BURGER,2012,Labor Day,0,0,64.4,1,Wednesday,2,May,Summer
1,2012-05-03,11.36,26,2052,2,7821,BURGER,2012,Non Holiday,0,0,66.2,1,Thursday,3,May,Summer
1,2012-05-04,11.36,26,2052,2,7821,BURGER,2012,Non Holiday,0,0,60.8,1,Friday,4,May,Summer
1,2012-05-05,11.36,16,2052,2,7821,BURGER,2012,Non Holiday,1,0,64.4,1,Saturday,5,May,Summer
1,2012-05-06,11.36,20,2052,2,7821,BURGER,2012,Non Holiday,1,0,66.2,1,Sunday,6,May,Summer
1,2012-05-07,11.36,26,2052,2,7821,BURGER,2012,Non Holiday,0,0,68.0,1,Monday,7,May,Summer
1,2012-05-08,11.36,20,2052,2,7821,BURGER,2012,Non Holiday,0,0,59.0,1,Tuesday,8,May,Summer
1,2012-05-09,11.36,24,2052,2,7821,BURGER,2012,Non Holiday,0,0,69.8,1,Wednesday,9,May,Summer
1,2012-05-10,11.36,22,2052,2,7821,BURGER,2012,Non Holiday,0,0,66.2,1,Thursday,10,May,Summer
1,2012-05-11,11.36,24,2052,2,7821,BURGER,2012,Non Holiday,0,0,68.0,1,Friday,11,May,Summer
1,2012-05-12,11.36,22,2052,2,7821,BURGER,2012,Non Holiday,1,0,64.4,1,Saturday,12,May,Summer
1,2012-05-13,11.36,14,2052,2,7821,BURGER,2012,Non Holiday,1,0,69.8,1,Sunday,13,May,Summer
1,2012-05-14,11.36,22,2052,2,7821,BURGER,2012,Non Holiday,0,0,71.6,1,Monday,14,May,Summer
1,2012-05-15,11.36,20,2052,2,7821,BURGER,2012,Non Holiday,0,0,66.2,1,Tuesday,15,May,Summer
1,2012-05-16,11.36,24,2052,2,7821,BURGER,2012,Non Holiday,0,0,69.8,1,Wednesday,16,May,Summer
1,2012-05-17,11.36,20,2052,2,7821,BURGER,2012,Non Holiday,0,0,71.6,1,Thursday,17,May,Summer
1,2012-05-18,11.36,22,2052,2,7821,BURGER,2012,Non Holiday,0,0,75.2,1,Friday,18,May,Summer
1,2012-05-19,11.36,14,2052,2,7821,BURGER,2012,Non Holiday,1,0,68.0,1,Saturday,19,May,Summer
1,2012-05-20,11.36,18,2052,2,7821,BURGER,2012,Non Holiday,1,0,64.4,1,Sunday,20,May,Summer
1,2012-05-21,11.36,26,2052,2,7821,BURGER,2012,Non Holiday,0,0,66.2,1,Monday,21,May,Summer
1,2012-05-22,11.36,24,2052,2,7821,BURGER,2012,Non Holiday,0,0,71.6,1,Tuesday,22,May,Summer
1,2012-05-23,11.36,24,2052,2,7821,BURGER,2012,Non Holiday,0,0,73.4,1,Wednesday,23,May,Summer
1,2012-05-24,11.36,28,2052,2,7821,BURGER,2012,Non Holiday,0,0,73.4,1,Thursday,24,May,Summer
1,2012-05-25,11.36,24,2052,2,7821,BURGER,2012,Non Holiday,0,0,71.6,1,Friday,25,May,Summer
1,2012-05-26,11.36,14,2052,2,7821,BURGER,2012,Non Holiday,1,0,71.6,1,Saturday,26,May,Summer
1,2012-05-27,11.36,22,2052,2,7821,BURGER,2012,Non Holiday,1,0,73.4,1,Sunday,27,May,Summer
1,2012-05-28,11.36,26,2052,2,7821,BURGER,2012,Non Holiday,0,0,80.6,1,Monday,28,May,Summer
1,2012-05-29,11.36,26,2052,2,7821,BURGER,2012,Non Holiday,0,0,71.6,1,Tuesday,29,May,Summer
1,2012-05-30,11.36,24,2052,2,7821,BURGER,2012,Non Holiday,0,0,75.2,1,Wednesday,30,May,Summer
1,2012-05-31,11.36,26,2052,2,7821,BURGER,2012,Non Holiday,0,0,73.4,1,Thursday,31,May,Summer
1,2012-06-01,11.36,28,2052,2,7821,BURGER,2012,Non Holiday,0,0,77.0,1,Friday,1,June,Summer
1,2012-06-02,11.36,16,2052,2,7821,BURGER,2012,Non Holiday,1,0,82.4,1,Saturday,2,June,Summer
1,2012-06-03,11.36,20,2052,2,7821,BURGER,2012,Non Holiday,1,0,78.8,1,Sunday,3,June,Summer
1,2012-06-04,11.36,16,2052,2,7821,BURGER,2012,Dragon Boat Festivel,0,0,78.8,1,Monday,4,June,Summer
1,2012-06-05,11.36,14,2052,2,7821,BURGER,2012,Dragon Boat Festivel,0,0,80.6,1,Tuesday,5,June,Summer
1,2012-06-06,11.36,20,2052,2,7821,BURGER,2012,Dragon Boat Festivel,0,0,78.8,1,Wednesday,6,June,Summer
1,2012-06-07,11.36,22,2052,2,7821,BURGER,2012,Non Holiday,0,0,82.4,1,Thursday,7,June,Summer
1,2012-06-08,11.36,22,2052,2,7821,BURGER,2012,Non Holiday,0,0,80.6,1,Friday,8,June,Summer
1,2012-06-09,11.36,16,2052,2,7821,BURGER,2012,Non Holiday,1,0,82.4,1,Saturday,9,June,Summer
1,2012-06-10,11.36,14,2052,2,7821,BURGER,2012,Non Holiday,1,0,75.2,1,Sunday,10,June,Summer
1,2012-06-11,11.36,20,2052,2,7821,BURGER,2012,Non Holiday,0,0,73.4,1,Monday,11,June,Summer
1,2012-06-12,11.36,20,2052,2,7821,BURGER,2012,Non Holiday,0,0,80.6,1,Tuesday,12,June,Summer
1,2012-06-13,11.36,20,2052,2,7821,BURGER,2012,Non Holiday,0,0,82.4,1,Wednesday,13,June,Summer
1,2012-06-14,11.36,20,2052,2,7821,BURGER,2012,Non Holiday,0,0,82.4,1,Thursday,14,June,Summer
1,2012-06-15,11.36,20,2052,2,7821,BURGER,2012,Non Holiday,0,0,77.0,1,Friday,15,June,Summer
1,2012-06-16,11.36,14,2052,2,7821,BURGER,2012,Non Holiday,1,0,73.4,1,Saturday,16,June,Summer
1,2012-06-17,11.36,18,2052,2,7821,BURGER,2012,Non Holiday,1,0,77.0,1,Sunday,17,June,Summer
1,2012-06-18,11.36,26,2052,2,7821,BURGER,2012,Non Holiday,0,0,80.6,1,Monday,18,June,Summer
1,2012-06-19,11.36,26,2052,2,7821,BURGER,2012,Non Holiday,0,0,82.4,1,Tuesday,19,June,Summer
1,2012-06-20,11.36,28,2052,2,7821,BURGER,2012,Non Holiday,0,0,82.4,1,Wednesday,20,June,Summer
1,2012-06-21,11.36,20,2052,2,7821,BURGER,2012,Non Holiday,0,0,84.2,1,Thursday,21,June,Summer
1,2012-06-22,11.36,26,2052,2,7821,BURGER,2012,Non Holiday,0,0,78.8,1,Friday,22,June,Summer
1,2012-06-23,11.36,14,2052,2,7821,BURGER,2012,Non Holiday,1,0,73.4,1,Saturday,23,June,Summer
1,2012-06-24,11.36,16,2052,2,7821,BURGER,2012,Non Holiday,1,0,71.6,1,Sunday,24,June,Summer
1,2012-06-25,11.36,24,2052,2,7821,BURGER,2012,Non Holiday,0,0,75.2,1,Monday,25,June,Summer
1,2012-06-26,11.36,22,2052,2,7821,BURGER,2012,Non Holiday,0,0,78.8,1,Tuesday,26,June,Summer
1,2012-06-27,11.36,26,2052,2,7821,BURGER,2012,Non Holiday,0,0,80.6,1,Wednesday,27,June,Summer
1,2012-06-28,11.36,26,2052,2,7821,BURGER,2012,Non Holiday,0,0,80.6,1,Thursday,28,June,Summer
1,2012-06-29,11.36,20,2052,2,7821,BURGER,2012,Non Holiday,0,0,80.6,1,Friday,29,June,Summer
1,2012-06-30,11.36,20,2052,2,7821,BURGER,2012,Non Holiday,1,0,80.6,1,Saturday,30,June,Summer
1,2012-07-01,11.36,20,2052,2,7821,BURGER,2012,Non Holiday,1,0,80.6,1,Sunday,1,July,Summer
1,2012-07-02,11.36,22,2052,2,7821,BURGER,2012,Non Holiday,0,0,77.0,1,Monday,2,July,Summer
1,2012-07-03,11.36,28,2052,2,7821,BURGER,2012,Non Holiday,0,0,80.6,1,Tuesday,3,July,Summer
1,2012-07-04,11.36,26,2052,2,7821,BURGER,2012,Non Holiday,0,0,84.2,1,Wednesday,4,July,Summer
1,2012-07-05,11.36,20,2052,2,7821,BURGER,2012,Non Holiday,0,0,86.0,1,Thursday,5,July,Summer
1,2012-07-06,11.36,22,2052,2,7821,BURGER,2012,Non Holiday,0,0,80.6,1,Friday,6,July,Summer
1,2012-07-07,11.36,18,2052,2,7821,BURGER,2012,Non Holiday,1,0,78.8,1,Saturday,7,July,Summer
1,2012-07-08,11.36,16,2052,2,7821,BURGER,2012,Non Holiday,1,0,80.6,1,Sunday,8,July,Summer
1,2012-07-09,11.36,22,2052,2,7821,BURGER,2012,Non Holiday,0,0,82.4,1,Monday,9,July,Summer
1,2012-07-10,11.36,20,2052,2,7821,BURGER,2012,Non Holiday,0,0,82.4,1,Tuesday,10,July,Summer
1,2012-07-11,11.36,24,2052,2,7821,BURGER,2012,Non Holiday,0,0,80.6,1,Wednesday,11,July,Summer
1,2012-07-12,11.36,24,2052,2,7821,BURGER,2012,Non Holiday,0,0,80.6,1,Thursday,12,July,Summer
1,2012-07-13,11.36,26,2052,2,7821,BURGER,2012,Non Holiday,0,0,82.4,1,Friday,13,July,Summer
1,2012-07-14,11.36,14,2052,2,7821,BURGER,2012,Non Holiday,1,0,80.6,1,Saturday,14,July,Summer
1,2012-07-15,11.36,14,2052,2,7821,BURGER,2012,Non Holiday,1,0,80.6,1,Sunday,15,July,Summer
1,2012-07-16,11.36,28,2052,2,7821,BURGER,2012,Non Holiday,0,0,78.8,1,Monday,16,July,Summer
1,2012-07-17,11.36,26,2052,2,7821,BURGER,2012,Non Holiday,0,0,77.0,1,Tuesday,17,July,Summer
1,2012-07-18,11.36,22,2052,2,7821,BURGER,2012,Non Holiday,0,0,75.2,1,Wednesday,18,July,Summer
1,2012-07-19,11.36,28,2052,2,7821,BURGER,2012,Non Holiday,0,0,77.0,1,Thursday,19,July,Summer
1,2012-07-20,11.36,20,2052,2,7821,BURGER,2012,Non Holiday,0,0,77.0,1,Friday,20,July,Summer
1,2012-07-21,11.36,16,2052,2,7821,BURGER,2012,Non Holiday,1,0,77.0,1,Saturday,21,July,Summer
1,2012-07-22,11.36,20,2052,2,7821,BURGER,2012,Non Holiday,1,0,82.4,1,Sunday,22,July,Summer
1,2012-07-23,11.36,26,2052,2,7821,BURGER,2012,Non Holiday,0,0,86.0,1,Monday,23,July,Summer
1,2012-07-24,11.36,28,2052,2,7821,BURGER,2012,Non Holiday,0,0,78.8,1,Tuesday,24,July,Summer
1,2012-07-25,11.36,22,2052,2,7821,BURGER,2012,Non Holiday,0,0,78.8,1,Wednesday,25,July,Summer
1,2012-07-26,11.36,24,2052,2,7821,BURGER,2012,Non Holiday,0,0,86.0,1,Thursday,26,July,Summer
1,2012-07-27,11.36,28,2052,2,7821,BURGER,2012,Non Holiday,0,0,84.2,1,Friday,27,July,Summer
1,2012-07-28,11.36,16,2052,2,7821,BURGER,2012,Non Holiday,1,0,84.2,1,Saturday,28,July,Summer
1,2012-07-29,11.36,20,2052,2,7821,BURGER,2012,Non Holiday,1,0,78.8,1,Sunday,29,July,Summer
1,2012-07-30,11.36,20,2052,2,7821,BURGER,2012,Non Holiday,0,0,80.6,1,Monday,30,July,Summer
1,2012-07-31,11.36,20,2052,2,7821,BURGER,2012,Non Holiday,0,0,84.2,1,Tuesday,31,July,Summer
1,2012-08-01,11.36,24,2052,2,7821,BURGER,2012,Non Holiday,0,0,86.0,1,Wednesday,1,August,Autumn
1,2012-08-02,11.36,22,2052,2,7821,BURGER,2012,Non Holiday,0,0,82.4,1,Thursday,2,August,Autumn
1,2012-08-03,11.36,24,2052,2,7821,BURGER,2012,Non Holiday,0,0,82.4,1,Friday,3,August,Autumn
1,2012-08-04,11.36,22,2052,2,7821,BURGER,2012,Non Holiday,1,0,82.4,1,Saturday,4,August,Autumn
1,2012-08-05,11.36,22,2052,2,7821,BURGER,2012,Non Holiday,1,0,80.6,1,Sunday,5,August,Autumn
1,2012-08-06,11.36,28,2052,2,7821,BURGER,2012,Non Holiday,0,0,80.6,1,Monday,6,August,Autumn
1,2012-08-07,11.36,22,2052,2,7821,BURGER,2012,Non Holiday,0,0,82.4,1,Tuesday,7,August,Autumn
1,2012-08-08,11.36,24,2052,2,7821,BURGER,2012,Non Holiday,0,0,84.2,1,Wednesday,8,August,Autumn
1,2012-08-09,11.36,28,2052,2,7821,BURGER,2012,Non Holiday,0,0,84.2,1,Thursday,9,August,Autumn
1,2012-08-10,11.36,24,2052,2,7821,BURGER,2012,Non Holiday,0,0,82.4,1,Friday,10,August,Autumn
1,2012-08-11,11.36,14,2052,2,7821,BURGER,2012,Non Holiday,1,0,84.2,1,Saturday,11,August,Autumn
1,2012-08-12,11.36,20,2052,2,7821,BURGER,2012,Non Holiday,1,0,84.2,1,Sunday,12,August,Autumn
1,2012-08-13,11.36,20,2052,2,7821,BURGER,2012,Non Holiday,0,0,82.4,1,Monday,13,August,Autumn
1,2012-08-14,11.36,26,2052,2,7821,BURGER,2012,Non Holiday,0,0,77.0,1,Tuesday,14,August,Autumn
1,2012-08-15,11.36,24,2052,2,7821,BURGER,2012,Non Holiday,0,0,75.2,1,Wednesday,15,August,Autumn
1,2012-08-16,11.36,28,2052,2,7821,BURGER,2012,Non Holiday,0,0,80.6,1,Thursday,16,August,Autumn
1,2012-08-17,11.36,20,2052,2,7821,BURGER,2012,Non Holiday,0,0,78.8,1,Friday,17,August,Autumn
1,2012-08-18,11.36,20,2052,2,7821,BURGER,2012,Non Holiday,1,0,75.2,1,Saturday,18,August,Autumn
1,2012-08-19,11.36,18,2052,2,7821,BURGER,2012,Non Holiday,1,0,77.0,1,Sunday,19,August,Autumn
1,2012-08-20,11.36,20,2052,2,7821,BURGER,2012,Non Holiday,0,0,78.8,1,Monday,20,August,Autumn
1,2012-08-21,11.36,24,2052,2,7821,BURGER,2012,Non Holiday,0,0,78.8,1,Tuesday,21,August,Autumn
1,2012-08-22,11.36,22,2052,2,7821,BURGER,2012,Non Holiday,0,0,77.0,1,Wednesday,22,August,Autumn
1,2012-08-23,11.36,24,2052,2,7821,BURGER,2012,Non Holiday,0,0,77.0,1,Thursday,23,August,Autumn
1,2012-08-24,11.36,28,2052,2,7821,BURGER,2012,Non Holiday,0,0,75.2,1,Friday,24,August,Autumn
1,2012-08-25,11.36,16,2052,2,7821,BURGER,2012,Non Holiday,1,0,73.4,1,Saturday,25,August,Autumn
1,2012-08-26,11.36,20,2052,2,7821,BURGER,2012,Non Holiday,1,0,75.2,1,Sunday,26,August,Autumn
1,2012-08-27,11.36,24,2052,2,7821,BURGER,2012,Non Holiday,0,0,75.2,1,Monday,27,August,Autumn
1,2012-08-28,11.36,26,2052,2,7821,BURGER,2012,Non Holiday,0,0,77.0,1,Tuesday,28,August,Autumn
1,2012-08-29,12.49,24,2052,2,7821,BURGER,2012,Non Holiday,0,0,78.8,1,Wednesday,29,August,Autumn
1,2012-08-30,12.49,18,2052,2,7821,BURGER,2012,Non Holiday,0,0,80.6,1,Thursday,30,August,Autumn
1,2012-08-31,12.49,24,2052,2,7821,BURGER,2012,Non Holiday,0,0,77.0,1,Friday,31,August,Autumn
1,2012-09-01,12.49,20,2052,2,7821,BURGER,2012,Non Holiday,1,0,73.4,1,Saturday,1,September,Autumn
1,2012-09-02,12.49,14,2052,2,7821,BURGER,2012,Non Holiday,1,0,75.2,1,Sunday,2,September,Autumn
1,2012-09-03,12.49,18,2052,2,7821,BURGER,2012,Non Holiday,0,0,71.6,1,Monday,3,September,Autumn
1,2012-09-04,12.49,24,2052,2,7821,BURGER,2012,Non Holiday,0,0,75.2,1,Tuesday,4,September,Autumn
1,2012-09-05,12.49,16,2052,2,7821,BURGER,2012,Non Holiday,0,0,77.0,1,Wednesday,5,September,Autumn
1,2012-09-06,12.49,22,2052,2,7821,BURGER,2012,Non Holiday,0,0,75.2,1,Thursday,6,September,Autumn
1,2012-09-07,12.49,24,2052,2,7821,BURGER,2012,Non Holiday,0,0,71.6,1,Friday,7,September,Autumn
1,2012-09-08,12.49,14,2052,2,7821,BURGER,2012,Non Holiday,1,0,68.0,1,Saturday,8,September,Autumn
1,2012-09-09,12.49,18,2052,2,7821,BURGER,2012,Non Holiday,1,0,66.2,1,Sunday,9,September,Autumn
1,2012-09-10,12.49,16,2052,2,7821,BURGER,2012,Mid-Autumn Day,0,0,60.8,1,Monday,10,September,Autumn
1,2012-09-11,12.49,20,2052,2,7821,BURGER,2012,Mid-Autumn Day,0,0,68.0,1,Tuesday,11,September,Autumn
1,2012-09-12,12.49,20,2052,2,7821,BURGER,2012,Mid-Autumn Day,0,0,68.0,1,Wednesday,12,September,Autumn
1,2012-09-13,12.49,22,2052,2,7821,BURGER,2012,Non Holiday,0,0,69.8,1,Thursday,13,September,Autumn
1,2012-09-14,12.49,16,2052,2,7821,BURGER,2012,Non Holiday,0,0,69.8,1,Friday,14,September,Autumn
1,2012-09-15,12.49,20,2052,2,7821,BURGER,2012,Non Holiday,1,0,69.8,1,Saturday,15,September,Autumn
1,2012-09-16,12.49,18,2052,2,7821,BURGER,2012,Non Holiday,1,0,62.6,1,Sunday,16,September,Autumn
1,2012-09-17,12.49,22,2052,2,7821,BURGER,2012,Non Holiday,0,0,59.0,1,Monday,17,September,Autumn
1,2012-09-18,12.49,16,2052,2,7821,BURGER,2012,Non Holiday,0,0,59.0,1,Tuesday,18,September,Autumn
1,2012-09-19,12.49,16,2052,2,7821,BURGER,2012,Non Holiday,0,0,60.8,1,Wednesday,19,September,Autumn
1,2012-09-20,12.49,22,2052,2,7821,BURGER,2012,Non Holiday,0,0,62.6,1,Thursday,20,September,Autumn
1,2012-09-21,12.49,18,2052,2,7821,BURGER,2012,Non Holiday,0,0,66.2,1,Friday,21,September,Autumn
1,2012-09-22,12.49,16,2052,2,7821,BURGER,2012,Non Holiday,1,0,68.0,1,Saturday,22,September,Autumn
1,2012-09-23,12.49,14,2052,2,7821,BURGER,2012,Non Holiday,1,0,68.0,1,Sunday,23,September,Autumn
1,2012-09-24,12.49,18,2052,2,7821,BURGER,2012,Non Holiday,0,0,69.8,1,Monday,24,September,Autumn
1,2012-09-25,12.49,18,2052,2,7821,BURGER,2012,Non Holiday,0,0,69.8,1,Tuesday,25,September,Autumn
1,2012-09-26,12.49,20,2052,2,7821,BURGER,2012,Non Holiday,0,0,69.8,1,Wednesday,26,September,Autumn
1,2012-09-27,12.49,18,2052,2,7821,BURGER,2012,Non Holiday,0,0,69.8,1,Thursday,27,September,Autumn
1,2012-09-28,12.49,18,2052,2,7821,BURGER,2012,Non Holiday,0,0,66.2,1,Friday,28,September,Autumn
1,2012-09-29,12.49,12,2052,2,7821,BURGER,2012,Non Holiday,1,0,60.8,1,Saturday,29,September,Autumn
1,2012-09-30,12.49,20,2052,2,7821,BURGER,2012,Non Holiday,1,0,59.0,1,Sunday,30,September,Autumn
1,2012-10-01,12.49,20,2052,2,7821,BURGER,2012,National Day,0,0,59.0,1,Monday,1,October,Autumn
1,2012-10-02,12.49,12,2052,2,7821,BURGER,2012,National Day,0,0,57.2,1,Tuesday,2,October,Autumn
1,2012-10-03,12.49,16,2052,2,7821,BURGER,2012,National Day,0,0,57.2,1,Wednesday,3,October,Autumn
1,2012-10-04,12.49,12,2052,2,7821,BURGER,2012,National Day,0,0,60.8,1,Thursday,4,October,Autumn
1,2012-10-05,12.49,16,2052,2,7821,BURGER,2012,National Day,0,0,62.6,1,Friday,5,October,Autumn
1,2012-10-06,12.49,10,2052,2,7821,BURGER,2012,National Day,1,0,62.6,1,Saturday,6,October,Autumn
1,2012-10-07,12.49,10,2052,2,7821,BURGER,2012,National Day,1,0,64.4,1,Sunday,7,October,Autumn
1,2012-10-08,12.49,20,2052,2,7821,BURGER,2012,Non Holiday,0,0,66.2,1,Monday,8,October,Autumn
1,2012-10-09,12.49,18,2052,2,7821,BURGER,2012,Non Holiday,0,0,66.2,1,Tuesday,9,October,Autumn
1,2012-10-10,12.49,24,2052,2,7821,BURGER,2012,Non Holiday,0,0,62.6,1,Wednesday,10,October,Autumn
1,2012-10-11,12.49,20,2052,2,7821,BURGER,2012,Non Holiday,0,0,62.6,1,Thursday,11,October,Autumn
1,2012-10-12,12.49,18,2052,2,7821,BURGER,2012,Non Holiday,0,0,62.6,1,Friday,12,October,Autumn
1,2012-10-13,12.49,18,2052,2,7821,BURGER,2012,Non Holiday,1,0,59.0,1,Saturday,13,October,Autumn
1,2012-10-14,12.49,20,2052,2,7821,BURGER,2012,Non Holiday,1,0,57.2,1,Sunday,14,October,Autumn
1,2012-10-15,12.49,20,2052,2,7821,BURGER,2012,Non Holiday,0,0,59.0,1,Monday,15,October,Autumn
1,2012-10-16,12.49,16,2052,2,7821,BURGER,2012,Non Holiday,0,0,57.2,1,Tuesday,16,October,Autumn
1,2012-10-17,12.49,24,2052,2,7821,BURGER,2012,Non Holiday,0,0,57.2,1,Wednesday,17,October,Autumn
1,2012-10-18,12.49,18,2052,2,7821,BURGER,2012,Non Holiday,0,0,59.0,1,Thursday,18,October,Autumn
1,2012-10-19,12.49,16,2052,2,7821,BURGER,2012,Non Holiday,0,0,59.0,1,Friday,19,October,Autumn
1,2012-10-20,12.49,12,2052,2,7821,BURGER,2012,Non Holiday,1,0,60.8,1,Saturday,20,October,Autumn
1,2012-10-21,12.49,16,2052,2,7821,BURGER,2012,Non Holiday,1,0,57.2,1,Sunday,21,October,Autumn
1,2012-10-22,12.49,18,2052,2,7821,BURGER,2012,Non Holiday,0,0,60.8,1,Monday,22,October,Autumn
1,2012-10-23,12.49,22,2052,2,7821,BURGER,2012,Non Holiday,0,0,50.0,1,Tuesday,23,October,Autumn
1,2012-10-24,12.49,20,2052,2,7821,BURGER,2012,Non Holiday,0,0,46.4,1,Wednesday,24,October,Autumn
1,2012-10-25,12.49,16,2052,2,7821,BURGER,2012,Non Holiday,0,0,50.0,1,Thursday,25,October,Autumn
1,2012-10-26,12.49,20,2052,2,7821,BURGER,2012,Non Holiday,0,0,48.2,1,Friday,26,October,Autumn
1,2012-10-27,12.49,14,2052,2,7821,BURGER,2012,Non Holiday,1,0,50.0,1,Saturday,27,October,Autumn
1,2012-10-28,12.49,16,2052,2,7821,BURGER,2012,Non Holiday,1,0,51.8,1,Sunday,28,October,Autumn
1,2012-10-29,12.49,18,2052,2,7821,BURGER,2012,Non Holiday,0,0,53.6,1,Monday,29,October,Autumn
