transactions.csv
STORE,CALENDAR_DATE,PRICE,QUANTITY,SELL_ID,SELL_CATEGORY,ITEM_ID,ITEM_NAME,YEAR,HOLIDAY,IS_WEEKEND,IS_SCHOOLBREAK,AVERAGE_TEMPERATURE,IS_OUTDOOR,weekdays,day,month,SEASONS
1,2012-11-26,12.49,18,2052,2,6249,LEMONADE,2012,Non Holiday,0,0,39.2,1,Monday,26,November,Winter
1,2012-11-27,12.49,18,2052,2,6249,LEMONADE,2012,Non Holiday,0,0,37.4,1,Tuesday,27,November,Winter
1,2012-11-28,12.49,20,2052,2,6249,LEMONADE,2012,Non Holiday,0,0,35.6,1,Wednesday,28,November,Winter
1,2012-11-29,12.49,20,2052,2,6249,LEMONADE,2012,Non Holiday,0,0,32.0,1,Thursday,29,November,Winter
1,2012-11-30,12.49,18,2052,2,6249,LEMONADE,2012,Non Holiday,0,0,32.0,1,Friday,30,November,Winter
1,2012-12-01,12.49,20,2052,2,6249,LEMONADE,2012,Non Holiday,1,0,33.8,1,Saturday,1,December,Winter
1,2012-12-02,12.49,14,2052,2,6249,LEMONADE,2012,Non Holiday,1,0,32.0,1,Sunday,2,December,Winter
1,2012-12-03,12.49,20,2052,2,6249,LEMONADE,2012,Non Holiday,0,0,32.0,1,Monday,3,December,Winter
1,2012-12-04,12.49,18,2052,2,6249,LEMONADE,2012,Non Holiday,0,0,33.8,1,Tuesday,4,December,Winter
1,2012-12-05,12.49,20,2052,2,6249,LEMONADE,2012,Non Holiday,0,0,32.0,1,Wednesday,5,December,Winter
1,2012-12-06,12.49,22,2052,2,6249,LEMONADE,2012,Non Holiday,0,0,32.0,1,Thursday,6,December,Winter
1,2012-12-07,12.49,24,2052,2,6249,LEMONADE,2012,Non Holiday,0,0,30.2,0,Friday,7,December,Winter
1,2012-12-08,12.49,22,2052,2,6249,LEMONADE,2012,Non Holiday,1,0,24.8,0,Saturday,8,December,Winter
1,2012-12-09,12.49,18,2052,2,6249,LEMONADE,2012,Non Holiday,1,0,28.4,1,Sunday,9,December,Winter
1,2012-12-10,12.49,20,2052,2,6249,LEMONADE,2012,Non Holiday,0,0,32.0,1,Monday,10,December,Winter
1,2012-12-11,12.49,20,2052,2,6249,LEMONADE,2012,Non Holiday,0,0,33.8,1,Tuesday,11,December,Winter
1,2012-12-12,12.49,16,2052,2,6249,LEMONADE,2012,Non Holiday,0,0,35.6,1,Wednesday,12,December,Winter
1,2012-12-13,12.49,20,2052,2,6249,LEMONADE,2012,Non Holiday,0,0,32.0,1,Thursday,13,December,Winter
1,2012-12-14,12.49,22,2052,2,6249,LEMONADE,2012,Non Holiday,0,0,28.4,0,Friday,14,December,Winter
1,2012-12-15,12.49,22,2052,2,6249,LEMONADE,2012,Non Holiday,1,0,24.8,0,Saturday,15,December,Winter
1,2012-12-16,12.49,14,2052,2,6249,LEMONADE,2012,Non Holiday,1,0,26.6,0,Sunday,16,December,Winter
1,2012-12-17,12.49,28,2052,2,6249,LEMONADE,2012,Non Holiday,0,0,26.6,0,Monday,17,December,Winter
1,2012-12-18,12.49,28,2052,2,6249,LEMONADE,2012,Non Holiday,0,0,28.4,0,Tuesday,18,December,Winter
1,2012-12-19,12.49,20,2052,2,6249,LEMONADE,2012,Non Holiday,0,0,30.2,1,Wednesday,19,December,Winter
1,2012-12-20,12.49,18,2052,2,6249,LEMONADE,2012,Non Holiday,0,0,30.2,1,Thursday,20,December,Winter
1,2012-12-21,12.49,20,2052,2,6249,LEMONADE,2012,Non Holiday,0,0,28.4,0,Friday,21,December,Winter
1,2012-12-22,12.49,18,2052,2,6249,LEMONADE,2012,Non Holiday,1,0,28.4,0,Saturday,22,December,Winter
1,2012-12-23,12.49,20,2052,2,6249,LEMONADE,2012,Non Holiday,1,0,30.2,1,Sunday,23,December,Winter
1,2012-12-24,12.49,28,2052,2,6249,LEMONADE,2012,Non Holiday,0,0,30.2,0,Monday,24,December,Winter
1,2012-12-25,12.49,22,2052,2,6249,LEMONADE,2012,Non Holiday,0,0,30.2,0,Tuesday,25,December,Winter
1,2012-12-26,12.49,16,2052,2,6249,LEMONADE,2012,Non Holiday,0,0,30.2,1,Wednesday,26,December,Winter
1,2012-12-27,12.64,18,2052,2,6249,LEMONADE,2012,Non Holiday,0,0,30.2,1,Thursday,27,December,Winter
1,2012-12-28,12.64,24,2052,2,6249,LEMONADE,2012,Non Holiday,0,0,30.2,0,Friday,28,December,Winter
1,2012-12-29,12.64,16,2052,2,6249,LEMONADE,2012,Non Holiday,1,0,26.6,1,Saturday,29,December,Winter
1,2012-12-30,12.64,14,2052,2,6249,LEMONADE,2012,Non Holiday,1,0,28.4,1,Sunday,30,December,Winter
1,2012-12-31,12.64,22,2052,2,6249,LEMONADE,2012,Non Holiday,0,0,30.2,0,Monday,31,December,Winter
1,2013-01-01,12.64,16,2052,2,6249,LEMONADE,2013,New Year,0,0,30.2,1,Tuesday,1,January,Winter
1,2013-01-02,12.64,16,2052,2,6249,LEMONADE,2013,New Year,0,0,28.4,0,Wednesday,2,January,Winter
1,2013-01-03,12.64,14,2052,2,6249,LEMONADE,2013,New Year,0,0,26.6,0,Thursday,3,January,Winter
1,2013-01-04,12.64,28,2052,2,6249,LEMONADE,2013,Non Holiday,0,0,24.8,0,Friday,4,January,Winter
1,2013-01-05,12.64,16,2052,2,6249,LEMONADE,2013,Non Holiday,1,0,26.6,0,Saturday,5,January,Winter
1,2013-01-06,12.64,16,2052,2,6249,LEMONADE,2013,Non Holiday,1,0,26.6,0,Sunday,6,January,Winter
1,2013-01-07,12.64,24,2052,2,6249,LEMONADE,2013,Non Holiday,0,0,26.6,0,Monday,7,January,Winter
1,2013-01-08,12.64,20,2052,2,6249,LEMONADE,2013,Non Holiday,0,0,26.6,0,Tuesday,8,January,Winter
1,2013-01-09,12.64,26,2052,2,6249,LEMONADE,2013,Non Holiday,0,0,28.4,0,Wednesday,9,January,Winter
1,2013-01-10,12.64,24,2052,2,6249,LEMONADE,2013,Non Holiday,0,0,28.4,0,Thursday,10,January,Winter
1,2013-01-11,12.64,24,2052,2,6249,LEMONADE,2013,Non Holiday,0,0,24.8,0,Friday,11,January,Winter
1,2013-01-12,12.64,18,2052,2,6249,LEMONADE,2013,Non Holiday,1,0,28.4,0,Saturday,12,January,Winter
1,2013-01-13,12.64,18,2052,2,6249,LEMONADE,2013,Non Holiday,1,0,30.2,0,Sunday,13,January,Winter
1,2013-01-14,12.64,26,2052,2,6249,LEMONADE,2013,Non Holiday,0,1,30.2,0,Monday,14,January,Winter
1,2013-01-15,12.64,26,2052,2,6249,LEMONADE,2013,Non Holiday,0,1,30.2,0,Tuesday,15,January,Winter
1,2013-01-16,12.64,24,2052,2,6249,LEMONADE,2013,Non Holiday,0,1,30.2,1,Wednesday,16,January,Winter
1,2013-01-17,12.64,22,2052,2,6249,LEMONADE,2013,Non Holiday,0,1,30.2,1,Thursday,17,January,Winter
1,2013-01-18,12.64,20,2052,2,6249,LEMONADE,2013,Non Holiday,0,1,32.0,1,Friday,18,January,Winter
1,2013-01-19,12.64,18,2052,2,6249,LEMONADE,2013,Non Holiday,1,1,28.4,1,Saturday,19,January,Winter
1,2013-01-20,12.64,14,2052,2,6249,LEMONADE,2013,Non Holiday,1,1,23.0,0,Sunday,20,January,Winter
1,2013-01-21,12.64,26,2052,2,6249,LEMONADE,2013,Non Holiday,0,1,19.4,0,Monday,21,January,Winter
1,2013-01-22,12.64,18,2052,2,6249,LEMONADE,2013,Luner New Year,0,1,17.6,0,Tuesday,22,January,Winter
1,2013-01-23,12.64,18,2052,2,6249,LEMONADE,2013,Luner New Year,0,1,21.2,0,Wednesday,23,January,Winter
1,2013-01-24,12.64,20,2052,2,6249,LEMONADE,2013,Luner New Year,0,1,23.0,0,Thursday,24,January,Winter
1,2013-01-25,12.64,20,2052,2,6249,LEMONADE,2013,Luner New Year,0,1,23.0,0,Friday,25,January,Winter
1,2013-01-26,12.64,16,2052,2,6249,LEMONADE,2013,Luner New Year,1,1,26.6,0,Saturday,26,January,Winter
1,2013-01-27,12.64,14,2052,2,6249,LEMONADE,2013,Luner New Year,1,1,26.6,0,Sunday,27,January,Winter
1,2013-01-28,12.64,14,2052,2,6249,LEMONADE,2013,Luner New Year,0,1,23.0,0,Monday,28,January,Winter
1,2013-01-29,12.64,28,2052,2,6249,LEMONADE,2013,Non Holiday,0,1,23.0,0,Tuesday,29,January,Winter
1,2013-01-30,12.64,28,2052,2,6249,LEMONADE,2013,Non Holiday,0,1,23.0,0,Wednesday,30,January,Winter
1,2013-01-31,12.64,24,2052,2,6249,LEMONADE,2013,Non Holiday,0,1,23.0,0,Thursday,31,January,Winter
1,2013-02-01,12.64,24,2052,2,6249,LEMONADE,2013,Non Holiday,0,1,19.4,0,Friday,1,February,Spring
1,2013-02-02,12.64,14,2052,2,6249,LEMONADE,2013,Non Holiday,1,1,21.2,0,Saturday,2,February,Spring
1,2013-02-03,12.64,20,2052,2,6249,LEMONADE,2013,Non Holiday,1,1,26.6,0,Sunday,3,February,Spring
1,2013-02-04,12.64,22,2052,2,6249,LEMONADE,2013,Non Holiday,0,1,30.2,0,Monday,4,February,Spring
1,2013-02-05,12.64,20,2052,2,6249,LEMONADE,2013,Non Holiday,0,1,30.2,0,Tuesday,5,February,Spring
1,2013-02-06,12.64,22,2052,2,6249,LEMONADE,2013,Non Holiday,0,1,19.4,0,Wednesday,6,February,Spring
1,2013-02-07,12.64,20,2052,2,6249,LEMONADE,2013,Non Holiday,0,0,23.0,0,Thursday,7,February,Spring
1,2013-02-08,12.64,22,2052,2,6249,LEMONADE,2013,Non Holiday,0,0,26.6,0,Friday,8,February,Spring
1,2013-02-09,12.64,16,2052,2,6249,LEMONADE,2013,Non Holiday,1,0,28.4,0,Saturday,9,February,Spring
1,2013-02-10,12.64,16,2052,2,6249,LEMONADE,2013,Non Holiday,1,0,28.4,0,Sunday,10,February,Spring
1,2013-02-11,12.64,26,2052,2,6249,LEMONADE,2013,Non Holiday,0,0,32.0,0,Monday,11,February,Spring
1,2013-02-12,12.64,24,2052,2,6249,LEMONADE,2013,Non Holiday,0,0,32.0,1,Tuesday,12,February,Spring
1,2013-02-13,12.64,18,2052,2,6249,LEMONADE,2013,Non Holiday,0,0,33.8,1,Wednesday,13,February,Spring
1,2013-02-14,12.64,22,2052,2,6249,LEMONADE,2013,Non Holiday,0,0,30.2,0,Thursday,14,February,Spring
1,2013-02-15,12.64,22,2052,2,6249,LEMONADE,2013,Non Holiday,0,0,32.0,1,Friday,15,February,Spring
1,2013-02-16,12.64,18,2052,2,6249,LEMONADE,2013,Non Holiday,1,0,28.4,0,Saturday,16,February,Spring
1,2013-02-17,12.64,14,2052,2,6249,LEMONADE,2013,Non Holiday,1,0,28.4,0,Sunday,17,February,Spring
1,2013-02-18,12.64,22,2052,2,6249,LEMONADE,2013,Non Holiday,0,0,30.2,0,Monday,18,February,Spring
1,2013-02-19,12.64,18,2052,2,6249,LEMONADE,2013,Non Holiday,0,0,32.0,1,Tuesday,19,February,Spring
1,2013-02-20,12.64,20,2052,2,6249,LEMONADE,2013,Non Holiday,0,0,35.6,1,Wednesday,20,February,Spring
1,2013-02-21,12.64,16,2052,2,6249,LEMONADE,2013,Non Holiday,0,0,33.8,1,Thursday,21,February,Spring
1,2013-02-22,12.64,22,2052,2,6249,LEMONADE,2013,Non Holiday,0,0,35.6,1,Friday,22,February,Spring
1,2013-02-23,12.64,18,2052,2,6249,LEMONADE,2013,Non Holiday,1,0,33.8,1,Saturday,23,February,Spring
1,2013-02-24,12.64,16,2052,2,6249,LEMONADE,2013,Non Holiday,1,0,32.0,1,Sunday,24,February,Spring
1,2013-02-25,12.64,20,2052,2,6249,LEMONADE,2013,Non Holiday,0,0,32.0,1,Monday,25,February,Spring
1,2013-02-26,12.64,18,2052,2,6249,LEMONADE,2013,Non Holiday,0,0,32.0,1,Tuesday,26,February,Spring
1,2013-02-27,12.64,22,2052,2,6249,LEMONADE,2013,Non Holiday,0,0,35.6,1,Wednesday,27,February,Spring
1,2013-02-28,12.64,22,2052,2,6249,LEMONADE,2013,Non Holiday,0,0,35.6,1,Thursday,28,February,Spring
1,2013-03-01,13.13,30,2052,2,6249,LEMONADE,2013,Non Holiday,0,0,39.2,1,Friday,1,March,Spring
1,2013-03-01,13.13,30,2052,2,6249,LEMONADE,2013,Non Holiday,0,0,32.0,1,Friday,1,March,Spring
1,2013-03-01,13.41,40,2052,2,6249,LEMONADE,2013,Non Holiday,0,0,39.2,1,Friday,1,March,Spring
1,2013-03-01,13.41,40,2052,2,6249,LEMONADE,2013,Non Holiday,0,0,32.0,1,Friday,1,March,Spring
1,2013-03-01,13.13,26,2052,2,6249,LEMONADE,2013,Non Holiday,0,0,39.2,1,Friday,1,March,Spring
1,2013-03-01,13.13,26,2052,2,6249,LEMONADE,2013,Non Holiday,0,0,32.0,1,Friday,1,March,Spring
1,2013-03-02,12.64,20,2052,2,6249,LEMONADE,2013,Non Holiday,1,0,35.6,1,Saturday,2,March,Spring
1,2013-03-03,12.64,20,2052,2,6249,LEMONADE,2013,Non Holiday,1,0,33.8,1,Sunday,3,March,Spring
1,2013-03-04,12.64,20,2052,2,6249,LEMONADE,2013,Non Holiday,0,0,35.6,1,Monday,4,March,Spring
1,2013-03-05,12.64,24,2052,2,6249,LEMONADE,2013,Non Holiday,0,0,35.6,1,Tuesday,5,March,Spring
1,2013-03-06,12.64,22,2052,2,6249,LEMONADE,2013,Non Holiday,0,0,39.2,1,Wednesday,6,March,Spring
1,2013-03-07,12.64,18,2052,2,6249,LEMONADE,2013,Non Holiday,0,0,39.2,1,Thursday,7,March,Spring
1,2013-03-08,12.64,20,2052,2,6249,LEMONADE,2013,Non Holiday,0,0,32.0,1,Friday,8,March,Spring
1,2013-03-09,12.64,18,2052,2,6249,LEMONADE,2013,Non Holiday,1,0,33.8,1,Saturday,9,March,Spring
1,2013-03-10,12.64,18,2052,2,6249,LEMONADE,2013,Non Holiday,1,0,33.8,1,Sunday,10,March,Spring
1,2013-03-11,12.64,22,2052,2,6249,LEMONADE,2013,Non Holiday,0,0,32.0,0,Monday,11,March,Spring
1,2013-03-12,12.64,16,2052,2,6249,LEMONADE,2013,Non Holiday,0,0,37.4,1,Tuesday,12,March,Spring
1,2013-03-13,12.64,16,2052,2,6249,LEMONADE,2013,Non Holiday,0,0,42.8,1,Wednesday,13,March,Spring
1,2013-03-14,12.64,18,2052,2,6249,LEMONADE,2013,Non Holiday,0,0,42.8,1,Thursday,14,March,Spring
1,2013-03-15,12.64,16,2052,2,6249,LEMONADE,2013,Non Holiday,0,0,44.6,1,Friday,15,March,Spring
1,2013-03-16,12.64,12,2052,2,6249,LEMONADE,2013,Non Holiday,1,0,48.2,1,Saturday,16,March,Spring
1,2013-03-17,12.64,14,2052,2,6249,LEMONADE,2013,Non Holiday,1,0,42.8,1,Sunday,17,March,Spring
1,2013-03-18,12.64,18,2052,2,6249,LEMONADE,2013,Non Holiday,0,0,35.6,1,Monday,18,March,Spring
1,2013-03-19,12.64,18,2052,2,6249,LEMONADE,2013,Non Holiday,0,0,37.4,1,Tuesday,19,March,Spring
1,2013-03-20,12.64,18,2052,2,6249,LEMONADE,2013,Non Holiday,0,0,44.6,1,Wednesday,20,March,Spring
1,2013-03-21,12.64,20,2052,2,6249,LEMONADE,2013,Non Holiday,0,0,46.4,1,Thursday,21,March,Spring
1,2013-03-22,12.64,20,2052,2,6249,LEMONADE,2013,Non Holiday,0,0,41.0,1,Friday,22,March,Spring
1,2013-03-23,12.64,14,2052,2,6249,LEMONADE,2013,Non Holiday,1,0,44.6,1,Saturday,23,March,Spring
1,2013-03-24,12.64,16,2052,2,6249,LEMONADE,2013,Non Holiday,1,0,44.6,1,Sunday,24,March,Spring
1,2013-03-25,12.64,24,2052,2,6249,LEMONADE,2013,Non Holiday,0,0,46.4,1,Monday,25,March,Spring
1,2013-03-26,12.64,24,2052,2,6249,LEMONADE,2013,Non Holiday,0,0,32.0,1,Tuesday,26,March,Spring
1,2013-03-27,12.64,16,2052,2,6249,LEMONADE,2013,Non Holiday,0,0,55.4,1,Wednesday,27,March,Spring
1,2013-03-28,12.64,16,2052,2,6249,LEMONADE,2013,Non Holiday,0,0,59.0,1,Thursday,28,March,Spring
1,2013-03-29,12.64,18,2052,2,6249,LEMONADE,2013,Non Holiday,0,0,53.6,1,Friday,29,March,Spring
1,2013-03-30,12.64,14,2052,2,6249,LEMONADE,2013,Non Holiday,1,0,46.4,1,Saturday,30,March,Spring
1,2013-03-31,12.64,12,2052,2,6249,LEMONADE,2013,Non Holiday,1,0,48.2,1,Sunday,31,March,Spring
1,2013-04-01,12.64,18,2052,2,6249,LEMONADE,2013,Non Holiday,0,0,46.4,1,Monday,1,April,Spring
1,2013-04-02,12.64,12,2052,2,6249,LEMONADE,2013,Qing Ming Festival,0,0,46.4,1,Tuesday,2,April,Spring
1,2013-04-03,12.64,20,2052,2,6249,LEMONADE,2013,Qing Ming Festival,0,0,51.8,1,Wednesday,3,April,Spring
1,2013-04-04,12.64,14,2052,2,6249,LEMONADE,2013,Qing Ming Festival,0,0,55.4,1,Thursday,4,April,Spring
1,2013-04-05,12.64,20,2052,2,6249,LEMONADE,2013,Non Holiday,0,0,50.0,1,Friday,5,April,Spring
1,2013-04-06,12.64,16,2052,2,6249,LEMONADE,2013,Non Holiday,1,0,55.4,1,Saturday,6,April,Spring
1,2013-04-07,12.64,12,2052,2,6249,LEMONADE,2013,Non Holiday,1,0,62.6,1,Sunday,7,April,Spring
1,2013-04-08,12.64,20,2052,2,6249,LEMONADE,2013,Non Holiday,0,0,59.0,1,Monday,8,April,Spring
1,2013-04-09,12.64,20,2052,2,6249,LEMONADE,2013,Non Holiday,0,0,66.2,1,Tuesday,9,April,Spring
1,2013-04-10,12.64,16,2052,2,6249,LEMONADE,2013,Non Holiday,0,0,59.0,1,Wednesday,10,April,Spring
1,2013-04-11,12.64,16,2052,2,6249,LEMONADE,2013,Non Holiday,0,0,57.2,1,Thursday,11,April,Spring
1,2013-04-12,12.64,16,2052,2,6249,LEMONADE,2013,Non Holiday,0,0,60.8,1,Friday,12,April,Spring
1,2013-04-13,12.64,12,2052,2,6249,LEMONADE,2013,Non Holiday,1,0,64.4,1,Saturday,13,April,Spring
1,2013-04-14,12.64,12,2052,2,6249,LEMONADE,2013,Non Holiday,1,0,69.8,1,Sunday,14,April,Spring
1,2013-04-15,12.64,20,2052,2,6249,LEMONADE,2013,Non Holiday,0,0,64.4,1,Monday,15,April,Spring
1,2013-04-16,12.64,16,2052,2,6249,LEMONADE,2013,Non Holiday,0,0,60.8,1,Tuesday,16,April,Spring
1,2013-04-17,12.64,24,2052,2,6249,LEMONADE,2013,Non Holiday,0,0,69.8,1,Wednesday,17,April,Spring
1,2013-04-18,12.64,18,2052,2,6249,LEMONADE,2013,Non Holiday,0,0,66.2,1,Thursday,18,April,Spring
1,2013-04-19,12.64,20,2052,2,6249,LEMONADE,2013,Non Holiday,0,0,62.6,1,Friday,19,April,Spring
1,2013-04-20,12.64,16,2052,2,6249,LEMONADE,2013,Non Holiday,1,0,62.6,1,Saturday,20,April,Spring
1,2013-04-21,12.64,12,2052,2,6249,LEMONADE,2013,Non Holiday,1,0,57.2,1,Sunday,21,April,Spring
1,2013-04-22,12.64,22,2052,2,6249,LEMONADE,2013,Non Holiday,0,0,32.0,1,Monday,22,April,Spring
1,2013-04-23,12.64,20,2052,2,6249,LEMONADE,2013,Non Holiday,0,0,66.2,1,Tuesday,23,April,Spring
1,2013-04-24,12.64,24,2052,2,6249,LEMONADE,2013,Non Holiday,0,0,59.0,1,Wednesday,24,April,Spring
1,2013-04-25,12.72,20,2052,2,6249,LEMONADE,2013,Non Holiday,0,0,55.4,1,Thursday,25,April,Spring
1,2013-04-26,12.72,18,2052,2,6249,LEMONADE,2013,Non Holiday,0,0,64.4,1,Friday,26,April,Spring
1,2013-04-27,12.72,18,2052,2,6249,LEMONADE,2013,Non Holiday,1,0,62.6,1,Saturday,27,April,Spring
1,2013-04-28,12.72,16,2052,2,6249,LEMONADE,2013,Non Holiday,1,0,60.8,1,Sunday,28,April,Spring
1,2013-04-29,12.72,18,2052,2,6249,LEMONADE,2013,Labor Day,0,0,60.8,1,Monday,29,April,Summer
1,2013-04-30,12.72,18,2052,2,6249,LEMONADE,2013,Labor Day,0,0,68.0,1,Tuesday,30,April,Summer
1,2013-05-01,12.72,18,2052,2,6249,LEMONADE,2013,Labor Day,0,0,64.4,1,Wednesday,1,May,Summer
1,2013-05-02,12.72,24,2052,2,6249,LEMONADE,2013,Non Holiday,0,0,73.4,1,Thursday,2,May,Summer
1,2013-05-03,12.72,22,2052,2,6249,LEMONADE,2013,Non Holiday,0,0,75.2,1,Friday,3,May,Summer
1,2013-05-04,12.72,16,2052,2,6249,LEMONADE,2013,Non Holiday,1,0,75.2,1,Saturday,4,May,Summer
1,2013-05-05,12.72,12,2052,2,6249,LEMONADE,2013,Non Holiday,1,0,73.4,1,Sunday,5,May,Summer
1,2013-05-06,12.72,24,2052,2,6249,LEMONADE,2013,Non Holiday,0,0,75.2,1,Monday,6,May,Summer
1,2013-05-07,12.72,16,2052,2,6249,LEMONADE,2013,Non Holiday,0,0,32.0,1,Tuesday,7,May,Summer
1,2013-05-08,12.72,20,2052,2,6249,LEMONADE,2013,Non Holiday,0,0,73.4,1,Wednesday,8,May,Summer
1,2013-05-09,12.72,24,2052,2,6249,LEMONADE,2013,Non Holiday,0,0,73.4,1,Thursday,9,May,Summer
1,2013-05-10,12.72,20,2052,2,6249,LEMONADE,2013,Non Holiday,0,0,75.2,1,Friday,10,May,Summer
1,2013-05-11,12.72,14,2052,2,6249,LEMONADE,2013,Non Holiday,1,0,66.2,1,Saturday,11,May,Summer
1,2013-05-12,12.72,14,2052,2,6249,LEMONADE,2013,Non Holiday,1,0,64.4,1,Sunday,12,May,Summer
1,2013-05-13,12.72,18,2052,2,6249,LEMONADE,2013,Non Holiday,0,0,68.0,1,Monday,13,May,Summer
1,2013-05-14,12.72,24,2052,2,6249,LEMONADE,2013,Non Holiday,0,0,66.2,1,Tuesday,14,May,Summer
1,2013-05-15,12.72,24,2052,2,6249,LEMONADE,2013,Non Holiday,0,0,68.0,1,Wednesday,15,May,Summer
1,2013-05-16,12.72,24,2052,2,6249,LEMONADE,2013,Non Holiday,0,0,69.8,1,Thursday,16,May,Summer
1,2013-05-17,12.72,22,2052,2,6249,LEMONADE,2013,Non Holiday,0,0,73.4,1,Friday,17,May,Summer
1,2013-05-18,12.72,12,2052,2,6249,LEMONADE,2013,Non Holiday,1,0,77.0,1,Saturday,18,May,Summer
1,2013-05-19,12.72,14,2052,2,6249,LEMONADE,2013,Non Holiday,1,0,75.2,1,Sunday,19,May,Summer
1,2013-05-20,12.72,16,2052,2,6249,LEMONADE,2013,Non Holiday,0,0,71.6,1,Monday,20,May,Summer
1,2013-05-21,12.72,22,2052,2,6249,LEMONADE,2013,Non Holiday,0,0,75.2,1,Tuesday,21,May,Summer
1,2013-05-22,12.72,20,2052,2,6249,LEMONADE,2013,Non Holiday,0,0,71.6,1,Wednesday,22,May,Summer
1,2013-05-23,12.72,20,2052,2,6249,LEMONADE,2013,Non Holiday,0,0,73.4,1,Thursday,23,May,Summer
1,2013-05-24,12.72,20,2052,2,6249,LEMONADE,2013,Non Holiday,0,0,71.6,1,Friday,24,May,Summer
