transactions.csv
STORE,CALENDAR_DATE,PRICE,QUANTITY,SELL_ID,SELL_CATEGORY,ITEM_ID,ITEM_NAME,YEAR,HOLIDAY,IS_WEEKEND,IS_SCHOOLBREAK,AVERAGE_TEMPERATURE,IS_OUTDOOR,weekdays,day,month,SEASONS
1,2012-01-17,12.6,54,2053,2,5030,COKE,2012,Non Holiday,0,0,23.0,0,Tuesday,17,January,Winter
1,2012-01-18,12.6,58,2053,2,5030,COKE,2012,Non Holiday,0,0,23.0,0,Wednesday,18,January,Winter
1,2012-01-19,12.6,54,2053,2,5030,COKE,2012,Non Holiday,0,0,24.8,0,Thursday,19,January,Winter
1,2012-01-20,12.6,58,2053,2,5030,COKE,2012,Non Holiday,0,0,26.6,0,Friday,20,January,Winter
1,2012-01-21,12.6,40,2053,2,5030,COKE,2012,Non Holiday,1,0,26.6,0,Saturday,21,January,Winter
1,2012-01-22,12.6,34,2053,2,5030,COKE,2012,Non Holiday,1,0,24.8,0,Sunday,22,January,Winter
1,2012-01-23,12.6,52,2053,2,5030,COKE,2012,Non Holiday,0,0,23.0,0,Monday,23,January,Winter
1,2012-01-24,12.6,56,2053,2,5030,COKE,2012,Non Holiday,0,0,24.8,0,Tuesday,24,January,Winter
1,2012-01-25,12.6,60,2053,2,5030,COKE,2012,Non Holiday,0,0,23.0,0,Wednesday,25,January,Winter
1,2012-01-26,12.6,52,2053,2,5030,COKE,2012,Non Holiday,0,0,24.8,0,Thursday,26,January,Winter
1,2012-01-27,12.6,46,2053,2,5030,COKE,2012,Non Holiday,0,0,32.0,1,Friday,27,January,Winter
1,2012-01-28,12.6,34,2053,2,5030,COKE,2012,Non Holiday,1,0,32.0,1,Saturday,28,January,Winter
1,2012-01-29,12.6,38,2053,2,5030,COKE,2012,Non Holiday,1,0,23.0,0,Sunday,29,January,Winter
1,2012-01-30,12.6,52,2053,2,5030,COKE,2012,Non Holiday,0,0,28.4,0,Monday,30,January,Winter
1,2012-01-31,12.6,42,2053,2,5030,COKE,2012,Non Holiday,0,0,32.0,1,Tuesday,31,January,Winter
1,2012-02-01,12.6,48,2053,2,5030,COKE,2012,Non Holiday,0,0,32.0,1,Wednesday,1,February,Spring
1,2012-02-02,12.6,34,2053,2,5030,COKE,2012,Luner New Year,0,0,32.0,1,Thursday,2,February,Spring
1,2012-02-03,12.6,32,2053,2,5030,COKE,2012,Luner New Year,0,0,32.0,1,Friday,3,February,Spring
1,2012-02-04,12.6,20,2053,2,5030,COKE,2012,Luner New Year,1,0,32.0,1,Saturday,4,February,Spring
1,2012-02-05,12.6,28,2053,2,5030,COKE,2012,Luner New Year,1,0,32.0,1,Sunday,5,February,Spring
1,2012-02-06,12.6,32,2053,2,5030,COKE,2012,Luner New Year,0,0,32.0,1,Monday,6,February,Spring
1,2012-02-07,12.6,30,2053,2,5030,COKE,2012,Luner New Year,0,0,32.0,1,Tuesday,7,February,Spring
1,2012-02-08,12.6,30,2053,2,5030,COKE,2012,Luner New Year,0,0,32.0,1,Wednesday,8,February,Spring
1,2012-02-09,12.6,42,2053,2,5030,COKE,2012,Non Holiday,0,0,32.0,1,Thursday,9,February,Spring
1,2012-02-10,12.6,44,2053,2,5030,COKE,2012,Non Holiday,0,0,32.0,1,Friday,10,February,Spring
1,2012-02-11,12.6,40,2053,2,5030,COKE,2012,Non Holiday,1,0,24.8,0,Saturday,11,February,Spring
1,2012-02-12,12.6,34,2053,2,5030,COKE,2012,Non Holiday,1,0,24.8,0,Sunday,12,February,Spring
1,2012-02-13,12.6,46,2053,2,5030,COKE,2012,Non Holiday,0,0,32.0,1,Monday,13,February,Spring
1,2012-02-14,12.6,44,2053,2,5030,COKE,2012,Non Holiday,0,0,32.0,1,Tuesday,14,February,Spring
1,2012-02-15,12.6,48,2053,2,5030,COKE,2012,Non Holiday,0,0,32.0,1,Wednesday,15,February,Spring
1,2012-02-16,12.6,42,2053,2,5030,COKE,2012,Non Holiday,0,0,32.0,1,Thursday,16,February,Spring
1,2012-02-17,12.6,42,2053,2,5030,COKE,2012,Non Holiday,0,0,32.0,1,Friday,17,February,Spring
1,2012-02-18,12.6,30,2053,2,5030,COKE,2012,Non Holiday,1,0,32.0,1,Saturday,18,February,Spring
1,2012-02-19,12.6,28,2053,2,5030,COKE,2012,Non Holiday,1,0,37.4,1,Sunday,19,February,Spring
1,2012-02-20,12.6,44,2053,2,5030,COKE,2012,Non Holiday,0,0,37.4,1,Monday,20,February,Spring
1,2012-02-21,12.6,44,2053,2,5030,COKE,2012,Non Holiday,0,0,39.2,1,Tuesday,21,February,Spring
1,2012-02-22,12.6,44,2053,2,5030,COKE,2012,Non Holiday,0,0,39.2,1,Wednesday,22,February,Spring
1,2012-02-23,12.6,46,2053,2,5030,COKE,2012,Non Holiday,0,0,42.8,1,Thursday,23,February,Spring
1,2012-02-24,12.6,46,2053,2,5030,COKE,2012,Non Holiday,0,0,39.2,1,Friday,24,February,Spring
1,2012-02-25,12.6,36,2053,2,5030,COKE,2012,Non Holiday,1,0,37.4,1,Saturday,25,February,Spring
1,2012-02-26,12.6,30,2053,2,5030,COKE,2012,Non Holiday,1,0,32.0,1,Sunday,26,February,Spring
1,2012-02-27,12.6,50,2053,2,5030,COKE,2012,Non Holiday,0,0,30.2,1,Monday,27,February,Spring
1,2012-02-28,12.6,42,2053,2,5030,COKE,2012,Non Holiday,0,0,33.8,1,Tuesday,28,February,Spring
1,2012-03-01,12.6,50,2053,2,5030,COKE,2012,Non Holiday,0,0,33.8,1,Thursday,1,March,Spring
1,2012-03-02,12.6,46,2053,2,5030,COKE,2012,Non Holiday,0,0,35.6,1,Friday,2,March,Spring
1,2012-03-03,12.6,30,2053,2,5030,COKE,2012,Non Holiday,1,0,35.6,1,Saturday,3,March,Spring
1,2012-03-04,12.6,28,2053,2,5030,COKE,2012,Non Holiday,1,0,41.0,1,Sunday,4,March,Spring
1,2012-03-05,12.6,46,2053,2,5030,COKE,2012,Non Holiday,0,0,44.6,1,Monday,5,March,Spring
1,2012-03-06,12.6,44,2053,2,5030,COKE,2012,Non Holiday,0,0,39.2,1,Tuesday,6,March,Spring
1,2012-03-07,12.6,44,2053,2,5030,COKE,2012,Non Holiday,0,0,39.2,1,Wednesday,7,March,Spring
1,2012-03-08,12.6,42,2053,2,5030,COKE,2012,Non Holiday,0,0,39.2,1,Thursday,8,March,Spring
1,2012-03-09,12.6,44,2053,2,5030,COKE,2012,Non Holiday,0,0,41.0,1,Friday,9,March,Spring
1,2012-03-10,12.6,28,2053,2,5030,COKE,2012,Non Holiday,1,0,46.4,1,Saturday,10,March,Spring
1,2012-03-11,12.6,34,2053,2,5030,COKE,2012,Non Holiday,1,0,50.0,1,Sunday,11,March,Spring
1,2012-03-12,12.6,50,2053,2,5030,COKE,2012,Non Holiday,0,0,55.4,1,Monday,12,March,Spring
1,2012-03-13,12.6,44,2053,2,5030,COKE,2012,Non Holiday,0,0,50.0,1,Tuesday,13,March,Spring
1,2012-03-14,12.6,42,2053,2,5030,COKE,2012,Non Holiday,0,0,41.0,1,Wednesday,14,March,Spring
1,2012-03-15,12.6,46,2053,2,5030,COKE,2012,Non Holiday,0,0,37.4,1,Thursday,15,March,Spring
1,2012-03-16,12.6,46,2053,2,5030,COKE,2012,Non Holiday,0,0,42.8,1,Friday,16,March,Spring
1,2012-03-17,12.6,28,2053,2,5030,COKE,2012,Non Holiday,1,0,50.0,1,Saturday,17,March,Spring
1,2012-03-18,12.6,30,2053,2,5030,COKE,2012,Non Holiday,1,0,44.6,1,Sunday,18,March,Spring
1,2012-03-19,12.6,50,2053,2,5030,COKE,2012,Non Holiday,0,0,46.4,1,Monday,19,March,Spring
1,2012-03-20,12.6,42,2053,2,5030,COKE,2012,Non Holiday,0,0,44.6,1,Tuesday,20,March,Spring
1,2012-03-21,12.6,42,2053,2,5030,COKE,2012,Non Holiday,0,0,37.4,1,Wednesday,21,March,Spring
1,2012-03-22,12.6,44,2053,2,5030,COKE,2012,Non Holiday,0,0,39.2,1,Thursday,22,March,Spring
1,2012-03-23,12.6,46,2053,2,5030,COKE,2012,Non Holiday,0,0,42.8,1,Friday,23,March,Spring
1,2012-03-24,12.6,32,2053,2,5030,COKE,2012,Non Holiday,1,0,42.8,1,Saturday,24,March,Spring
1,2012-03-25,12.6,32,2053,2,5030,COKE,2012,Non Holiday,1,0,42.8,1,Sunday,25,March,Spring
1,2012-03-26,12.6,50,2053,2,5030,COKE,2012,Non Holiday,0,0,46.4,1,Monday,26,March,Spring
1,2012-03-27,12.6,46,2053,2,5030,COKE,2012,Non Holiday,0,0,48.2,1,Tuesday,27,March,Spring
1,2012-03-28,12.6,48,2053,2,5030,COKE,2012,Non Holiday,0,0,50.0,1,Wednesday,28,March,Spring
1,2012-03-29,12.6,50,2053,2,5030,COKE,2012,Non Holiday,0,0,51.8,1,Thursday,29,March,Spring
1,2012-03-30,12.6,42,2053,2,5030,COKE,2012,Non Holiday,0,0,57.2,1,Friday,30,March,Spring
1,2012-03-31,12.6,28,2053,2,5030,COKE,2012,Non Holiday,1,0,57.2,1,Saturday,31,March,Spring
1,2012-04-01,12.6,34,2053,2,5030,COKE,2012,Non Holiday,1,0,44.6,1,Sunday,1,April,Spring
1,2012-04-02,12.6,44,2053,2,5030,COKE,2012,Non Holiday,0,0,44.6,1,Monday,2,April,Spring
1,2012-04-03,12.6,36,2053,2,5030,COKE,2012,Qing Ming Festival,0,0,48.2,1,Tuesday,3,April,Spring
1,2012-04-04,12.6,30,2053,2,5030,COKE,2012,Qing Ming Festival,0,0,53.6,1,Wednesday,4,April,Spring
1,2012-04-05,12.6,30,2053,2,5030,COKE,2012,Qing Ming Festival,0,0,57.2,1,Thursday,5,April,Spring
1,2012-04-06,12.6,44,2053,2,5030,COKE,2012,Non Holiday,0,0,55.4,1,Friday,6,April,Spring
1,2012-04-07,12.6,32,2053,2,5030,COKE,2012,Non Holiday,1,0,53.6,1,Saturday,7,April,Spring
1,2012-04-08,12.6,30,2053,2,5030,COKE,2012,Non Holiday,1,0,55.4,1,Sunday,8,April,Spring
1,2012-04-09,12.6,44,2053,2,5030,COKE,2012,Non Holiday,0,0,60.8,1,Monday,9,April,Spring
1,2012-04-10,12.6,50,2053,2,5030,COKE,2012,Non Holiday,0,0,50.0,1,Tuesday,10,April,Spring
1,2012-04-11,12.6,50,2053,2,5030,COKE,2012,Non Holiday,0,0,57.2,1,Wednesday,11,April,Spring
1,2012-04-12,12.6,50,2053,2,5030,COKE,2012,Non Holiday,0,0,62.6,1,Thursday,12,April,Spring
1,2012-04-13,12.6,42,2053,2,5030,COKE,2012,Non Holiday,0,0,66.2,1,Friday,13,April,Spring
1,2012-04-14,12.6,34,2053,2,5030,COKE,2012,Non Holiday,1,0,69.8,1,Saturday,14,April,Spring
1,2012-04-15,12.6,28,2053,2,5030,COKE,2012,Non Holiday,1,0,60.8,1,Sunday,15,April,Spring
1,2012-04-16,12.6,50,2053,2,5030,COKE,2012,Non Holiday,0,0,66.2,1,Monday,16,April,Spring
1,2012-04-17,12.6,42,2053,2,5030,COKE,2012,Non Holiday,0,0,57.2,1,Tuesday,17,April,Spring
1,2012-04-18,12.6,46,2053,2,5030,COKE,2012,Non Holiday,0,0,57.2,1,Wednesday,18,April,Spring
1,2012-04-19,12.6,48,2053,2,5030,COKE,2012,Non Holiday,0,0,62.6,1,Thursday,19,April,Spring
1,2012-04-20,12.6,48,2053,2,5030,COKE,2012,Non Holiday,0,0,66.2,1,Friday,20,April,Spring
1,2012-04-21,12.6,28,2053,2,5030,COKE,2012,Non Holiday,1,0,53.6,1,Saturday,21,April,Spring
1,2012-04-22,12.6,36,2053,2,5030,COKE,2012,Non Holiday,1,0,57.2,1,Sunday,22,April,Spring
1,2012-04-23,12.6,46,2053,2,5030,COKE,2012,Non Holiday,0,0,55.4,1,Monday,23,April,Spring
1,2012-04-24,12.6,48,2053,2,5030,COKE,2012,Non Holiday,0,0,60.8,1,Tuesday,24,April,Spring
1,2012-04-25,12.6,48,2053,2,5030,COKE,2012,Non Holiday,0,0,55.4,1,Wednesday,25,April,Spring
1,2012-04-26,12.6,46,2053,2,5030,COKE,2012,Non Holiday,0,0,53.6,1,Thursday,26,April,Spring
1,2012-04-27,12.6,48,2053,2,5030,COKE,2012,Non Holiday,0,0,60.8,1,Friday,27,April,Spring
1,2012-04-28,12.6,34,2053,2,5030,COKE,2012,Non Holiday,1,0,64.4,1,Saturday,28,April,Spring
1,2012-04-29,12.6,28,2053,2,5030,COKE,2012,Non Holiday,1,0,62.6,1,Sunday,29,April,Spring
1,2012-04-30,12.6,36,2053,2,5030,COKE,2012,Labor Day,0,0,62.6,1,Monday,30,April,Spring
1,2012-05-01,10.47,44,2053,2,5030,COKE,2012,Labor Day,0,0,66.2,1,Tuesday,1,May,Summer
1,2012-05-02,10.47,42,2053,2,5030,COKE,2012,Labor Day,0,0,64.4,1,Wednesday,2,May,Summer
1,2012-05-03,10.47,58,2053,2,5030,COKE,2012,Non Holiday,0,0,66.2,1,Thursday,3,May,Summer
1,2012-05-04,10.47,58,2053,2,5030,COKE,2012,Non Holiday,0,0,60.8,1,Friday,4,May,Summer
1,2012-05-05,10.47,40,2053,2,5030,COKE,2012,Non Holiday,1,0,64.4,1,Saturday,5,May,Summer
1,2012-05-06,10.47,42,2053,2,5030,COKE,2012,Non Holiday,1,0,66.2,1,Sunday,6,May,Summer
1,2012-05-07,10.47,60,2053,2,5030,COKE,2012,Non Holiday,0,0,68.0,1,Monday,7,May,Summer
1,2012-05-08,10.47,60,2053,2,5030,COKE,2012,Non Holiday,0,0,59.0,1,Tuesday,8,May,Summer
1,2012-05-09,10.47,62,2053,2,5030,COKE,2012,Non Holiday,0,0,69.8,1,Wednesday,9,May,Summer
1,2012-05-10,10.47,58,2053,2,5030,COKE,2012,Non Holiday,0,0,66.2,1,Thursday,10,May,Summer
1,2012-05-11,10.47,62,2053,2,5030,COKE,2012,Non Holiday,0,0,68.0,1,Friday,11,May,Summer
1,2012-05-12,10.47,42,2053,2,5030,COKE,2012,Non Holiday,1,0,64.4,1,Saturday,12,May,Summer
1,2012-05-13,10.47,40,2053,2,5030,COKE,2012,Non Holiday,1,0,69.8,1,Sunday,13,May,Summer
1,2012-05-14,10.47,60,2053,2,5030,COKE,2012,Non Holiday,0,0,71.6,1,Monday,14,May,Summer
1,2012-05-15,10.47,56,2053,2,5030,COKE,2012,Non Holiday,0,0,66.2,1,Tuesday,15,May,Summer
1,2012-05-16,10.47,58,2053,2,5030,COKE,2012,Non Holiday,0,0,69.8,1,Wednesday,16,May,Summer
1,2012-05-17,10.47,64,2053,2,5030,COKE,2012,Non Holiday,0,0,71.6,1,Thursday,17,May,Summer
1,2012-05-18,10.47,62,2053,2,5030,COKE,2012,Non Holiday,0,0,75.2,1,Friday,18,May,Summer
1,2012-05-19,10.47,38,2053,2,5030,COKE,2012,Non Holiday,1,0,68.0,1,Saturday,19,May,Summer
1,2012-05-20,10.47,38,2053,2,5030,COKE,2012,Non Holiday,1,0,64.4,1,Sunday,20,May,Summer
1,2012-05-21,10.47,64,2053,2,5030,COKE,2012,Non Holiday,0,0,66.2,1,Monday,21,May,Summer
1,2012-05-22,10.47,58,2053,2,5030,COKE,2012,Non Holiday,0,0,71.6,1,Tuesday,22,May,Summer
1,2012-05-23,10.47,64,2053,2,5030,COKE,2012,Non Holiday,0,0,73.4,1,Wednesday,23,May,Summer
1,2012-05-24,10.47,56,2053,2,5030,COKE,2012,Non Holiday,0,0,73.4,1,Thursday,24,May,Summer
1,2012-05-25,10.47,56,2053,2,5030,COKE,2012,Non Holiday,0,0,71.6,1,Friday,25,May,Summer
1,2012-05-26,10.47,40,2053,2,5030,COKE,2012,Non Holiday,1,0,71.6,1,Saturday,26,May,Summer
1,2012-05-27,10.47,42,2053,2,5030,COKE,2012,Non Holiday,1,0,73.4,1,Sunday,27,May,Summer
1,2012-05-28,10.47,60,2053,2,5030,COKE,2012,Non Holiday,0,0,80.6,1,Monday,28,May,Summer
1,2012-05-29,10.47,60,2053,2,5030,COKE,2012,Non Holiday,0,0,71.6,1,Tuesday,29,May,Summer
1,2012-05-30,10.47,60,2053,2,5030,COKE,2012,Non Holiday,0,0,75.2,1,Wednesday,30,May,Summer
1,2012-05-31,10.47,64,2053,2,5030,COKE,2012,Non Holiday,0,0,73.4,1,Thursday,31,May,Summer
1,2012-06-01,10.47,60,2053,2,5030,COKE,2012,Non Holiday,0,0,77.0,1,Friday,1,June,Summer
1,2012-06-02,10.47,46,2053,2,5030,COKE,2012,Non Holiday,1,0,82.4,1,Saturday,2,June,Summer
1,2012-06-03,10.47,42,2053,2,5030,COKE,2012,Non Holiday,1,0,78.8,1,Sunday,3,June,Summer
1,2012-06-04,10.47,42,2053,2,5030,COKE,2012,Dragon Boat Festivel,0,0,78.8,1,Monday,4,June,Summer
1,2012-06-05,10.47,40,2053,2,5030,COKE,2012,Dragon Boat Festivel,0,0,80.6,1,Tuesday,5,June,Summer
1,2012-06-06,10.47,38,2053,2,5030,COKE,2012,Dragon Boat Festivel,0,0,78.8,1,Wednesday,6,June,Summer
1,2012-06-07,10.47,62,2053,2,5030,COKE,2012,Non Holiday,0,0,82.4,1,Thursday,7,June,Summer
1,2012-06-08,10.47,56,2053,2,5030,COKE,2012,Non Holiday,0,0,80.6,1,Friday,8,June,Summer
1,2012-06-09,10.47,46,2053,2,5030,COKE,2012,Non Holiday,1,0,82.4,1,Saturday,9,June,Summer
1,2012-06-10,10.47,38,2053,2,5030,COKE,2012,Non Holiday,1,0,75.2,1,Sunday,10,June,Summer
1,2012-06-11,10.47,58,2053,2,5030,COKE,2012,Non Holiday,0,0,73.4,1,Monday,11,June,Summer
1,2012-06-12,10.47,64,2053,2,5030,COKE,2012,Non Holiday,0,0,80.6,1,Tuesday,12,June,Summer
1,2012-06-13,10.47,64,2053,2,5030,COKE,2012,Non Holiday,0,0,82.4,1,Wednesday,13,June,Summer
1,2012-06-14,10.47,64,2053,2,5030,COKE,2012,Non Holiday,0,0,82.4,1,Thursday,14,June,Summer
1,2012-06-15,10.47,60,2053,2,5030,COKE,2012,Non Holiday,0,0,77.0,1,Friday,15,June,Summer
1,2012-06-16,10.47,44,2053,2,5030,COKE,2012,Non Holiday,1,0,73.4,1,Saturday,16,June,Summer
1,2012-06-17,10.47,46,2053,2,5030,COKE,2012,Non Holiday,1,0,77.0,1,Sunday,17,June,Summer
1,2012-06-18,10.47,64,2053,2,5030,COKE,2012,Non Holiday,0,0,80.6,1,Monday,18,June,Summer
1,2012-06-19,10.47,64,2053,2,5030,COKE,2012,Non Holiday,0,0,82.4,1,Tuesday,19,June,Summer
1,2012-06-20,10.47,58,2053,2,5030,COKE,2012,Non Holiday,0,0,82.4,1,Wednesday,20,June,Summer
1,2012-06-21,10.47,62,2053,2,5030,COKE,2012,Non Holiday,0,0,84.2,1,Thursday,21,June,Summer
1,2012-06-22,10.47,64,2053,2,5030,COKE,2012,Non Holiday,0,0,78.8,1,Friday,22,June,Summer
1,2012-06-23,10.47,38,2053,2,5030,COKE,2012,Non Holiday,1,0,73.4,1,Saturday,23,June,Summer
1,2012-06-24,10.47,38,2053,2,5030,COKE,2012,Non Holiday,1,0,71.6,1,Sunday,24,June,Summer
1,2012-06-25,10.47,62,2053,2,5030,COKE,2012,Non Holiday,0,0,75.2,1,Monday,25,June,Summer
1,2012-06-26,10.47,56,2053,2,5030,COKE,2012,Non Holiday,0,0,78.8,1,Tuesday,26,June,Summer
1,2012-06-27,10.47,56,2053,2,5030,COKE,2012,Non Holiday,0,0,80.6,1,Wednesday,27,June,Summer
1,2012-06-28,10.47,56,2053,2,5030,COKE,2012,Non Holiday,0,0,80.6,1,Thursday,28,June,Summer
1,2012-06-29,10.47,60,2053,2,5030,COKE,2012,Non Holiday,0,0,80.6,1,Friday,29,June,Summer
1,2012-06-30,10.47,46,2053,2,5030,COKE,2012,Non Holiday,1,0,80.6,1,Saturday,30,June,Summer
1,2012-07-01,10.47,38,2053,2,5030,COKE,2012,Non Holiday,1,0,80.6,1,Sunday,1,July,Summer
1,2012-07-02,10.47,60,2053,2,5030,COKE,2012,Non Holiday,0,0,77.0,1,Monday,2,July,Summer
1,2012-07-03,10.47,62,2053,2,5030,COKE,2012,Non Holiday,0,0,80.6,1,Tuesday,3,July,Summer
1,2012-07-04,10.47,64,2053,2,5030,COKE,2012,Non Holiday,0,0,84.2,1,Wednesday,4,July,Summer
1,2012-07-05,10.47,58,2053,2,5030,COKE,2012,Non Holiday,0,0,86.0,1,Thursday,5,July,Summer
1,2012-07-06,10.47,56,2053,2,5030,COKE,2012,Non Holiday,0,0,80.6,1,Friday,6,July,Summer
1,2012-07-07,10.47,44,2053,2,5030,COKE,2012,Non Holiday,1,0,78.8,1,Saturday,7,July,Summer
1,2012-07-08,10.47,44,2053,2,5030,COKE,2012,Non Holiday,1,0,80.6,1,Sunday,8,July,Summer
1,2012-07-09,10.47,60,2053,2,5030,COKE,2012,Non Holiday,0,0,82.4,1,Monday,9,July,Summer
1,2012-07-10,10.47,56,2053,2,5030,COKE,2012,Non Holiday,0,0,82.4,1,Tuesday,10,July,Summer
1,2012-07-11,10.47,58,2053,2,5030,COKE,2012,Non Holiday,0,0,80.6,1,Wednesday,11,July,Summer
1,2012-07-12,10.47,60,2053,2,5030,COKE,2012,Non Holiday,0,0,80.6,1,Thursday,12,July,Summer
1,2012-07-13,10.47,56,2053,2,5030,COKE,2012,Non Holiday,0,0,82.4,1,Friday,13,July,Summer
1,2012-07-14,10.47,46,2053,2,5030,COKE,2012,Non Holiday,1,0,80.6,1,Saturday,14,July,Summer
1,2012-07-15,10.47,38,2053,2,5030,COKE,2012,Non Holiday,1,0,80.6,1,Sunday,15,July,Summer
1,2012-07-16,10.47,58,2053,2,5030,COKE,2012,Non Holiday,0,0,78.8,1,Monday,16,July,Summer
1,2012-07-17,10.47,56,2053,2,5030,COKE,2012,Non Holiday,0,0,77.0,1,Tuesday,17,July,Summer
1,2012-07-18,10.47,62,2053,2,5030,COKE,2012,Non Holiday,0,0,75.2,1,Wednesday,18,July,Summer
1,2012-07-19,10.47,64,2053,2,5030,COKE,2012,Non Holiday,0,0,77.0,1,Thursday,19,July,Summer
1,2012-07-20,10.47,62,2053,2,5030,COKE,2012,Non Holiday,0,0,77.0,1,Friday,20,July,Summer
1,2012-07-21,10.47,38,2053,2,5030,COKE,2012,Non Holiday,1,0,77.0,1,Saturday,21,July,Summer
1,2012-07-22,10.47,40,2053,2,5030,COKE,2012,Non Holiday,1,0,82.4,1,Sunday,22,July,Summer
1,2012-07-23,10.47,56,2053,2,5030,COKE,2012,Non Holiday,0,0,86.0,1,Monday,23,July,Summer
1,2012-07-24,10.47,64,2053,2,5030,COKE,2012,Non Holiday,0,0,78.8,1,Tuesday,24,July,Summer
1,2012-07-25,10.47,62,2053,2,5030,COKE,2012,Non Holiday,0,0,78.8,1,Wednesday,25,July,Summer
1,2012-07-26,10.47,58,2053,2,5030,COKE,2012,Non Holiday,0,0,86.0,1,Thursday,26,July,Summer
1,2012-07-27,10.47,64,2053,2,5030,COKE,2012,Non Holiday,0,0,84.2,1,Friday,27,July,Summer
1,2012-07-28,10.47,46,2053,2,5030,COKE,2012,Non Holiday,1,0,84.2,1,Saturday,28,July,Summer
1,2012-07-29,10.47,44,2053,2,5030,COKE,2012,Non Holiday,1,0,78.8,1,Sunday,29,July,Summer
1,2012-07-30,10.47,62,2053,2,5030,COKE,2012,Non Holiday,0,0,80.6,1,Monday,30,July,Summer
1,2012-07-31,10.47,56,2053,2,5030,COKE,2012,Non Holiday,0,0,84.2,1,Tuesday,31,July,Summer
