transactions.csv
STORE,CALENDAR_DATE,PRICE,QUANTITY,SELL_ID,SELL_CATEGORY,ITEM_ID,ITEM_NAME,YEAR,HOLIDAY,IS_WEEKEND,IS_SCHOOLBREAK,AVERAGE_TEMPERATURE,IS_OUTDOOR,weekdays,day,month,SEASONS
1,2013-02-07,13.41,50,2053,2,5030,COKE,2013,Non Holiday,0,0,23.0,0,Thursday,7,February,Spring
1,2013-02-08,13.41,50,2053,2,5030,COKE,2013,Non Holiday,0,0,26.6,0,Friday,8,February,Spring
1,2013-02-09,13.41,36,2053,2,5030,COKE,2013,Non Holiday,1,0,28.4,0,Saturday,9,February,Spring
1,2013-02-10,13.41,34,2053,2,5030,COKE,2013,Non Holiday,1,0,28.4,0,Sunday,10,February,Spring
1,2013-02-11,13.41,50,2053,2,5030,COKE,2013,Non Holiday,0,0,32.0,0,Monday,11,February,Spring
1,2013-02-12,13.41,44,2053,2,5030,COKE,2013,Non Holiday,0,0,32.0,1,Tuesday,12,February,Spring
1,2013-02-13,13.41,44,2053,2,5030,COKE,2013,Non Holiday,0,0,33.8,1,Wednesday,13,February,Spring
1,2013-02-14,13.41,46,2053,2,5030,COKE,2013,Non Holiday,0,0,30.2,0,Thursday,14,February,Spring
1,2013-02-15,13.41,42,2053,2,5030,COKE,2013,Non Holiday,0,0,32.0,1,Friday,15,February,Spring
1,2013-02-16,13.41,32,2053,2,5030,COKE,2013,Non Holiday,1,0,28.4,0,Saturday,16,February,Spring
1,2013-02-17,13.41,36,2053,2,5030,COKE,2013,Non Holiday,1,0,28.4,0,Sunday,17,February,Spring
1,2013-02-18,13.41,52,2053,2,5030,COKE,2013,Non Holiday,0,0,30.2,0,Monday,18,February,Spring
1,2013-02-19,13.41,42,2053,2,5030,COKE,2013,Non Holiday,0,0,32.0,1,Tuesday,19,February,Spring
1,2013-02-20,13.41,44,2053,2,5030,COKE,2013,Non Holiday,0,0,35.6,1,Wednesday,20,February,Spring
1,2013-02-21,13.41,40,2053,2,5030,COKE,2013,Non Holiday,0,0,33.8,1,Thursday,21,February,Spring
1,2013-02-22,13.41,46,2053,2,5030,COKE,2013,Non Holiday,0,0,35.6,1,Friday,22,February,Spring
1,2013-02-23,13.41,26,2053,2,5030,COKE,2013,Non Holiday,1,0,33.8,1,Saturday,23,February,Spring
1,2013-02-24,13.41,28,2053,2,5030,COKE,2013,Non Holiday,1,0,32.0,1,Sunday,24,February,Spring
1,2013-02-25,13.41,38,2053,2,5030,COKE,2013,Non Holiday,0,0,32.0,1,Monday,25,February,Spring
1,2013-02-26,13.41,42,2053,2,5030,COKE,2013,Non Holiday,0,0,32.0,1,Tuesday,26,February,Spring
1,2013-02-27,13.41,42,2053,2,5030,COKE,2013,Non Holiday,0,0,35.6,1,Wednesday,27,February,Spring
1,2013-02-28,13.41,44,2053,2,5030,COKE,2013,Non Holiday,0,0,35.6,1,Thursday,28,February,Spring
1,2013-03-01,13.13,26,2053,2,5030,COKE,2013,Non Holiday,0,0,39.2,1,Friday,1,March,Spring
1,2013-03-01,13.13,26,2053,2,5030,COKE,2013,Non Holiday,0,0,32.0,1,Friday,1,March,Spring
1,2013-03-01,13.41,40,2053,2,5030,COKE,2013,Non Holiday,0,0,39.2,1,Friday,1,March,Spring
1,2013-03-01,13.41,40,2053,2,5030,COKE,2013,Non Holiday,0,0,32.0,1,Friday,1,March,Spring
1,2013-03-01,13.13,24,2053,2,5030,COKE,2013,Non Holiday,0,0,39.2,1,Friday,1,March,Spring
1,2013-03-01,13.13,24,2053,2,5030,COKE,2013,Non Holiday,0,0,32.0,1,Friday,1,March,Spring
1,2013-03-02,13.41,26,2053,2,5030,COKE,2013,Non Holiday,1,0,35.6,1,Saturday,2,March,Spring
1,2013-03-03,13.41,34,2053,2,5030,COKE,2013,Non Holiday,1,0,33.8,1,Sunday,3,March,Spring
1,2013-03-04,13.41,42,2053,2,5030,COKE,2013,Non Holiday,0,0,35.6,1,Monday,4,March,Spring
1,2013-03-05,13.41,42,2053,2,5030,COKE,2013,Non Holiday,0,0,35.6,1,Tuesday,5,March,Spring
1,2013-03-06,13.41,44,2053,2,5030,COKE,2013,Non Holiday,0,0,39.2,1,Wednesday,6,March,Spring
1,2013-03-07,13.41,44,2053,2,5030,COKE,2013,Non Holiday,0,0,39.2,1,Thursday,7,March,Spring
1,2013-03-08,13.41,44,2053,2,5030,COKE,2013,Non Holiday,0,0,32.0,1,Friday,8,March,Spring
1,2013-03-09,13.41,34,2053,2,5030,COKE,2013,Non Holiday,1,0,33.8,1,Saturday,9,March,Spring
1,2013-03-10,13.41,26,2053,2,5030,COKE,2013,Non Holiday,1,0,33.8,1,Sunday,10,March,Spring
1,2013-03-11,13.41,50,2053,2,5030,COKE,2013,Non Holiday,0,0,32.0,0,Monday,11,March,Spring
1,2013-03-12,13.41,38,2053,2,5030,COKE,2013,Non Holiday,0,0,37.4,1,Tuesday,12,March,Spring
1,2013-03-13,13.41,44,2053,2,5030,COKE,2013,Non Holiday,0,0,42.8,1,Wednesday,13,March,Spring
1,2013-03-14,13.41,40,2053,2,5030,COKE,2013,Non Holiday,0,0,42.8,1,Thursday,14,March,Spring
1,2013-03-15,13.41,38,2053,2,5030,COKE,2013,Non Holiday,0,0,44.6,1,Friday,15,March,Spring
1,2013-03-16,13.41,28,2053,2,5030,COKE,2013,Non Holiday,1,0,48.2,1,Saturday,16,March,Spring
1,2013-03-17,13.41,26,2053,2,5030,COKE,2013,Non Holiday,1,0,42.8,1,Sunday,17,March,Spring
1,2013-03-18,13.41,40,2053,2,5030,COKE,2013,Non Holiday,0,0,35.6,1,Monday,18,March,Spring
1,2013-03-19,13.41,38,2053,2,5030,COKE,2013,Non Holiday,0,0,37.4,1,Tuesday,19,March,Spring
1,2013-03-20,13.41,38,2053,2,5030,COKE,2013,Non Holiday,0,0,44.6,1,Wednesday,20,March,Spring
1,2013-03-21,13.41,40,2053,2,5030,COKE,2013,Non Holiday,0,0,46.4,1,Thursday,21,March,Spring
1,2013-03-22,13.41,40,2053,2,5030,COKE,2013,Non Holiday,0,0,41.0,1,Friday,22,March,Spring
1,2013-03-23,13.41,26,2053,2,5030,COKE,2013,Non Holiday,1,0,44.6,1,Saturday,23,March,Spring
1,2013-03-24,13.41,30,2053,2,5030,COKE,2013,Non Holiday,1,0,44.6,1,Sunday,24,March,Spring
1,2013-03-25,13.41,38,2053,2,5030,COKE,2013,Non Holiday,0,0,46.4,1,Monday,25,March,Spring
1,2013-03-26,13.41,44,2053,2,5030,COKE,2013,Non Holiday,0,0,32.0,1,Tuesday,26,March,Spring
1,2013-03-27,13.41,42,2053,2,5030,COKE,2013,Non Holiday,0,0,55.4,1,Wednesday,27,March,Spring
1,2013-03-28,13.41,46,2053,2,5030,COKE,2013,Non Holiday,0,0,59.0,1,Thursday,28,March,Spring
1,2013-03-29,13.41,40,2053,2,5030,COKE,2013,Non Holiday,0,0,53.6,1,Friday,29,March,Spring
1,2013-03-30,13.41,28,2053,2,5030,COKE,2013,Non Holiday,1,0,46.4,1,Saturday,30,March,Spring
1,2013-03-31,13.41,30,2053,2,5030,COKE,2013,Non Holiday,1,0,48.2,1,Sunday,31,March,Spring
1,2013-04-01,13.41,46,2053,2,5030,COKE,2013,Non Holiday,0,0,46.4,1,Monday,1,April,Spring
1,2013-04-02,13.41,26,2053,2,5030,COKE,2013,Qing Ming Festival,0,0,46.4,1,Tuesday,2,April,Spring
1,2013-04-03,13.41,30,2053,2,5030,COKE,2013,Qing Ming Festival,0,0,51.8,1,Wednesday,3,April,Spring
1,2013-04-04,13.41,30,2053,2,5030,COKE,2013,Qing Ming Festival,0,0,55.4,1,Thursday,4,April,Spring
1,2013-04-05,13.41,44,2053,2,5030,COKE,2013,Non Holiday,0,0,50.0,1,Friday,5,April,Spring
1,2013-04-06,13.41,26,2053,2,5030,COKE,2013,Non Holiday,1,0,55.4,1,Saturday,6,April,Spring
1,2013-04-07,13.41,26,2053,2,5030,COKE,2013,Non Holiday,1,0,62.6,1,Sunday,7,April,Spring
1,2013-04-08,13.41,38,2053,2,5030,COKE,2013,Non Holiday,0,0,59.0,1,Monday,8,April,Spring
1,2013-04-09,13.41,40,2053,2,5030,COKE,2013,Non Holiday,0,0,66.2,1,Tuesday,9,April,Spring
1,2013-04-10,13.41,42,2053,2,5030,COKE,2013,Non Holiday,0,0,59.0,1,Wednesday,10,April,Spring
1,2013-04-11,13.41,40,2053,2,5030,COKE,2013,Non Holiday,0,0,57.2,1,Thursday,11,April,Spring
1,2013-04-12,13.41,44,2053,2,5030,COKE,2013,Non Holiday,0,0,60.8,1,Friday,12,April,Spring
1,2013-04-13,13.41,26,2053,2,5030,COKE,2013,Non Holiday,1,0,64.4,1,Saturday,13,April,Spring
1,2013-04-14,13.41,28,2053,2,5030,COKE,2013,Non Holiday,1,0,69.8,1,Sunday,14,April,Spring
1,2013-04-15,13.41,44,2053,2,5030,COKE,2013,Non Holiday,0,0,64.4,1,Monday,15,April,Spring
1,2013-04-16,13.41,42,2053,2,5030,COKE,2013,Non Holiday,0,0,60.8,1,Tuesday,16,April,Spring
1,2013-04-17,13.41,42,2053,2,5030,COKE,2013,Non Holiday,0,0,69.8,1,Wednesday,17,April,Spring
1,2013-04-18,13.41,42,2053,2,5030,COKE,2013,Non Holiday,0,0,66.2,1,Thursday,18,April,Spring
1,2013-04-19,13.41,44,2053,2,5030,COKE,2013,Non Holiday,0,0,62.6,1,Friday,19,April,Spring
1,2013-04-20,13.41,26,2053,2,5030,COKE,2013,Non Holiday,1,0,62.6,1,Saturday,20,April,Spring
1,2013-04-21,13.41,32,2053,2,5030,COKE,2013,Non Holiday,1,0,57.2,1,Sunday,21,April,Spring
1,2013-04-22,13.41,46,2053,2,5030,COKE,2013,Non Holiday,0,0,32.0,1,Monday,22,April,Spring
1,2013-04-23,13.41,46,2053,2,5030,COKE,2013,Non Holiday,0,0,66.2,1,Tuesday,23,April,Spring
1,2013-04-24,13.41,46,2053,2,5030,COKE,2013,Non Holiday,0,0,59.0,1,Wednesday,24,April,Spring
1,2013-04-25,12.46,42,2053,2,5030,COKE,2013,Non Holiday,0,0,55.4,1,Thursday,25,April,Spring
1,2013-04-26,12.46,44,2053,2,5030,COKE,2013,Non Holiday,0,0,64.4,1,Friday,26,April,Spring
1,2013-04-27,12.46,36,2053,2,5030,COKE,2013,Non Holiday,1,0,62.6,1,Saturday,27,April,Spring
1,2013-04-28,12.46,38,2053,2,5030,COKE,2013,Non Holiday,1,0,60.8,1,Sunday,28,April,Spring
1,2013-04-29,12.46,36,2053,2,5030,COKE,2013,Labor Day,0,0,60.8,1,Monday,29,April,Summer
1,2013-04-30,12.46,34,2053,2,5030,COKE,2013,Labor Day,0,0,68.0,1,Tuesday,30,April,Summer
1,2013-05-01,12.46,30,2053,2,5030,COKE,2013,Labor Day,0,0,64.4,1,Wednesday,1,May,Summer
1,2013-05-02,12.46,44,2053,2,5030,COKE,2013,Non Holiday,0,0,73.4,1,Thursday,2,May,Summer
1,2013-05-03,12.46,46,2053,2,5030,COKE,2013,Non Holiday,0,0,75.2,1,Friday,3,May,Summer
1,2013-05-04,12.46,36,2053,2,5030,COKE,2013,Non Holiday,1,0,75.2,1,Saturday,4,May,Summer
1,2013-05-05,12.46,30,2053,2,5030,COKE,2013,Non Holiday,1,0,73.4,1,Sunday,5,May,Summer
1,2013-05-06,12.46,48,2053,2,5030,COKE,2013,Non Holiday,0,0,75.2,1,Monday,6,May,Summer
1,2013-05-07,12.46,46,2053,2,5030,COKE,2013,Non Holiday,0,0,32.0,1,Tuesday,7,May,Summer
1,2013-05-08,12.46,48,2053,2,5030,COKE,2013,Non Holiday,0,0,73.4,1,Wednesday,8,May,Summer
1,2013-05-09,12.46,50,2053,2,5030,COKE,2013,Non Holiday,0,0,73.4,1,Thursday,9,May,Summer
1,2013-05-10,12.46,48,2053,2,5030,COKE,2013,Non Holiday,0,0,75.2,1,Friday,10,May,Summer
1,2013-05-11,12.46,36,2053,2,5030,COKE,2013,Non Holiday,1,0,66.2,1,Saturday,11,May,Summer
1,2013-05-12,12.46,36,2053,2,5030,COKE,2013,Non Holiday,1,0,64.4,1,Sunday,12,May,Summer
1,2013-05-13,12.46,50,2053,2,5030,COKE,2013,Non Holiday,0,0,68.0,1,Monday,13,May,Summer
1,2013-05-14,12.46,50,2053,2,5030,COKE,2013,Non Holiday,0,0,66.2,1,Tuesday,14,May,Summer
1,2013-05-15,12.46,42,2053,2,5030,COKE,2013,Non Holiday,0,0,68.0,1,Wednesday,15,May,Summer
1,2013-05-16,12.46,50,2053,2,5030,COKE,2013,Non Holiday,0,0,69.8,1,Thursday,16,May,Summer
1,2013-05-17,12.46,48,2053,2,5030,COKE,2013,Non Holiday,0,0,73.4,1,Friday,17,May,Summer
1,2013-05-18,12.46,30,2053,2,5030,COKE,2013,Non Holiday,1,0,77.0,1,Saturday,18,May,Summer
1,2013-05-19,12.46,36,2053,2,5030,COKE,2013,Non Holiday,1,0,75.2,1,Sunday,19,May,Summer
1,2013-05-20,12.46,50,2053,2,5030,COKE,2013,Non Holiday,0,0,71.6,1,Monday,20,May,Summer
1,2013-05-21,12.46,46,2053,2,5030,COKE,2013,Non Holiday,0,0,75.2,1,Tuesday,21,May,Summer
1,2013-05-22,12.46,48,2053,2,5030,COKE,2013,Non Holiday,0,0,71.6,1,Wednesday,22,May,Summer
1,2013-05-23,12.46,50,2053,2,5030,COKE,2013,Non Holiday,0,0,73.4,1,Thursday,23,May,Summer
1,2013-05-24,12.46,42,2053,2,5030,COKE,2013,Non Holiday,0,0,71.6,1,Friday,24,May,Summer
1,2013-05-25,12.46,30,2053,2,5030,COKE,2013,Non Holiday,1,0,69.8,1,Saturday,25,May,Summer
1,2013-05-26,12.46,34,2053,2,5030,COKE,2013,Non Holiday,1,0,78.8,1,Sunday,26,May,Summer
1,2013-05-27,12.46,50,2053,2,5030,COKE,2013,Non Holiday,0,0,80.6,1,Monday,27,May,Summer
1,2013-05-28,12.46,48,2053,2,5030,COKE,2013,Non Holiday,0,0,80.6,1,Tuesday,28,May,Summer
1,2013-05-29,12.46,50,2053,2,5030,COKE,2013,Non Holiday,0,0,69.8,1,Wednesday,29,May,Summer
1,2013-05-30,12.46,50,2053,2,5030,COKE,2013,Non Holiday,0,0,68.0,1,Thursday,30,May,Summer
1,2013-05-31,12.46,42,2053,2,5030,COKE,2013,Non Holiday,0,0,71.6,1,Friday,31,May,Summer
1,2013-06-01,12.46,36,2053,2,5030,COKE,2013,Non Holiday,1,0,68.0,1,Saturday,1,June,Summer
1,2013-06-02,12.46,30,2053,2,5030,COKE,2013,Non Holiday,1,0,71.6,1,Sunday,2,June,Summer
1,2013-06-03,12.46,46,2053,2,5030,COKE,2013,Non Holiday,0,0,68.0,1,Monday,3,June,Summer
1,2013-06-04,12.46,48,2053,2,5030,COKE,2013,Non Holiday,0,0,77.0,1,Tuesday,4,June,Summer
1,2013-06-05,12.46,48,2053,2,5030,COKE,2013,Non Holiday,0,0,78.8,1,Wednesday,5,June,Summer
1,2013-06-06,12.46,42,2053,2,5030,COKE,2013,Non Holiday,0,0,77.0,1,Thursday,6,June,Summer
1,2013-06-07,12.46,50,2053,2,5030,COKE,2013,Non Holiday,0,1,78.8,1,Friday,7,June,Summer
1,2013-06-08,12.46,32,2053,2,5030,COKE,2013,Non Holiday,1,1,80.6,1,Saturday,8,June,Summer
1,2013-06-09,12.46,30,2053,2,5030,COKE,2013,Non Holiday,1,0,77.0,1,Sunday,9,June,Summer
1,2013-06-10,12.46,42,2053,2,5030,COKE,2013,Non Holiday,0,0,71.6,1,Monday,10,June,Summer
1,2013-06-11,12.46,50,2053,2,5030,COKE,2013,Non Holiday,0,0,77.0,1,Tuesday,11,June,Summer
1,2013-06-12,12.46,48,2053,2,5030,COKE,2013,Non Holiday,0,0,73.4,1,Wednesday,12,June,Summer
1,2013-06-13,12.46,42,2053,2,5030,COKE,2013,Non Holiday,0,0,69.8,1,Thursday,13,June,Summer
1,2012-01-01,12.6,30,2053,2,3052,COFFEE,2012,New Year,1,0,24.8,0,Sunday,1,January,Winter
1,2012-01-02,12.6,34,2053,2,3052,COFFEE,2012,New Year,0,0,24.8,0,Monday,2,January,Winter
1,2012-01-03,12.6,28,2053,2,3052,COFFEE,2012,New Year,0,0,32.0,1,Tuesday,3,January,Winter
1,2012-01-04,12.6,42,2053,2,3052,COFFEE,2012,Non Holiday,0,0,32.0,1,Wednesday,4,January,Winter
1,2012-01-05,12.6,58,2053,2,3052,COFFEE,2012,Non Holiday,0,0,24.8,0,Thursday,5,January,Winter
1,2012-01-06,12.6,54,2053,2,3052,COFFEE,2012,Non Holiday,0,0,23.0,0,Friday,6,January,Winter
1,2012-01-07,12.6,42,2053,2,3052,COFFEE,2012,Non Holiday,1,0,26.6,0,Saturday,7,January,Winter
1,2012-01-08,12.6,42,2053,2,3052,COFFEE,2012,Non Holiday,1,0,26.6,0,Sunday,8,January,Winter
1,2012-01-09,12.6,54,2053,2,3052,COFFEE,2012,Non Holiday,0,0,23.0,0,Monday,9,January,Winter
1,2012-01-10,12.6,58,2053,2,3052,COFFEE,2012,Non Holiday,0,0,24.8,0,Tuesday,10,January,Winter
1,2012-01-11,12.6,52,2053,2,3052,COFFEE,2012,Non Holiday,0,0,21.2,0,Wednesday,11,January,Winter
1,2012-01-12,12.6,60,2053,2,3052,COFFEE,2012,Non Holiday,0,0,24.8,0,Thursday,12,January,Winter
1,2012-01-13,12.6,58,2053,2,3052,COFFEE,2012,Non Holiday,0,0,26.6,0,Friday,13,January,Winter
1,2012-01-14,12.6,42,2053,2,3052,COFFEE,2012,Non Holiday,1,0,23.0,0,Saturday,14,January,Winter
1,2012-01-15,12.6,32,2053,2,3052,COFFEE,2012,Non Holiday,1,0,32.0,1,Sunday,15,January,Winter
1,2012-01-16,12.6,56,2053,2,3052,COFFEE,2012,Non Holiday,0,0,23.0,0,Monday,16,January,Winter
1,2012-01-17,12.6,54,2053,2,3052,COFFEE,2012,Non Holiday,0,0,23.0,0,Tuesday,17,January,Winter
1,2012-01-18,12.6,58,2053,2,3052,COFFEE,2012,Non Holiday,0,0,23.0,0,Wednesday,18,January,Winter
1,2012-01-19,12.6,54,2053,2,3052,COFFEE,2012,Non Holiday,0,0,24.8,0,Thursday,19,January,Winter
1,2012-01-20,12.6,58,2053,2,3052,COFFEE,2012,Non Holiday,0,0,26.6,0,Friday,20,January,Winter
1,2012-01-21,12.6,40,2053,2,3052,COFFEE,2012,Non Holiday,1,0,26.6,0,Saturday,21,January,Winter
1,2012-01-22,12.6,34,2053,2,3052,COFFEE,2012,Non Holiday,1,0,24.8,0,Sunday,22,January,Winter
1,2012-01-23,12.6,52,2053,2,3052,COFFEE,2012,Non Holiday,0,0,23.0,0,Monday,23,January,Winter
1,2012-01-24,12.6,56,2053,2,3052,COFFEE,2012,Non Holiday,0,0,24.8,0,Tuesday,24,January,Winter
1,2012-01-25,12.6,60,2053,2,3052,COFFEE,2012,Non Holiday,0,0,23.0,0,Wednesday,25,January,Winter
1,2012-01-26,12.6,52,2053,2,3052,COFFEE,2012,Non Holiday,0,0,24.8,0,Thursday,26,January,Winter
1,2012-01-27,12.6,46,2053,2,3052,COFFEE,2012,Non Holiday,0,0,32.0,1,Friday,27,January,Winter
1,2012-01-28,12.6,34,2053,2,3052,COFFEE,2012,Non Holiday,1,0,32.0,1,Saturday,28,January,Winter
1,2012-01-29,12.6,38,2053,2,3052,COFFEE,2012,Non Holiday,1,0,23.0,0,Sunday,29,January,Winter
1,2012-01-30,12.6,52,2053,2,3052,COFFEE,2012,Non Holiday,0,0,28.4,0,Monday,30,January,Winter
1,2012-01-31,12.6,42,2053,2,3052,COFFEE,2012,Non Holiday,0,0,32.0,1,Tuesday,31,January,Winter
1,2012-02-01,12.6,48,2053,2,3052,COFFEE,2012,Non Holiday,0,0,32.0,1,Wednesday,1,February,Spring
1,2012-02-02,12.6,34,2053,2,3052,COFFEE,2012,Luner New Year,0,0,32.0,1,Thursday,2,February,Spring
1,2012-02-03,12.6,32,2053,2,3052,COFFEE,2012,Luner New Year,0,0,32.0,1,Friday,3,February,Spring
1,2012-02-04,12.6,20,2053,2,3052,COFFEE,2012,Luner New Year,1,0,32.0,1,Saturday,4,February,Spring
1,2012-02-05,12.6,28,2053,2,3052,COFFEE,2012,Luner New Year,1,0,32.0,1,Sunday,5,February,Spring
1,2012-02-06,12.6,32,2053,2,3052,COFFEE,2012,Luner New Year,0,0,32.0,1,Monday,6,February,Spring
1,2012-02-07,12.6,30,2053,2,3052,COFFEE,2012,Luner New Year,0,0,32.0,1,Tuesday,7,February,Spring
1,2012-02-08,12.6,30,2053,2,3052,COFFEE,2012,Luner New Year,0,0,32.0,1,Wednesday,8,February,Spring
1,2012-02-09,12.6,42,2053,2,3052,COFFEE,2012,Non Holiday,0,0,32.0,1,Thursday,9,February,Spring
1,2012-02-10,12.6,44,2053,2,3052,COFFEE,2012,Non Holiday,0,0,32.0,1,Friday,10,February,Spring
1,2012-02-11,12.6,40,2053,2,3052,COFFEE,2012,Non Holiday,1,0,24.8,0,Saturday,11,February,Spring
1,2012-02-12,12.6,34,2053,2,3052,COFFEE,2012,Non Holiday,1,0,24.8,0,Sunday,12,February,Spring
1,2012-02-13,12.6,46,2053,2,3052,COFFEE,2012,Non Holiday,0,0,32.0,1,Monday,13,February,Spring
1,2012-02-14,12.6,44,2053,2,3052,COFFEE,2012,Non Holiday,0,0,32.0,1,Tuesday,14,February,Spring
1,2012-02-15,12.6,48,2053,2,3052,COFFEE,2012,Non Holiday,0,0,32.0,1,Wednesday,15,February,Spring
1,2012-02-16,12.6,42,2053,2,3052,COFFEE,2012,Non Holiday,0,0,32.0,1,Thursday,16,February,Spring
1,2012-02-17,12.6,42,2053,2,3052,COFFEE,2012,Non Holiday,0,0,32.0,1,Friday,17,February,Spring
1,2012-02-18,12.6,30,2053,2,3052,COFFEE,2012,Non Holiday,1,0,32.0,1,Saturday,18,February,Spring
1,2012-02-19,12.6,28,2053,2,3052,COFFEE,2012,Non Holiday,1,0,37.4,1,Sunday,19,February,Spring
1,2012-02-20,12.6,44,2053,2,3052,COFFEE,2012,Non Holiday,0,0,37.4,1,Monday,20,February,Spring
1,2012-02-21,12.6,44,2053,2,3052,COFFEE,2012,Non Holiday,0,0,39.2,1,Tuesday,21,February,Spring
1,2012-02-22,12.6,44,2053,2,3052,COFFEE,2012,Non Holiday,0,0,39.2,1,Wednesday,22,February,Spring
1,2012-02-23,12.6,46,2053,2,3052,COFFEE,2012,Non Holiday,0,0,42.8,1,Thursday,23,February,Spring
1,2012-02-24,12.6,46,2053,2,3052,COFFEE,2012,Non Holiday,0,0,39.2,1,Friday,24,February,Spring
1,2012-02-25,12.6,36,2053,2,3052,COFFEE,2012,Non Holiday,1,0,37.4,1,Saturday,25,February,Spring
1,2012-02-26,12.6,30,2053,2,3052,COFFEE,2012,Non Holiday,1,0,32.0,1,Sunday,26,February,Spring
1,2012-02-27,12.6,50,2053,2,3052,COFFEE,2012,Non Holiday,0,0,30.2,1,Monday,27,February,Spring
1,2012-02-28,12.6,42,2053,2,3052,COFFEE,2012,Non Holiday,0,0,33.8,1,Tuesday,28,February,Spring
1,2012-03-01,12.6,50,2053,2,3052,COFFEE,2012,Non Holiday,0,0,33.8,1,Thursday,1,March,Spring
1,2012-03-02,12.6,46,2053,2,3052,COFFEE,2012,Non Holiday,0,0,35.6,1,Friday,2,March,Spring
